------------------------------------------------------------------------------------------------------------------------

[2026-05-05 01:00:55 #1 store] 
Database 'C:\Users\ikerr\Downloads\ParteUnai\Market26\src\main\resources\products.temp' has been recovered (tr. 15-21)

[2026-05-05 01:00:55 #2 store] 
Database 'C:\Users\ikerr\Downloads\ParteUnai\Market26\src\main\resources\products.temp' is opened by 20920@LAPTOP-LTTIHKL6

[2026-05-05 01:00:55 #3 type] 
Type domain.Usuario is not enhanced.

[2026-05-05 01:00:55 #4 type] 
Type domain.Seller is not enhanced.

[2026-05-05 01:00:55 #5 type] 
Type domain.Comentario is not enhanced.

[2026-05-05 01:00:55 #6 type] 
Type domain.Reporte is not enhanced.

[2026-05-05 01:00:55 #7 type] 
Type domain.Sale is not enhanced.

[2026-05-05 01:00:55 #8 type] 
Type domain.Comprador is not enhanced.

[2026-05-05 01:00:55 #9 type] 
Type domain.Contraoferta is not enhanced.

------------------------------------------------------------------------------------------------------------------------

[2026-05-05 01:01:37 #1 store] 
Database 'C:\Users\ikerr\Downloads\ParteUnai\Market26\src\main\resources\products.temp' is opened by 15248@LAPTOP-LTTIHKL6

[2026-05-05 01:01:37 #2 type] 
Type domain.Usuario is not enhanced.

[2026-05-05 01:01:37 #3 type] 
Type domain.Seller is not enhanced.

[2026-05-05 01:01:37 #4 type] 
Type domain.Comentario is not enhanced.

[2026-05-05 01:01:37 #5 type] 
Type domain.Reporte is not enhanced.

[2026-05-05 01:01:37 #6 type] 
Type domain.Sale is not enhanced.

[2026-05-05 01:01:37 #7 type] 
Type domain.Comprador is not enhanced.

[2026-05-05 01:01:37 #8 type] 
Type domain.Contraoferta is not enhanced.

------------------------------------------------------------------------------------------------------------------------

[2026-05-05 01:10:54 #1 store] 
Database 'C:\Users\ikerr\Downloads\ParteUnai\Market26\src\main\resources\products.temp' is opened by 23296@LAPTOP-LTTIHKL6

[2026-05-05 01:10:55 #2 type] 
Type domain.Usuario is not enhanced.

[2026-05-05 01:10:55 #3 type] 
Type domain.Seller is not enhanced.

[2026-05-05 01:10:55 #4 type] 
Type domain.Comentario is not enhanced.

[2026-05-05 01:10:55 #5 type] 
Type domain.Reporte is not enhanced.

[2026-05-05 01:10:55 #6 type] 
Type domain.Sale is not enhanced.

[2026-05-05 01:10:55 #7 type] 
Type domain.Comprador is not enhanced.

[2026-05-05 01:10:55 #8 type] 
Type domain.Contraoferta is not enhanced.

------------------------------------------------------------------------------------------------------------------------

[2026-05-05 01:21:44 #1 store] 
Database 'C:\Users\ikerr\Downloads\ParteUnai\Market26\src\main\resources\products.temp' is opened by 16040@LAPTOP-LTTIHKL6

[2026-05-05 01:21:44 #2 type] 
Type domain.Usuario is not enhanced.

[2026-05-05 01:21:44 #3 type] 
Type domain.Seller is not enhanced.

[2026-05-05 01:21:44 #4 type] 
Type domain.Comentario is not enhanced.

[2026-05-05 01:21:44 #5 type] 
Type domain.Reporte is not enhanced.

[2026-05-05 01:21:44 #6 type] 
Type domain.Sale is not enhanced.

[2026-05-05 01:21:44 #7 type] 
Type domain.Comprador is not enhanced.

[2026-05-05 01:21:44 #8 type] 
Type domain.Contraoferta is not enhanced.

------------------------------------------------------------------------------------------------------------------------

[2026-05-05 01:23:22 #1 store] 
Database 'C:\Users\ikerr\Downloads\ParteUnai\Market26\src\main\resources\products.temp' is opened by 20192@LAPTOP-LTTIHKL6

[2026-05-05 01:23:22 #2 type] 
Type domain.Usuario is not enhanced.

[2026-05-05 01:23:22 #3 type] 
Type domain.Seller is not enhanced.

[2026-05-05 01:23:22 #4 type] 
Type domain.Comentario is not enhanced.

[2026-05-05 01:23:22 #5 type] 
Type domain.Reporte is not enhanced.

[2026-05-05 01:23:22 #6 type] 
Type domain.Sale is not enhanced.

[2026-05-05 01:23:22 #7 type] 
Type domain.Comprador is not enhanced.

[2026-05-05 01:23:22 #8 type] 
Type domain.Contraoferta is not enhanced.

------------------------------------------------------------------------------------------------------------------------

[2026-05-05 01:24:51 #1 store] 
Database 'C:\Users\ikerr\Downloads\ParteUnai\Market26\src\main\resources\products.temp' is opened by 23944@LAPTOP-LTTIHKL6

[2026-05-05 01:24:51 #2 type] 
Type domain.Usuario is not enhanced.

[2026-05-05 01:24:51 #3 type] 
Type domain.Seller is not enhanced.

[2026-05-05 01:24:51 #4 type] 
Type domain.Comentario is not enhanced.

[2026-05-05 01:24:51 #5 type] 
Type domain.Reporte is not enhanced.

[2026-05-05 01:24:51 #6 type] 
Type domain.Sale is not enhanced.

[2026-05-05 01:24:51 #7 type] 
Type domain.Comprador is not enhanced.

[2026-05-05 01:24:51 #8 type] 
Type domain.Contraoferta is not enhanced.

------------------------------------------------------------------------------------------------------------------------

[2026-05-05 01:25:15 #1 store] 
Database 'C:\Users\ikerr\Downloads\ParteUnai\Market26\src\main\resources\products.temp' is opened by 19864@LAPTOP-LTTIHKL6

[2026-05-05 01:25:16 #2 type] 
Type domain.Usuario is not enhanced.

[2026-05-05 01:25:16 #3 type] 
Type domain.Seller is not enhanced.

[2026-05-05 01:25:16 #4 type] 
Type domain.Comentario is not enhanced.

[2026-05-05 01:25:16 #5 type] 
Type domain.Reporte is not enhanced.

[2026-05-05 01:25:16 #6 type] 
Type domain.Sale is not enhanced.

[2026-05-05 01:25:16 #7 type] 
Type domain.Comprador is not enhanced.

[2026-05-05 01:25:16 #8 type] 
Type domain.Contraoferta is not enhanced.

------------------------------------------------------------------------------------------------------------------------

[2026-05-05 01:25:44 #1 store] 
Database 'C:\Users\ikerr\Downloads\ParteUnai\Market26\src\main\resources\products.temp' is opened by 9900@LAPTOP-LTTIHKL6

[2026-05-05 01:25:44 #2 type] 
Type domain.Usuario is not enhanced.

[2026-05-05 01:25:44 #3 type] 
Type domain.Seller is not enhanced.

[2026-05-05 01:25:44 #4 type] 
Type domain.Comentario is not enhanced.

[2026-05-05 01:25:44 #5 type] 
Type domain.Reporte is not enhanced.

[2026-05-05 01:25:44 #6 type] 
Type domain.Sale is not enhanced.

[2026-05-05 01:25:44 #7 type] 
Type domain.Comprador is not enhanced.

[2026-05-05 01:25:44 #8 type] 
Type domain.Contraoferta is not enhanced.

------------------------------------------------------------------------------------------------------------------------

[2026-05-05 01:27:42 #1 store] 
Database 'C:\Users\ikerr\Downloads\ParteUnai\Market26\src\main\resources\products.temp' is opened by 17404@LAPTOP-LTTIHKL6

[2026-05-05 01:27:42 #2 type] 
Type domain.Usuario is not enhanced.

[2026-05-05 01:27:42 #3 type] 
Type domain.Seller is not enhanced.

[2026-05-05 01:27:42 #4 type] 
Type domain.Comentario is not enhanced.

[2026-05-05 01:27:42 #5 type] 
Type domain.Reporte is not enhanced.

[2026-05-05 01:27:42 #6 type] 
Type domain.Sale is not enhanced.

[2026-05-05 01:27:42 #7 type] 
Type domain.Comprador is not enhanced.

[2026-05-05 01:27:42 #8 type] 
Type domain.Contraoferta is not enhanced.

------------------------------------------------------------------------------------------------------------------------

[2026-05-05 01:28:15 #1 store] 
Database 'C:\Users\ikerr\Downloads\ParteUnai\Market26\src\main\resources\products.temp' is opened by 24348@LAPTOP-LTTIHKL6

[2026-05-05 01:28:15 #2 type] 
Type domain.Usuario is not enhanced.

[2026-05-05 01:28:15 #3 type] 
Type domain.Seller is not enhanced.

[2026-05-05 01:28:15 #4 type] 
Type domain.Comentario is not enhanced.

[2026-05-05 01:28:15 #5 type] 
Type domain.Reporte is not enhanced.

[2026-05-05 01:28:15 #6 type] 
Type domain.Sale is not enhanced.

[2026-05-05 01:28:15 #7 type] 
Type domain.Comprador is not enhanced.

[2026-05-05 01:28:15 #8 type] 
Type domain.Contraoferta is not enhanced.

------------------------------------------------------------------------------------------------------------------------

[2026-05-05 01:33:06 #1 store] 
Database 'C:\Users\ikerr\Downloads\ParteUnai\Market26\src\main\resources\products.temp' is opened by 17404@LAPTOP-LTTIHKL6

[2026-05-05 01:33:06 #2 type] 
Type domain.Usuario is not enhanced.

[2026-05-05 01:33:06 #3 type] 
Type domain.Seller is not enhanced.

[2026-05-05 01:33:06 #4 type] 
Type domain.Comentario is not enhanced.

[2026-05-05 01:33:06 #5 type] 
Type domain.Reporte is not enhanced.

[2026-05-05 01:33:06 #6 type] 
Type domain.Sale is not enhanced.

[2026-05-05 01:33:06 #7 type] 
Type domain.Comprador is not enhanced.

[2026-05-05 01:33:06 #8 type] 
Type domain.Contraoferta is not enhanced.

------------------------------------------------------------------------------------------------------------------------

[2026-05-05 01:34:18 #1 store] 
Database 'C:\Users\ikerr\Downloads\ParteUnai\Market26\src\main\resources\products.temp' is opened by 23764@LAPTOP-LTTIHKL6

[2026-05-05 01:34:18 #2 type] 
Type domain.Usuario is not enhanced.

[2026-05-05 01:34:18 #3 type] 
Type domain.Seller is not enhanced.

[2026-05-05 01:34:18 #4 type] 
Type domain.Comentario is not enhanced.

[2026-05-05 01:34:19 #5 type] 
Type domain.Reporte is not enhanced.

[2026-05-05 01:34:19 #6 type] 
Type domain.Sale is not enhanced.

[2026-05-05 01:34:19 #7 type] 
Type domain.Comprador is not enhanced.

[2026-05-05 01:34:19 #8 type] 
Type domain.Contraoferta is not enhanced.

------------------------------------------------------------------------------------------------------------------------

[2026-05-05 01:37:53 #1 store] 
Database 'C:\Users\ikerr\Downloads\ParteUnai\Market26\src\main\resources\products.temp' is opened by 2772@LAPTOP-LTTIHKL6

[2026-05-05 01:37:53 #2 type] 
Type domain.Usuario is not enhanced.

[2026-05-05 01:37:53 #3 type] 
Type domain.Seller is not enhanced.

[2026-05-05 01:37:53 #4 type] 
Type domain.Comentario is not enhanced.

[2026-05-05 01:37:53 #5 type] 
Type domain.Reporte is not enhanced.

[2026-05-05 01:37:53 #6 type] 
Type domain.Sale is not enhanced.

[2026-05-05 01:37:53 #7 type] 
Type domain.Comprador is not enhanced.

[2026-05-05 01:37:53 #8 type] 
Type domain.Contraoferta is not enhanced.

------------------------------------------------------------------------------------------------------------------------

[2026-05-05 01:49:43 #1 store] 
Database 'C:\Users\ikerr\Downloads\ParteUnai\Market26\src\main\resources\products.temp' is opened by 10560@LAPTOP-LTTIHKL6

[2026-05-05 01:49:43 #2 type] 
Type domain.Usuario is not enhanced.

[2026-05-05 01:49:43 #3 type] 
Type domain.Seller is not enhanced.

[2026-05-05 01:49:43 #4 type] 
Type domain.Comentario is not enhanced.

[2026-05-05 01:49:43 #5 type] 
Type domain.Reporte is not enhanced.

[2026-05-05 01:49:43 #6 type] 
Type domain.Sale is not enhanced.

[2026-05-05 01:49:43 #7 type] 
Type domain.Comprador is not enhanced.

[2026-05-05 01:49:43 #8 type] 
Type domain.Contraoferta is not enhanced.

------------------------------------------------------------------------------------------------------------------------

[2026-05-05 01:50:41 #1 store] 
Database 'C:\Users\ikerr\Downloads\ParteUnai\Market26\src\main\resources\products.temp' is opened by 14116@LAPTOP-LTTIHKL6

[2026-05-05 01:50:42 #2 type] 
Type domain.Usuario is not enhanced.

[2026-05-05 01:50:42 #3 type] 
Type domain.Seller is not enhanced.

[2026-05-05 01:50:42 #4 type] 
Type domain.Comentario is not enhanced.

[2026-05-05 01:50:42 #5 type] 
Type domain.Reporte is not enhanced.

[2026-05-05 01:50:42 #6 type] 
Type domain.Sale is not enhanced.

[2026-05-05 01:50:42 #7 type] 
Type domain.Comprador is not enhanced.

[2026-05-05 01:50:42 #8 type] 
Type domain.Contraoferta is not enhanced.

------------------------------------------------------------------------------------------------------------------------

[2026-05-05 01:51:11 #1 store] 
Database 'C:\Users\ikerr\Downloads\ParteUnai\Market26\src\main\resources\products.temp' is opened by 23820@LAPTOP-LTTIHKL6

[2026-05-05 01:51:11 #2 type.registry] 
New type domain.Usuario

[2026-05-05 01:51:11 #3 type.registry] 
New type domain.Seller

[2026-05-05 01:51:11 #4 type] 
Type domain.Usuario is not enhanced.

[2026-05-05 01:51:11 #5 type.registry] 
New type domain.Comentario

[2026-05-05 01:51:11 #6 type.registry] 
New type domain.Reporte

[2026-05-05 01:51:11 #7 type] 
Type domain.Seller is not enhanced.

[2026-05-05 01:51:11 #8 type.registry] 
New type domain.Sale

[2026-05-05 01:51:11 #9 type] 
Type domain.Comentario is not enhanced.

[2026-05-05 01:51:11 #10 type.registry] 
New type domain.Comprador

[2026-05-05 01:51:11 #11 type] 
Type domain.Reporte is not enhanced.

[2026-05-05 01:51:11 #12 type] 
Type domain.Sale is not enhanced.

[2026-05-05 01:51:11 #13 type] 
Type domain.Comprador is not enhanced.

[2026-05-05 01:51:12 #14 type.registry] 
New type java.util.ArrayList<java.lang.Object>

[2026-05-05 01:51:12 #15 type.registry] 
New type java.util.ArrayList<domain.Reporte>

[2026-05-05 01:51:12 #16 type.registry] 
New type java.util.ArrayList<domain.Comentario>

[2026-05-05 01:51:12 #17 type.registry] 
New type java.util.ArrayList<domain.Sale>

------------------------------------------------------------------------------------------------------------------------

[2026-05-05 01:53:44 #1 store] 
Database 'C:\Users\ikerr\Downloads\ParteUnai\Market26\src\main\resources\products.temp' is opened by 1988@LAPTOP-LTTIHKL6

[2026-05-05 01:53:44 #2 type.registry] 
New type domain.Usuario

[2026-05-05 01:53:44 #3 type.registry] 
New type domain.Seller

[2026-05-05 01:53:44 #4 type] 
Type domain.Usuario is not enhanced.

[2026-05-05 01:53:44 #5 type.registry] 
New type domain.Comentario

[2026-05-05 01:53:44 #6 type.registry] 
New type domain.Reporte

[2026-05-05 01:53:44 #7 type] 
Type domain.Seller is not enhanced.

[2026-05-05 01:53:44 #8 type.registry] 
New type domain.Sale

[2026-05-05 01:53:44 #9 type] 
Type domain.Comentario is not enhanced.

[2026-05-05 01:53:44 #10 type.registry] 
New type domain.Comprador

[2026-05-05 01:53:44 #11 type] 
Type domain.Reporte is not enhanced.

[2026-05-05 01:53:44 #12 type] 
Type domain.Sale is not enhanced.

[2026-05-05 01:53:44 #13 type] 
Type domain.Comprador is not enhanced.

[2026-05-05 01:53:44 #14 type.registry] 
New type java.util.ArrayList<java.lang.Object>

[2026-05-05 01:53:44 #15 type.registry] 
New type java.util.ArrayList<domain.Reporte>

[2026-05-05 01:53:44 #16 type.registry] 
New type java.util.ArrayList<domain.Comentario>

[2026-05-05 01:53:44 #17 type.registry] 
New type java.util.ArrayList<domain.Sale>

------------------------------------------------------------------------------------------------------------------------

[2026-05-05 01:55:37 #1 store] 
Database 'C:\Users\ikerr\Downloads\ParteUnai\Market26\src\main\resources\products.temp' is opened by 8816@LAPTOP-LTTIHKL6

[2026-05-05 01:55:37 #2 type.registry] 
New type domain.Usuario

[2026-05-05 01:55:37 #3 type.registry] 
New type domain.Seller

[2026-05-05 01:55:37 #4 type] 
Type domain.Usuario is not enhanced.

[2026-05-05 01:55:37 #5 type.registry] 
New type domain.Comentario

[2026-05-05 01:55:37 #6 type.registry] 
New type domain.Reporte

[2026-05-05 01:55:37 #7 type] 
Type domain.Seller is not enhanced.

[2026-05-05 01:55:37 #8 type.registry] 
New type domain.Sale

[2026-05-05 01:55:37 #9 type] 
Type domain.Comentario is not enhanced.

[2026-05-05 01:55:37 #10 type.registry] 
New type domain.Comprador

[2026-05-05 01:55:37 #11 type] 
Type domain.Reporte is not enhanced.

[2026-05-05 01:55:37 #12 type] 
Type domain.Sale is not enhanced.

[2026-05-05 01:55:37 #13 type] 
Type domain.Comprador is not enhanced.

[2026-05-05 01:55:37 #14 type.registry] 
New type java.util.ArrayList<java.lang.Object>

[2026-05-05 01:55:37 #15 type.registry] 
New type java.util.ArrayList<domain.Reporte>

[2026-05-05 01:55:37 #16 type.registry] 
New type java.util.ArrayList<domain.Comentario>

[2026-05-05 01:55:37 #17 type.registry] 
New type java.util.ArrayList<domain.Sale>

------------------------------------------------------------------------------------------------------------------------

[2026-05-05 01:58:20 #1 store] 
Database 'C:\Users\ikerr\Downloads\ParteUnai\Market26\src\main\resources\products.temp' is opened by 16284@LAPTOP-LTTIHKL6

[2026-05-05 01:58:20 #2 type.registry] 
New type domain.Usuario

[2026-05-05 01:58:20 #3 type.registry] 
New type domain.Seller

[2026-05-05 01:58:20 #4 type] 
Type domain.Usuario is not enhanced.

[2026-05-05 01:58:20 #5 type.registry] 
New type domain.Comentario

[2026-05-05 01:58:20 #6 type.registry] 
New type domain.Reporte

[2026-05-05 01:58:20 #7 type] 
Type domain.Seller is not enhanced.

[2026-05-05 01:58:20 #8 type.registry] 
New type domain.Sale

[2026-05-05 01:58:20 #9 type] 
Type domain.Comentario is not enhanced.

[2026-05-05 01:58:20 #10 type.registry] 
New type domain.Comprador

[2026-05-05 01:58:20 #11 type] 
Type domain.Reporte is not enhanced.

[2026-05-05 01:58:20 #12 type] 
Type domain.Sale is not enhanced.

[2026-05-05 01:58:20 #13 type] 
Type domain.Comprador is not enhanced.

[2026-05-05 01:58:20 #14 type.registry] 
New type java.util.ArrayList<java.lang.Object>

[2026-05-05 01:58:20 #15 type.registry] 
New type java.util.ArrayList<domain.Reporte>

[2026-05-05 01:58:20 #16 type.registry] 
New type java.util.ArrayList<domain.Comentario>

[2026-05-05 01:58:20 #17 type.registry] 
New type java.util.ArrayList<domain.Sale>

------------------------------------------------------------------------------------------------------------------------

[2026-05-05 02:03:40 #1 store] 
Database 'C:\Users\ikerr\Downloads\ParteUnai\Market26\src\main\resources\products.temp' is opened by 19004@LAPTOP-LTTIHKL6

[2026-05-05 02:03:40 #2 type.registry] 
New type domain.Usuario

[2026-05-05 02:03:40 #3 type.registry] 
New type domain.Seller

[2026-05-05 02:03:40 #4 type] 
Type domain.Usuario is not enhanced.

[2026-05-05 02:03:40 #5 type.registry] 
New type domain.Comentario

[2026-05-05 02:03:40 #6 type.registry] 
New type domain.Reporte

[2026-05-05 02:03:40 #7 type] 
Type domain.Seller is not enhanced.

[2026-05-05 02:03:40 #8 type.registry] 
New type domain.Sale

[2026-05-05 02:03:40 #9 type] 
Type domain.Comentario is not enhanced.

[2026-05-05 02:03:40 #10 type.registry] 
New type domain.Comprador

[2026-05-05 02:03:40 #11 type] 
Type domain.Reporte is not enhanced.

[2026-05-05 02:03:40 #12 type] 
Type domain.Sale is not enhanced.

[2026-05-05 02:03:40 #13 type] 
Type domain.Comprador is not enhanced.

[2026-05-05 02:03:40 #14 type.registry] 
New type java.util.ArrayList<java.lang.Object>

[2026-05-05 02:03:40 #15 type.registry] 
New type java.util.ArrayList<domain.Reporte>

[2026-05-05 02:03:40 #16 type.registry] 
New type java.util.ArrayList<domain.Comentario>

[2026-05-05 02:03:40 #17 type.registry] 
New type java.util.ArrayList<domain.Sale>

------------------------------------------------------------------------------------------------------------------------

[2026-05-05 02:10:23 #1 store] 
Database 'C:\Users\ikerr\Downloads\ParteUnai\Market26\src\main\resources\products.temp' is opened by 20148@LAPTOP-LTTIHKL6

[2026-05-05 02:10:23 #2 type.registry] 
New type domain.Usuario

[2026-05-05 02:10:23 #3 type.registry] 
New type domain.Seller

[2026-05-05 02:10:23 #4 type] 
Type domain.Usuario is not enhanced.

[2026-05-05 02:10:23 #5 type.registry] 
New type domain.Comentario

[2026-05-05 02:10:23 #6 type.registry] 
New type domain.Reporte

[2026-05-05 02:10:23 #7 type] 
Type domain.Seller is not enhanced.

[2026-05-05 02:10:23 #8 type.registry] 
New type domain.Sale

[2026-05-05 02:10:23 #9 type] 
Type domain.Comentario is not enhanced.

[2026-05-05 02:10:23 #10 type.registry] 
New type domain.Comprador

[2026-05-05 02:10:23 #11 type] 
Type domain.Reporte is not enhanced.

[2026-05-05 02:10:23 #12 type] 
Type domain.Sale is not enhanced.

[2026-05-05 02:10:23 #13 type] 
Type domain.Comprador is not enhanced.

[2026-05-05 02:10:23 #14 type.registry] 
New type java.util.ArrayList<java.lang.Object>

[2026-05-05 02:10:23 #15 type.registry] 
New type java.util.ArrayList<domain.Reporte>

[2026-05-05 02:10:23 #16 type.registry] 
New type java.util.ArrayList<domain.Comentario>

[2026-05-05 02:10:23 #17 type.registry] 
New type java.util.ArrayList<domain.Sale>

------------------------------------------------------------------------------------------------------------------------

[2026-05-05 02:11:23 #1 store] 
Database 'C:\Users\ikerr\Downloads\ParteUnai\Market26\src\main\resources\products.temp' is opened by 19940@LAPTOP-LTTIHKL6

[2026-05-05 02:11:23 #2 type.registry] 
New type domain.Usuario

[2026-05-05 02:11:23 #3 type.registry] 
New type domain.Seller

[2026-05-05 02:11:23 #4 type] 
Type domain.Usuario is not enhanced.

[2026-05-05 02:11:23 #5 type.registry] 
New type domain.Comentario

[2026-05-05 02:11:23 #6 type.registry] 
New type domain.Reporte

[2026-05-05 02:11:23 #7 type] 
Type domain.Seller is not enhanced.

[2026-05-05 02:11:23 #8 type.registry] 
New type domain.Sale

[2026-05-05 02:11:23 #9 type] 
Type domain.Comentario is not enhanced.

[2026-05-05 02:11:23 #10 type.registry] 
New type domain.Comprador

[2026-05-05 02:11:23 #11 type] 
Type domain.Reporte is not enhanced.

[2026-05-05 02:11:23 #12 type] 
Type domain.Sale is not enhanced.

[2026-05-05 02:11:23 #13 type] 
Type domain.Comprador is not enhanced.

[2026-05-05 02:11:23 #14 type.registry] 
New type java.util.ArrayList<java.lang.Object>

[2026-05-05 02:11:23 #15 type.registry] 
New type java.util.ArrayList<domain.Reporte>

[2026-05-05 02:11:23 #16 type.registry] 
New type java.util.ArrayList<domain.Comentario>

[2026-05-05 02:11:23 #17 type.registry] 
New type java.util.ArrayList<domain.Sale>

------------------------------------------------------------------------------------------------------------------------

[2026-05-05 02:11:43 #1 store] 
Database 'C:\Users\ikerr\Downloads\ParteUnai\Market26\src\main\resources\products.temp' is opened by 17828@LAPTOP-LTTIHKL6

[2026-05-05 02:11:43 #2 type.registry] 
New type domain.Usuario

[2026-05-05 02:11:43 #3 type.registry] 
New type domain.Seller

[2026-05-05 02:11:43 #4 type] 
Type domain.Usuario is not enhanced.

[2026-05-05 02:11:43 #5 type.registry] 
New type domain.Comentario

[2026-05-05 02:11:43 #6 type.registry] 
New type domain.Reporte

[2026-05-05 02:11:43 #7 type] 
Type domain.Seller is not enhanced.

[2026-05-05 02:11:43 #8 type.registry] 
New type domain.Sale

[2026-05-05 02:11:43 #9 type] 
Type domain.Comentario is not enhanced.

[2026-05-05 02:11:43 #10 type.registry] 
New type domain.Comprador

[2026-05-05 02:11:43 #11 type] 
Type domain.Reporte is not enhanced.

[2026-05-05 02:11:43 #12 type] 
Type domain.Sale is not enhanced.

[2026-05-05 02:11:43 #13 type] 
Type domain.Comprador is not enhanced.

[2026-05-05 02:11:43 #14 type.registry] 
New type java.util.ArrayList<java.lang.Object>

[2026-05-05 02:11:43 #15 type.registry] 
New type java.util.ArrayList<domain.Reporte>

[2026-05-05 02:11:43 #16 type.registry] 
New type java.util.ArrayList<domain.Comentario>

[2026-05-05 02:11:43 #17 type.registry] 
New type java.util.ArrayList<domain.Sale>

------------------------------------------------------------------------------------------------------------------------

[2026-05-05 02:16:40 #1 store] 
Database 'C:\Users\ikerr\Downloads\ParteUnai\Market26\src\main\resources\products.temp' is opened by 21348@LAPTOP-LTTIHKL6

[2026-05-05 02:16:40 #2 type.registry] 
New type domain.Usuario

[2026-05-05 02:16:40 #3 type.registry] 
New type domain.Seller

[2026-05-05 02:16:40 #4 type] 
Type domain.Usuario is not enhanced.

[2026-05-05 02:16:41 #5 type.registry] 
New type domain.Comentario

[2026-05-05 02:16:41 #6 type.registry] 
New type domain.Reporte

[2026-05-05 02:16:41 #7 type] 
Type domain.Seller is not enhanced.

[2026-05-05 02:16:41 #8 type.registry] 
New type domain.Sale

[2026-05-05 02:16:41 #9 type] 
Type domain.Comentario is not enhanced.

[2026-05-05 02:16:41 #10 type.registry] 
New type domain.Comprador

[2026-05-05 02:16:41 #11 type] 
Type domain.Reporte is not enhanced.

[2026-05-05 02:16:41 #12 type] 
Type domain.Sale is not enhanced.

[2026-05-05 02:16:41 #13 type] 
Type domain.Comprador is not enhanced.

[2026-05-05 02:16:41 #14 type.registry] 
New type java.util.ArrayList<java.lang.Object>

[2026-05-05 02:16:41 #15 type.registry] 
New type java.util.ArrayList<domain.Reporte>

[2026-05-05 02:16:41 #16 type.registry] 
New type java.util.ArrayList<domain.Comentario>

[2026-05-05 02:16:41 #17 type.registry] 
New type java.util.ArrayList<domain.Sale>

[2026-05-05 02:16:53 #18 type.registry] 
New type domain.Administrador

[2026-05-05 02:16:53 #19 type] 
Type domain.Administrador is not enhanced.

------------------------------------------------------------------------------------------------------------------------

[2026-05-05 02:18:10 #1 store] 
Database 'C:\Users\ikerr\Downloads\ParteUnai\Market26\src\main\resources\products.temp' is opened by 21596@LAPTOP-LTTIHKL6

[2026-05-05 02:18:10 #2 type.registry] 
New type domain.Usuario

[2026-05-05 02:18:10 #3 type.registry] 
New type domain.Seller

[2026-05-05 02:18:10 #4 type] 
Type domain.Usuario is not enhanced.

[2026-05-05 02:18:10 #5 type.registry] 
New type domain.Comentario

[2026-05-05 02:18:10 #6 type.registry] 
New type domain.Reporte

[2026-05-05 02:18:10 #7 type] 
Type domain.Seller is not enhanced.

[2026-05-05 02:18:10 #8 type.registry] 
New type domain.Sale

[2026-05-05 02:18:10 #9 type] 
Type domain.Comentario is not enhanced.

[2026-05-05 02:18:10 #10 type.registry] 
New type domain.Comprador

[2026-05-05 02:18:10 #11 type] 
Type domain.Reporte is not enhanced.

[2026-05-05 02:18:10 #12 type] 
Type domain.Sale is not enhanced.

[2026-05-05 02:18:10 #13 type] 
Type domain.Comprador is not enhanced.

[2026-05-05 02:18:10 #14 type.registry] 
New type java.util.ArrayList<java.lang.Object>

[2026-05-05 02:18:10 #15 type.registry] 
New type java.util.ArrayList<domain.Reporte>

[2026-05-05 02:18:10 #16 type.registry] 
New type java.util.ArrayList<domain.Comentario>

[2026-05-05 02:18:10 #17 type.registry] 
New type java.util.ArrayList<domain.Sale>

[2026-05-05 02:18:21 #18 type.registry] 
New type domain.Administrador

[2026-05-05 02:18:21 #19 type] 
Type domain.Administrador is not enhanced.

------------------------------------------------------------------------------------------------------------------------

[2026-05-05 02:24:03 #1 store] 
Database 'C:\Users\ikerr\Downloads\ParteUnai\Market26\src\main\resources\products.temp' is opened by 13820@LAPTOP-LTTIHKL6

[2026-05-05 02:24:03 #2 type.registry] 
New type domain.Usuario

[2026-05-05 02:24:03 #3 type.registry] 
New type domain.Seller

[2026-05-05 02:24:03 #4 type] 
Type domain.Usuario is not enhanced.

[2026-05-05 02:24:03 #5 type.registry] 
New type domain.Comentario

[2026-05-05 02:24:03 #6 type.registry] 
New type domain.Reporte

[2026-05-05 02:24:03 #7 type] 
Type domain.Seller is not enhanced.

[2026-05-05 02:24:03 #8 type.registry] 
New type domain.Sale

[2026-05-05 02:24:03 #9 type] 
Type domain.Comentario is not enhanced.

[2026-05-05 02:24:03 #10 type.registry] 
New type domain.Comprador

[2026-05-05 02:24:03 #11 type] 
Type domain.Reporte is not enhanced.

[2026-05-05 02:24:03 #12 type] 
Type domain.Sale is not enhanced.

[2026-05-05 02:24:03 #13 type] 
Type domain.Comprador is not enhanced.

[2026-05-05 02:24:03 #14 type.registry] 
New type java.util.ArrayList<java.lang.Object>

[2026-05-05 02:24:03 #15 type.registry] 
New type java.util.ArrayList<domain.Reporte>

[2026-05-05 02:24:03 #16 type.registry] 
New type java.util.ArrayList<domain.Comentario>

[2026-05-05 02:24:03 #17 type.registry] 
New type java.util.ArrayList<domain.Sale>

[2026-05-05 02:24:15 #18 type.registry] 
New type domain.Administrador

[2026-05-05 02:24:15 #19 type] 
Type domain.Administrador is not enhanced.

------------------------------------------------------------------------------------------------------------------------

[2026-05-05 02:25:47 #1 store] 
Database 'C:\Users\ikerr\Downloads\ParteUnai\Market26\src\main\resources\products.temp' is opened by 11336@LAPTOP-LTTIHKL6

[2026-05-05 02:25:47 #2 type] 
Type domain.Usuario is not enhanced.

[2026-05-05 02:25:47 #3 type] 
Type domain.Seller is not enhanced.

[2026-05-05 02:25:47 #4 type] 
Type domain.Comentario is not enhanced.

[2026-05-05 02:25:47 #5 type] 
Type domain.Reporte is not enhanced.

[2026-05-05 02:25:47 #6 type] 
Type domain.Sale is not enhanced.

[2026-05-05 02:25:47 #7 type] 
Type domain.Comprador is not enhanced.

[2026-05-05 02:25:47 #8 type] 
Type domain.Administrador is not enhanced.

------------------------------------------------------------------------------------------------------------------------

[2026-05-05 02:27:45 #1 store] 
Database 'C:\Users\ikerr\Downloads\ParteUnai\Market26\src\main\resources\products.temp' is opened by 24272@LAPTOP-LTTIHKL6

[2026-05-05 02:27:45 #2 type.registry] 
New type domain.Usuario

[2026-05-05 02:27:45 #3 type.registry] 
New type domain.Seller

[2026-05-05 02:27:45 #4 type] 
Type domain.Usuario is not enhanced.

[2026-05-05 02:27:45 #5 type.registry] 
New type domain.Comentario

[2026-05-05 02:27:45 #6 type.registry] 
New type domain.Reporte

[2026-05-05 02:27:45 #7 type] 
Type domain.Seller is not enhanced.

[2026-05-05 02:27:45 #8 type.registry] 
New type domain.Sale

[2026-05-05 02:27:45 #9 type] 
Type domain.Comentario is not enhanced.

[2026-05-05 02:27:45 #10 type.registry] 
New type domain.Comprador

[2026-05-05 02:27:45 #11 type] 
Type domain.Reporte is not enhanced.

[2026-05-05 02:27:45 #12 type] 
Type domain.Sale is not enhanced.

[2026-05-05 02:27:45 #13 type] 
Type domain.Comprador is not enhanced.

[2026-05-05 02:27:45 #14 type.registry] 
New type java.util.ArrayList<java.lang.Object>

[2026-05-05 02:27:45 #15 type.registry] 
New type java.util.ArrayList<domain.Reporte>

[2026-05-05 02:27:45 #16 type.registry] 
New type java.util.ArrayList<domain.Comentario>

[2026-05-05 02:27:45 #17 type.registry] 
New type java.util.ArrayList<domain.Sale>

[2026-05-05 02:27:57 #18 type.registry] 
New type domain.Administrador

[2026-05-05 02:27:57 #19 type] 
Type domain.Administrador is not enhanced.

------------------------------------------------------------------------------------------------------------------------

[2026-05-05 02:35:14 #1 store] 
Database 'C:\Users\ikerr\Downloads\ParteUnai\Market26\src\main\resources\products.temp' is opened by 19496@LAPTOP-LTTIHKL6

[2026-05-05 02:35:14 #2 type] 
Type domain.Usuario is not enhanced.

[2026-05-05 02:35:14 #3 type] 
Type domain.Seller is not enhanced.

[2026-05-05 02:35:14 #4 type] 
Type domain.Comentario is not enhanced.

[2026-05-05 02:35:14 #5 type] 
Type domain.Reporte is not enhanced.

[2026-05-05 02:35:14 #6 type] 
Type domain.Sale is not enhanced.

[2026-05-05 02:35:14 #7 type] 
Type domain.Comprador is not enhanced.

[2026-05-05 02:35:14 #8 type] 
Type domain.Administrador is not enhanced.

------------------------------------------------------------------------------------------------------------------------

[2026-05-05 02:57:28 #1 store] 
Database 'C:\Users\ikerr\Downloads\ParteUnai\Market26\src\main\resources\products.temp' is opened by 20460@LAPTOP-LTTIHKL6

[2026-05-05 02:57:29 #2 type] 
Type domain.Usuario is not enhanced.

[2026-05-05 02:57:29 #3 type] 
Type domain.Seller is not enhanced.

[2026-05-05 02:57:29 #4 type] 
Type domain.Comentario is not enhanced.

[2026-05-05 02:57:29 #5 type] 
Type domain.Reporte is not enhanced.

[2026-05-05 02:57:29 #6 type] 
Type domain.Sale is not enhanced.

[2026-05-05 02:57:29 #7 type] 
Type domain.Comprador is not enhanced.

[2026-05-05 02:57:29 #8 type] 
Type domain.Administrador is not enhanced.

------------------------------------------------------------------------------------------------------------------------

[2026-05-05 03:05:02 #1 store] 
Database 'C:\Users\ikerr\Downloads\ParteUnai\Market26\src\main\resources\products.temp' is opened by 23888@LAPTOP-LTTIHKL6

[2026-05-05 03:05:02 #2 type] 
Type domain.Usuario is not enhanced.

[2026-05-05 03:05:02 #3 type] 
Type domain.Seller is not enhanced.

[2026-05-05 03:05:02 #4 type] 
Type domain.Comentario is not enhanced.

[2026-05-05 03:05:02 #5 type] 
Type domain.Reporte is not enhanced.

[2026-05-05 03:05:02 #6 type] 
Type domain.Sale is not enhanced.

[2026-05-05 03:05:02 #7 type] 
Type domain.Comprador is not enhanced.

[2026-05-05 03:05:02 #8 type] 
Type domain.Administrador is not enhanced.

------------------------------------------------------------------------------------------------------------------------

[2026-05-05 03:14:13 #1 store] 
Database 'C:\Users\ikerr\Downloads\ParteUnai\Market26\src\main\resources\products.temp' is opened by 8996@LAPTOP-LTTIHKL6

[2026-05-05 03:14:13 #2 type] 
Type domain.Usuario is not enhanced.

[2026-05-05 03:14:13 #3 type] 
Type domain.Seller is not enhanced.

[2026-05-05 03:14:13 #4 type] 
Type domain.Comentario is not enhanced.

[2026-05-05 03:14:13 #5 type] 
Type domain.Reporte is not enhanced.

[2026-05-05 03:14:13 #6 type] 
Type domain.Sale is not enhanced.

[2026-05-05 03:14:13 #7 type] 
Type domain.Comprador is not enhanced.

[2026-05-05 03:14:13 #8 type] 
Type domain.Administrador is not enhanced.

------------------------------------------------------------------------------------------------------------------------

[2026-05-05 03:14:49 #1 store] 
Database 'C:\Users\ikerr\Downloads\ParteUnai\Market26\src\main\resources\products.temp' is opened by 1988@LAPTOP-LTTIHKL6

[2026-05-05 03:14:49 #2 type] 
Type domain.Usuario is not enhanced.

[2026-05-05 03:14:49 #3 type] 
Type domain.Seller is not enhanced.

[2026-05-05 03:14:49 #4 type] 
Type domain.Comentario is not enhanced.

[2026-05-05 03:14:49 #5 type] 
Type domain.Reporte is not enhanced.

[2026-05-05 03:14:49 #6 type] 
Type domain.Sale is not enhanced.

[2026-05-05 03:14:49 #7 type] 
Type domain.Comprador is not enhanced.

[2026-05-05 03:14:49 #8 type] 
Type domain.Administrador is not enhanced.

------------------------------------------------------------------------------------------------------------------------

[2026-05-05 17:05:40 #1 store] 
Database 'C:\Users\ikerr\Downloads\ParteUnai\Market26\src\main\resources\products.temp' is opened by 24164@LAPTOP-LTTIHKL6

[2026-05-05 17:05:41 #2 type] 
Type domain.Usuario is not enhanced.

[2026-05-05 17:05:41 #3 type] 
Type domain.Seller is not enhanced.

[2026-05-05 17:05:41 #4 type] 
Type domain.Comentario is not enhanced.

[2026-05-05 17:05:41 #5 type] 
Type domain.Reporte is not enhanced.

[2026-05-05 17:05:41 #6 type] 
Type domain.Sale is not enhanced.

[2026-05-05 17:05:41 #7 type] 
Type domain.Comprador is not enhanced.

[2026-05-05 17:05:41 #8 type] 
Type domain.Administrador is not enhanced.

------------------------------------------------------------------------------------------------------------------------

[2026-05-05 17:05:58 #1 store] 
Database 'C:\Users\ikerr\Downloads\ParteUnai\Market26\src\main\resources\products.temp' is opened by 24140@LAPTOP-LTTIHKL6

[2026-05-05 17:05:59 #2 type] 
Type domain.Usuario is not enhanced.

[2026-05-05 17:05:59 #3 type] 
Type domain.Seller is not enhanced.

[2026-05-05 17:05:59 #4 type] 
Type domain.Comentario is not enhanced.

[2026-05-05 17:05:59 #5 type] 
Type domain.Reporte is not enhanced.

[2026-05-05 17:05:59 #6 type] 
Type domain.Sale is not enhanced.

[2026-05-05 17:05:59 #7 type] 
Type domain.Comprador is not enhanced.

[2026-05-05 17:05:59 #8 type] 
Type domain.Administrador is not enhanced.

------------------------------------------------------------------------------------------------------------------------

[2026-05-05 17:06:29 #1 store] 
Database 'C:\Users\ikerr\Downloads\ParteUnai\Market26\src\main\resources\products.temp' is opened by 4580@LAPTOP-LTTIHKL6

[2026-05-05 17:06:29 #2 type] 
Type domain.Usuario is not enhanced.

[2026-05-05 17:06:29 #3 type] 
Type domain.Seller is not enhanced.

[2026-05-05 17:06:29 #4 type] 
Type domain.Comentario is not enhanced.

[2026-05-05 17:06:29 #5 type] 
Type domain.Reporte is not enhanced.

[2026-05-05 17:06:29 #6 type] 
Type domain.Sale is not enhanced.

[2026-05-05 17:06:29 #7 type] 
Type domain.Comprador is not enhanced.

[2026-05-05 17:06:29 #8 type] 
Type domain.Administrador is not enhanced.

------------------------------------------------------------------------------------------------------------------------

[2026-05-05 17:07:11 #1 store] 
Database 'C:\Users\ikerr\Downloads\ParteUnai\Market26\src\main\resources\products.temp' is opened by 23652@LAPTOP-LTTIHKL6

[2026-05-05 17:07:11 #2 type] 
Type domain.Usuario is not enhanced.

[2026-05-05 17:07:11 #3 type] 
Type domain.Seller is not enhanced.

[2026-05-05 17:07:11 #4 type] 
Type domain.Comentario is not enhanced.

[2026-05-05 17:07:11 #5 type] 
Type domain.Reporte is not enhanced.

[2026-05-05 17:07:11 #6 type] 
Type domain.Sale is not enhanced.

[2026-05-05 17:07:11 #7 type] 
Type domain.Comprador is not enhanced.

[2026-05-05 17:07:11 #8 type] 
Type domain.Administrador is not enhanced.

------------------------------------------------------------------------------------------------------------------------

[2026-05-05 17:12:22 #1 store] 
Database 'C:\Users\ikerr\Downloads\ParteUnai\Market26\src\main\resources\products.temp' is opened by 26448@LAPTOP-LTTIHKL6

[2026-05-05 17:12:22 #2 type] 
Type domain.Usuario is not enhanced.

[2026-05-05 17:12:22 #3 type] 
Type domain.Seller is not enhanced.

[2026-05-05 17:12:22 #4 type] 
Type domain.Comentario is not enhanced.

[2026-05-05 17:12:22 #5 type] 
Type domain.Reporte is not enhanced.

[2026-05-05 17:12:22 #6 type] 
Type domain.Sale is not enhanced.

[2026-05-05 17:12:22 #7 type] 
Type domain.Comprador is not enhanced.

[2026-05-05 17:12:22 #8 type] 
Type domain.Administrador is not enhanced.

------------------------------------------------------------------------------------------------------------------------

[2026-05-05 17:17:41 #1 store] 
Database 'C:\Users\ikerr\Downloads\ParteUnai\Market26\src\main\resources\products.temp' is opened by 2512@LAPTOP-LTTIHKL6

[2026-05-05 17:17:41 #2 type] 
Type domain.Usuario is not enhanced.

[2026-05-05 17:17:41 #3 type] 
Type domain.Seller is not enhanced.

[2026-05-05 17:17:41 #4 type] 
Type domain.Comentario is not enhanced.

[2026-05-05 17:17:41 #5 type] 
Type domain.Reporte is not enhanced.

[2026-05-05 17:17:41 #6 type] 
Type domain.Sale is not enhanced.

[2026-05-05 17:17:41 #7 type] 
Type domain.Comprador is not enhanced.

[2026-05-05 17:17:41 #8 type] 
Type domain.Administrador is not enhanced.

------------------------------------------------------------------------------------------------------------------------

[2026-05-05 17:55:42 #1 store] 
Database 'C:\Users\ikerr\Downloads\ParteUnai\Market26\src\main\resources\products.temp' is opened by 18156@LAPTOP-LTTIHKL6

[2026-05-05 17:55:42 #2 type] 
Type domain.Usuario is not enhanced.

[2026-05-05 17:55:42 #3 type] 
Type domain.Seller is not enhanced.

[2026-05-05 17:55:42 #4 type] 
Type domain.Comentario is not enhanced.

[2026-05-05 17:55:42 #5 type] 
Type domain.Reporte is not enhanced.

[2026-05-05 17:55:42 #6 type] 
Type domain.Sale is not enhanced.

[2026-05-05 17:55:42 #7 type] 
Type domain.Comprador is not enhanced.

[2026-05-05 17:55:42 #8 type] 
Type domain.Administrador is not enhanced.

------------------------------------------------------------------------------------------------------------------------

[2026-05-05 17:57:03 #1 store] 
Database 'C:\Users\ikerr\Downloads\ParteUnai\Market26\src\main\resources\products.temp' is opened by 3284@LAPTOP-LTTIHKL6

[2026-05-05 17:57:03 #2 type] 
Type domain.Usuario is not enhanced.

[2026-05-05 17:57:03 #3 type] 
Type domain.Seller is not enhanced.

[2026-05-05 17:57:03 #4 type] 
Type domain.Comentario is not enhanced.

[2026-05-05 17:57:03 #5 type] 
Type domain.Reporte is not enhanced.

[2026-05-05 17:57:03 #6 type] 
Type domain.Sale is not enhanced.

[2026-05-05 17:57:03 #7 type] 
Type domain.Comprador is not enhanced.

[2026-05-05 17:57:03 #8 type] 
Type domain.Administrador is not enhanced.

------------------------------------------------------------------------------------------------------------------------

[2026-05-05 17:59:11 #1 store] 
Database 'C:\Users\ikerr\Downloads\ParteUnai\Market26\src\main\resources\products.temp' is opened by 3232@LAPTOP-LTTIHKL6

[2026-05-05 17:59:11 #2 type] 
Type domain.Usuario is not enhanced.

[2026-05-05 17:59:11 #3 type] 
Type domain.Seller is not enhanced.

[2026-05-05 17:59:11 #4 type] 
Type domain.Comentario is not enhanced.

[2026-05-05 17:59:11 #5 type] 
Type domain.Reporte is not enhanced.

[2026-05-05 17:59:11 #6 type] 
Type domain.Sale is not enhanced.

[2026-05-05 17:59:11 #7 type] 
Type domain.Comprador is not enhanced.

[2026-05-05 17:59:11 #8 type] 
Type domain.Administrador is not enhanced.

------------------------------------------------------------------------------------------------------------------------

[2026-05-05 18:00:03 #1 store] 
Database 'C:\Users\ikerr\Downloads\ParteUnai\Market26\src\main\resources\products.temp' is opened by 23684@LAPTOP-LTTIHKL6

[2026-05-05 18:00:03 #2 type] 
Type domain.Usuario is not enhanced.

[2026-05-05 18:00:03 #3 type] 
Type domain.Seller is not enhanced.

[2026-05-05 18:00:03 #4 type] 
Type domain.Comentario is not enhanced.

[2026-05-05 18:00:03 #5 type] 
Type domain.Reporte is not enhanced.

[2026-05-05 18:00:03 #6 type] 
Type domain.Sale is not enhanced.

[2026-05-05 18:00:03 #7 type] 
Type domain.Comprador is not enhanced.

[2026-05-05 18:00:03 #8 type] 
Type domain.Administrador is not enhanced.

------------------------------------------------------------------------------------------------------------------------

[2026-05-05 18:01:12 #1 store] 
Database 'C:\Users\ikerr\Downloads\ParteUnai\Market26\src\main\resources\products.temp' is opened by 9644@LAPTOP-LTTIHKL6

[2026-05-05 18:01:12 #2 type] 
Type domain.Usuario is not enhanced.

[2026-05-05 18:01:12 #3 type] 
Type domain.Seller is not enhanced.

[2026-05-05 18:01:12 #4 type] 
Type domain.Comentario is not enhanced.

[2026-05-05 18:01:12 #5 type] 
Type domain.Reporte is not enhanced.

[2026-05-05 18:01:12 #6 type] 
Type domain.Sale is not enhanced.

[2026-05-05 18:01:12 #7 type] 
Type domain.Comprador is not enhanced.

[2026-05-05 18:01:12 #8 type] 
Type domain.Administrador is not enhanced.

[2026-05-05 18:03:18 #9 type.registry] 
New type domain.Contraoferta

[2026-05-05 18:03:18 #10 type] 
Type domain.Contraoferta is not enhanced.

------------------------------------------------------------------------------------------------------------------------

[2026-05-05 18:06:02 #1 store] 
Database 'C:\Users\ikerr\Downloads\ParteUnai\Market26\src\main\resources\products.temp' has been recovered (tr. 11-19)

[2026-05-05 18:06:02 #2 store] 
Database 'C:\Users\ikerr\Downloads\ParteUnai\Market26\src\main\resources\products.temp' is opened by 6564@LAPTOP-LTTIHKL6

[2026-05-05 18:06:02 #3 type] 
Type domain.Usuario is not enhanced.

[2026-05-05 18:06:02 #4 type] 
Type domain.Seller is not enhanced.

[2026-05-05 18:06:02 #5 type] 
Type domain.Comentario is not enhanced.

[2026-05-05 18:06:02 #6 type] 
Type domain.Reporte is not enhanced.

[2026-05-05 18:06:02 #7 type] 
Type domain.Sale is not enhanced.

[2026-05-05 18:06:02 #8 type] 
Type domain.Comprador is not enhanced.

[2026-05-05 18:06:02 #9 type] 
Type domain.Administrador is not enhanced.

[2026-05-05 18:06:02 #10 type] 
Type domain.Contraoferta is not enhanced.

------------------------------------------------------------------------------------------------------------------------

[2026-05-05 18:06:52 #1 store] 
Database 'C:\Users\ikerr\Downloads\ParteUnai\Market26\src\main\resources\products.temp' is opened by 25788@LAPTOP-LTTIHKL6

[2026-05-05 18:06:52 #2 type] 
Type domain.Usuario is not enhanced.

[2026-05-05 18:06:52 #3 type] 
Type domain.Seller is not enhanced.

[2026-05-05 18:06:52 #4 type] 
Type domain.Comentario is not enhanced.

[2026-05-05 18:06:52 #5 type] 
Type domain.Reporte is not enhanced.

[2026-05-05 18:06:52 #6 type] 
Type domain.Sale is not enhanced.

[2026-05-05 18:06:52 #7 type] 
Type domain.Comprador is not enhanced.

[2026-05-05 18:06:52 #8 type] 
Type domain.Administrador is not enhanced.

[2026-05-05 18:06:52 #9 type] 
Type domain.Contraoferta is not enhanced.

------------------------------------------------------------------------------------------------------------------------

[2026-05-05 18:07:55 #1 store] 
Database 'C:\Users\ikerr\Downloads\ParteUnai\Market26\src\main\resources\products.temp' is opened by 19048@LAPTOP-LTTIHKL6

[2026-05-05 18:07:55 #2 type] 
Type domain.Usuario is not enhanced.

[2026-05-05 18:07:55 #3 type] 
Type domain.Seller is not enhanced.

[2026-05-05 18:07:55 #4 type] 
Type domain.Comentario is not enhanced.

[2026-05-05 18:07:55 #5 type] 
Type domain.Reporte is not enhanced.

[2026-05-05 18:07:55 #6 type] 
Type domain.Sale is not enhanced.

[2026-05-05 18:07:55 #7 type] 
Type domain.Comprador is not enhanced.

[2026-05-05 18:07:55 #8 type] 
Type domain.Administrador is not enhanced.

[2026-05-05 18:07:55 #9 type] 
Type domain.Contraoferta is not enhanced.

------------------------------------------------------------------------------------------------------------------------

[2026-05-05 18:08:24 #1 store] 
Database 'C:\Users\ikerr\Downloads\ParteUnai\Market26\src\main\resources\products.temp' is opened by 24352@LAPTOP-LTTIHKL6

[2026-05-05 18:08:24 #2 type] 
Type domain.Usuario is not enhanced.

[2026-05-05 18:08:24 #3 type] 
Type domain.Seller is not enhanced.

[2026-05-05 18:08:24 #4 type] 
Type domain.Comentario is not enhanced.

[2026-05-05 18:08:24 #5 type] 
Type domain.Reporte is not enhanced.

[2026-05-05 18:08:24 #6 type] 
Type domain.Sale is not enhanced.

[2026-05-05 18:08:24 #7 type] 
Type domain.Comprador is not enhanced.

[2026-05-05 18:08:24 #8 type] 
Type domain.Administrador is not enhanced.

[2026-05-05 18:08:24 #9 type] 
Type domain.Contraoferta is not enhanced.

------------------------------------------------------------------------------------------------------------------------

[2026-05-05 18:09:02 #1 store] 
Database 'C:\Users\ikerr\Downloads\ParteUnai\Market26\src\main\resources\products.temp' is opened by 19536@LAPTOP-LTTIHKL6

[2026-05-05 18:09:02 #2 type] 
Type domain.Usuario is not enhanced.

[2026-05-05 18:09:02 #3 type] 
Type domain.Seller is not enhanced.

[2026-05-05 18:09:02 #4 type] 
Type domain.Comentario is not enhanced.

[2026-05-05 18:09:02 #5 type] 
Type domain.Reporte is not enhanced.

[2026-05-05 18:09:02 #6 type] 
Type domain.Sale is not enhanced.

[2026-05-05 18:09:02 #7 type] 
Type domain.Comprador is not enhanced.

[2026-05-05 18:09:02 #8 type] 
Type domain.Administrador is not enhanced.

[2026-05-05 18:09:02 #9 type] 
Type domain.Contraoferta is not enhanced.

------------------------------------------------------------------------------------------------------------------------

[2026-05-05 18:09:05 #1 store] 
Database 'C:\Users\ikerr\Downloads\ParteUnai\Market26\src\main\resources\products.temp' is opened by 19612@LAPTOP-LTTIHKL6

[2026-05-05 18:09:05 #2 type] 
Type domain.Usuario is not enhanced.

[2026-05-05 18:09:05 #3 type] 
Type domain.Seller is not enhanced.

[2026-05-05 18:09:05 #4 type] 
Type domain.Comentario is not enhanced.

[2026-05-05 18:09:05 #5 type] 
Type domain.Reporte is not enhanced.

[2026-05-05 18:09:05 #6 type] 
Type domain.Sale is not enhanced.

[2026-05-05 18:09:05 #7 type] 
Type domain.Comprador is not enhanced.

[2026-05-05 18:09:05 #8 type] 
Type domain.Administrador is not enhanced.

[2026-05-05 18:09:05 #9 type] 
Type domain.Contraoferta is not enhanced.

------------------------------------------------------------------------------------------------------------------------

[2026-05-05 18:10:44 #1 store] 
Database 'C:\Users\ikerr\Downloads\ParteUnai\Market26\src\main\resources\products.temp' is opened by 22744@LAPTOP-LTTIHKL6

[2026-05-05 18:10:45 #2 type] 
Type domain.Usuario is not enhanced.

[2026-05-05 18:10:45 #3 type] 
Type domain.Seller is not enhanced.

[2026-05-05 18:10:45 #4 type] 
Type domain.Comentario is not enhanced.

[2026-05-05 18:10:45 #5 type] 
Type domain.Reporte is not enhanced.

[2026-05-05 18:10:45 #6 type] 
Type domain.Sale is not enhanced.

[2026-05-05 18:10:45 #7 type] 
Type domain.Comprador is not enhanced.

[2026-05-05 18:10:45 #8 type] 
Type domain.Administrador is not enhanced.

[2026-05-05 18:10:45 #9 type] 
Type domain.Contraoferta is not enhanced.

------------------------------------------------------------------------------------------------------------------------

[2026-05-05 18:12:04 #1 store] 
Database 'C:\Users\ikerr\Downloads\ParteUnai\Market26\src\main\resources\products.temp' is opened by 25740@LAPTOP-LTTIHKL6

[2026-05-05 18:12:04 #2 type] 
Type domain.Usuario is not enhanced.

[2026-05-05 18:12:04 #3 type] 
Type domain.Seller is not enhanced.

[2026-05-05 18:12:04 #4 type] 
Type domain.Comentario is not enhanced.

[2026-05-05 18:12:04 #5 type] 
Type domain.Reporte is not enhanced.

[2026-05-05 18:12:04 #6 type] 
Type domain.Sale is not enhanced.

[2026-05-05 18:12:04 #7 type] 
Type domain.Comprador is not enhanced.

[2026-05-05 18:12:04 #8 type] 
Type domain.Administrador is not enhanced.

[2026-05-05 18:12:04 #9 type] 
Type domain.Contraoferta is not enhanced.

------------------------------------------------------------------------------------------------------------------------

[2026-05-05 18:12:59 #1 store] 
Database 'C:\Users\ikerr\Downloads\ParteUnai\Market26\src\main\resources\products.temp' is opened by 3088@LAPTOP-LTTIHKL6

[2026-05-05 18:12:59 #2 type] 
Type domain.Usuario is not enhanced.

[2026-05-05 18:12:59 #3 type] 
Type domain.Seller is not enhanced.

[2026-05-05 18:12:59 #4 type] 
Type domain.Comentario is not enhanced.

[2026-05-05 18:12:59 #5 type] 
Type domain.Reporte is not enhanced.

[2026-05-05 18:12:59 #6 type] 
Type domain.Sale is not enhanced.

[2026-05-05 18:12:59 #7 type] 
Type domain.Comprador is not enhanced.

[2026-05-05 18:12:59 #8 type] 
Type domain.Administrador is not enhanced.

[2026-05-05 18:12:59 #9 type] 
Type domain.Contraoferta is not enhanced.

------------------------------------------------------------------------------------------------------------------------

[2026-05-05 18:13:25 #1 store] 
Database 'C:\Users\ikerr\Downloads\ParteUnai\Market26\src\main\resources\products.temp' is opened by 17576@LAPTOP-LTTIHKL6

[2026-05-05 18:13:26 #2 type] 
Type domain.Usuario is not enhanced.

[2026-05-05 18:13:26 #3 type] 
Type domain.Seller is not enhanced.

[2026-05-05 18:13:26 #4 type] 
Type domain.Comentario is not enhanced.

[2026-05-05 18:13:26 #5 type] 
Type domain.Reporte is not enhanced.

[2026-05-05 18:13:26 #6 type] 
Type domain.Sale is not enhanced.

[2026-05-05 18:13:26 #7 type] 
Type domain.Comprador is not enhanced.

[2026-05-05 18:13:26 #8 type] 
Type domain.Administrador is not enhanced.

[2026-05-05 18:13:26 #9 type] 
Type domain.Contraoferta is not enhanced.

------------------------------------------------------------------------------------------------------------------------

[2026-05-05 18:14:03 #1 store] 
Database 'C:\Users\ikerr\Downloads\ParteUnai\Market26\src\main\resources\products.temp' is opened by 20472@LAPTOP-LTTIHKL6

[2026-05-05 18:14:03 #2 type] 
Type domain.Usuario is not enhanced.

[2026-05-05 18:14:03 #3 type] 
Type domain.Seller is not enhanced.

[2026-05-05 18:14:03 #4 type] 
Type domain.Comentario is not enhanced.

[2026-05-05 18:14:03 #5 type] 
Type domain.Reporte is not enhanced.

[2026-05-05 18:14:03 #6 type] 
Type domain.Sale is not enhanced.

[2026-05-05 18:14:03 #7 type] 
Type domain.Comprador is not enhanced.

[2026-05-05 18:14:03 #8 type] 
Type domain.Administrador is not enhanced.

[2026-05-05 18:14:03 #9 type] 
Type domain.Contraoferta is not enhanced.

------------------------------------------------------------------------------------------------------------------------

[2026-05-05 18:15:28 #1 store] 
Database 'C:\Users\ikerr\Downloads\ParteUnai\Market26\src\main\resources\products.temp' is opened by 26092@LAPTOP-LTTIHKL6

[2026-05-05 18:15:28 #2 type] 
Type domain.Usuario is not enhanced.

[2026-05-05 18:15:28 #3 type] 
Type domain.Seller is not enhanced.

[2026-05-05 18:15:28 #4 type] 
Type domain.Comentario is not enhanced.

[2026-05-05 18:15:28 #5 type] 
Type domain.Reporte is not enhanced.

[2026-05-05 18:15:28 #6 type] 
Type domain.Sale is not enhanced.

[2026-05-05 18:15:28 #7 type] 
Type domain.Comprador is not enhanced.

[2026-05-05 18:15:28 #8 type] 
Type domain.Administrador is not enhanced.

[2026-05-05 18:15:28 #9 type] 
Type domain.Contraoferta is not enhanced.

------------------------------------------------------------------------------------------------------------------------

[2026-05-05 18:16:07 #1 store] 
Database 'C:\Users\ikerr\Downloads\ParteUnai\Market26\src\main\resources\products.temp' is opened by 6896@LAPTOP-LTTIHKL6

[2026-05-05 18:16:07 #2 type] 
Type domain.Usuario is not enhanced.

[2026-05-05 18:16:07 #3 type] 
Type domain.Seller is not enhanced.

[2026-05-05 18:16:07 #4 type] 
Type domain.Comentario is not enhanced.

[2026-05-05 18:16:07 #5 type] 
Type domain.Reporte is not enhanced.

[2026-05-05 18:16:07 #6 type] 
Type domain.Sale is not enhanced.

[2026-05-05 18:16:07 #7 type] 
Type domain.Comprador is not enhanced.

[2026-05-05 18:16:07 #8 type] 
Type domain.Administrador is not enhanced.

[2026-05-05 18:16:07 #9 type] 
Type domain.Contraoferta is not enhanced.

------------------------------------------------------------------------------------------------------------------------

[2026-05-05 18:16:30 #1 store] 
Database 'C:\Users\ikerr\Downloads\ParteUnai\Market26\src\main\resources\products.temp' is opened by 22636@LAPTOP-LTTIHKL6

[2026-05-05 18:16:31 #2 type] 
Type domain.Usuario is not enhanced.

[2026-05-05 18:16:31 #3 type] 
Type domain.Seller is not enhanced.

[2026-05-05 18:16:31 #4 type] 
Type domain.Comentario is not enhanced.

[2026-05-05 18:16:31 #5 type] 
Type domain.Reporte is not enhanced.

[2026-05-05 18:16:31 #6 type] 
Type domain.Sale is not enhanced.

[2026-05-05 18:16:31 #7 type] 
Type domain.Comprador is not enhanced.

[2026-05-05 18:16:31 #8 type] 
Type domain.Administrador is not enhanced.

[2026-05-05 18:16:31 #9 type] 
Type domain.Contraoferta is not enhanced.

------------------------------------------------------------------------------------------------------------------------

[2026-05-05 18:19:46 #1 store] 
Database 'C:\Users\ikerr\Downloads\ParteUnai\Market26\src\main\resources\products.temp' is opened by 20632@LAPTOP-LTTIHKL6

[2026-05-05 18:19:46 #2 type] 
Type domain.Usuario is not enhanced.

[2026-05-05 18:19:46 #3 type] 
Type domain.Seller is not enhanced.

[2026-05-05 18:19:46 #4 type] 
Type domain.Comentario is not enhanced.

[2026-05-05 18:19:46 #5 type] 
Type domain.Reporte is not enhanced.

[2026-05-05 18:19:46 #6 type] 
Type domain.Sale is not enhanced.

[2026-05-05 18:19:46 #7 type] 
Type domain.Comprador is not enhanced.

[2026-05-05 18:19:46 #8 type] 
Type domain.Administrador is not enhanced.

[2026-05-05 18:19:46 #9 type] 
Type domain.Contraoferta is not enhanced.

------------------------------------------------------------------------------------------------------------------------

[2026-05-05 18:22:47 #1 store] 
Database 'C:\Users\ikerr\Downloads\ParteUnai\Market26\src\main\resources\products.temp' is opened by 24544@LAPTOP-LTTIHKL6

[2026-05-05 18:22:47 #2 type] 
Type domain.Usuario is not enhanced.

[2026-05-05 18:22:47 #3 type] 
Type domain.Seller is not enhanced.

[2026-05-05 18:22:47 #4 type] 
Type domain.Comentario is not enhanced.

[2026-05-05 18:22:47 #5 type] 
Type domain.Reporte is not enhanced.

[2026-05-05 18:22:47 #6 type] 
Type domain.Sale is not enhanced.

[2026-05-05 18:22:47 #7 type] 
Type domain.Comprador is not enhanced.

[2026-05-05 18:22:47 #8 type] 
Type domain.Administrador is not enhanced.

[2026-05-05 18:22:47 #9 type] 
Type domain.Contraoferta is not enhanced.

------------------------------------------------------------------------------------------------------------------------

[2026-05-05 18:41:54 #1 store] 
Database 'C:\Users\ikerr\Downloads\ParteUnai\Market26\src\main\resources\products.temp' is opened by 23956@LAPTOP-LTTIHKL6

[2026-05-05 18:41:54 #2 type] 
Type domain.Usuario is not enhanced.

[2026-05-05 18:41:54 #3 type] 
Type domain.Seller is not enhanced.

[2026-05-05 18:41:54 #4 type] 
Type domain.Comentario is not enhanced.

[2026-05-05 18:41:54 #5 type] 
Type domain.Reporte is not enhanced.

[2026-05-05 18:41:54 #6 type] 
Type domain.Sale is not enhanced.

[2026-05-05 18:41:54 #7 type] 
Type domain.Comprador is not enhanced.

[2026-05-05 18:41:54 #8 type] 
Type domain.Administrador is not enhanced.

[2026-05-05 18:41:54 #9 type] 
Type domain.Contraoferta is not enhanced.

------------------------------------------------------------------------------------------------------------------------

[2026-05-05 18:42:33 #1 store] 
Database 'C:\Users\ikerr\Downloads\ParteUnai\Market26\src\main\resources\products.temp' is opened by 22932@LAPTOP-LTTIHKL6

[2026-05-05 18:42:33 #2 type] 
Type domain.Usuario is not enhanced.

[2026-05-05 18:42:33 #3 type] 
Type domain.Seller is not enhanced.

[2026-05-05 18:42:33 #4 type] 
Type domain.Comentario is not enhanced.

[2026-05-05 18:42:33 #5 type] 
Type domain.Reporte is not enhanced.

[2026-05-05 18:42:33 #6 type] 
Type domain.Sale is not enhanced.

[2026-05-05 18:42:33 #7 type] 
Type domain.Comprador is not enhanced.

[2026-05-05 18:42:33 #8 type] 
Type domain.Administrador is not enhanced.

[2026-05-05 18:42:33 #9 type] 
Type domain.Contraoferta is not enhanced.

------------------------------------------------------------------------------------------------------------------------

[2026-05-05 18:45:34 #1 store] 
Database 'C:\Users\ikerr\Downloads\ParteUnai\Market26\src\main\resources\products.temp' has been recovered (tr. 20-20)

[2026-05-05 18:45:34 #2 store] 
Database 'C:\Users\ikerr\Downloads\ParteUnai\Market26\src\main\resources\products.temp' is opened by 3444@LAPTOP-LTTIHKL6

[2026-05-05 18:45:34 #3 type] 
Type domain.Usuario is not enhanced.

[2026-05-05 18:45:34 #4 type] 
Type domain.Seller is not enhanced.

[2026-05-05 18:45:34 #5 type] 
Type domain.Comentario is not enhanced.

[2026-05-05 18:45:34 #6 type] 
Type domain.Reporte is not enhanced.

[2026-05-05 18:45:34 #7 type] 
Type domain.Sale is not enhanced.

[2026-05-05 18:45:34 #8 type] 
Type domain.Comprador is not enhanced.

[2026-05-05 18:45:34 #9 type] 
Type domain.Administrador is not enhanced.

[2026-05-05 18:45:34 #10 type] 
Type domain.Contraoferta is not enhanced.

------------------------------------------------------------------------------------------------------------------------

[2026-05-05 19:19:54 #1 store] 
Database 'C:\Users\ikerr\Downloads\ParteUnai\Market26\src\main\resources\products.temp' is opened by 20492@LAPTOP-LTTIHKL6

[2026-05-05 19:19:55 #2 type] 
Type domain.Usuario is not enhanced.

[2026-05-05 19:19:55 #3 type] 
Type domain.Seller is not enhanced.

[2026-05-05 19:19:55 #4 type] 
Type domain.Comentario is not enhanced.

[2026-05-05 19:19:55 #5 type] 
Type domain.Reporte is not enhanced.

[2026-05-05 19:19:55 #6 type] 
Type domain.Sale is not enhanced.

[2026-05-05 19:19:55 #7 type] 
Type domain.Comprador is not enhanced.

[2026-05-05 19:19:55 #8 type] 
Type domain.Administrador is not enhanced.

[2026-05-05 19:19:55 #9 type] 
Type domain.Contraoferta is not enhanced.

------------------------------------------------------------------------------------------------------------------------

[2026-05-05 19:22:25 #1 store] 
Database 'C:\Users\ikerr\Downloads\ParteUnai\Market26\src\main\resources\products.temp' is opened by 13712@LAPTOP-LTTIHKL6

[2026-05-05 19:22:26 #2 type] 
Type domain.Usuario is not enhanced.

[2026-05-05 19:22:26 #3 type] 
Type domain.Seller is not enhanced.

[2026-05-05 19:22:26 #4 type] 
Type domain.Comentario is not enhanced.

[2026-05-05 19:22:26 #5 type] 
Type domain.Reporte is not enhanced.

[2026-05-05 19:22:26 #6 type] 
Type domain.Sale is not enhanced.

[2026-05-05 19:22:26 #7 type] 
Type domain.Comprador is not enhanced.

[2026-05-05 19:22:26 #8 type] 
Type domain.Administrador is not enhanced.

[2026-05-05 19:22:26 #9 type] 
Type domain.Contraoferta is not enhanced.

------------------------------------------------------------------------------------------------------------------------

[2026-05-05 19:25:51 #1 store] 
Database 'C:\Users\ikerr\Downloads\ParteUnai\Market26\src\main\resources\products.temp' is opened by 8800@LAPTOP-LTTIHKL6

[2026-05-05 19:25:52 #2 type] 
Type domain.Usuario is not enhanced.

[2026-05-05 19:25:52 #3 type] 
Type domain.Seller is not enhanced.

[2026-05-05 19:25:52 #4 type] 
Type domain.Comentario is not enhanced.

[2026-05-05 19:25:52 #5 type] 
Type domain.Reporte is not enhanced.

[2026-05-05 19:25:52 #6 type] 
Type domain.Sale is not enhanced.

[2026-05-05 19:25:52 #7 type] 
Type domain.Comprador is not enhanced.

[2026-05-05 19:25:52 #8 type] 
Type domain.Administrador is not enhanced.

[2026-05-05 19:25:52 #9 type] 
Type domain.Contraoferta is not enhanced.

------------------------------------------------------------------------------------------------------------------------

[2026-05-05 19:58:30 #1 store] 
Database 'C:\Users\ikerr\Downloads\ParteUnai\Market26\src\main\resources\products.temp' has been recovered (tr. 21-25)

[2026-05-05 19:58:30 #2 store] 
Database 'C:\Users\ikerr\Downloads\ParteUnai\Market26\src\main\resources\products.temp' is opened by 12188@LAPTOP-LTTIHKL6

[2026-05-05 19:58:30 #3 type] 
Type domain.Usuario is not enhanced.

[2026-05-05 19:58:30 #4 type] 
Type domain.Seller is not enhanced.

[2026-05-05 19:58:30 #5 type] 
Type domain.Comentario is not enhanced.

[2026-05-05 19:58:30 #6 type] 
Type domain.Reporte is not enhanced.

[2026-05-05 19:58:30 #7 type] 
Type domain.Sale is not enhanced.

[2026-05-05 19:58:30 #8 type] 
Type domain.Comprador is not enhanced.

[2026-05-05 19:58:30 #9 type] 
Type domain.Administrador is not enhanced.

[2026-05-05 19:58:30 #10 type] 
Type domain.Contraoferta is not enhanced.

------------------------------------------------------------------------------------------------------------------------

[2026-05-05 20:13:25 #1 store] 
Database 'C:\Users\ikerr\Downloads\ParteUnai\Market26\src\main\resources\products.temp' has been recovered (tr. 26-26)

[2026-05-05 20:13:25 #2 store] 
Database 'C:\Users\ikerr\Downloads\ParteUnai\Market26\src\main\resources\products.temp' is opened by 12348@LAPTOP-LTTIHKL6

[2026-05-05 20:13:26 #3 type] 
Type domain.Usuario is not enhanced.

[2026-05-05 20:13:26 #4 type] 
Type domain.Seller is not enhanced.

[2026-05-05 20:13:26 #5 type] 
Type domain.Comentario is not enhanced.

[2026-05-05 20:13:26 #6 type] 
Type domain.Reporte is not enhanced.

[2026-05-05 20:13:26 #7 type] 
Type domain.Sale is not enhanced.

[2026-05-05 20:13:26 #8 type] 
Type domain.Comprador is not enhanced.

[2026-05-05 20:13:26 #9 type] 
Type domain.Administrador is not enhanced.

[2026-05-05 20:13:26 #10 type] 
Type domain.Contraoferta is not enhanced.

------------------------------------------------------------------------------------------------------------------------

[2026-05-05 21:17:26 #1 store] 
Database 'C:\Users\ikerr\Downloads\ParteUnai\Market26\src\main\resources\products.temp' is opened by 11516@LAPTOP-LTTIHKL6

[2026-05-05 21:17:26 #2 type] 
Type domain.Usuario is not enhanced.

[2026-05-05 21:17:26 #3 type] 
Type domain.Seller is not enhanced.

[2026-05-05 21:17:26 #4 type] 
Type domain.Comentario is not enhanced.

[2026-05-05 21:17:26 #5 type] 
Type domain.Reporte is not enhanced.

[2026-05-05 21:17:26 #6 type] 
Type domain.Sale is not enhanced.

[2026-05-05 21:17:26 #7 type] 
Type domain.Comprador is not enhanced.

[2026-05-05 21:17:26 #8 type] 
Type domain.Administrador is not enhanced.

[2026-05-05 21:17:26 #9 type] 
Type domain.Contraoferta is not enhanced.

------------------------------------------------------------------------------------------------------------------------

[2026-05-05 21:18:06 #1 store] 
Database 'C:\Users\ikerr\Downloads\ParteUnai\Market26\src\main\resources\products.temp' is opened by 7176@LAPTOP-LTTIHKL6

[2026-05-05 21:18:06 #2 type] 
Type domain.Usuario is not enhanced.

[2026-05-05 21:18:06 #3 type] 
Type domain.Seller is not enhanced.

[2026-05-05 21:18:06 #4 type] 
Type domain.Comentario is not enhanced.

[2026-05-05 21:18:06 #5 type] 
Type domain.Reporte is not enhanced.

[2026-05-05 21:18:06 #6 type] 
Type domain.Sale is not enhanced.

[2026-05-05 21:18:06 #7 type] 
Type domain.Comprador is not enhanced.

[2026-05-05 21:18:06 #8 type] 
Type domain.Administrador is not enhanced.

[2026-05-05 21:18:06 #9 type] 
Type domain.Contraoferta is not enhanced.

------------------------------------------------------------------------------------------------------------------------

[2026-05-05 21:22:09 #1 store] 
Database 'C:\Users\ikerr\Downloads\ParteUnai\Market26\src\main\resources\products.temp' has been recovered (tr. 27-27)

[2026-05-05 21:22:09 #2 store] 
Database 'C:\Users\ikerr\Downloads\ParteUnai\Market26\src\main\resources\products.temp' is opened by 17796@LAPTOP-LTTIHKL6

[2026-05-05 21:22:09 #3 type] 
Type domain.Usuario is not enhanced.

[2026-05-05 21:22:09 #4 type] 
Type domain.Seller is not enhanced.

[2026-05-05 21:22:09 #5 type] 
Type domain.Comentario is not enhanced.

[2026-05-05 21:22:09 #6 type] 
Type domain.Reporte is not enhanced.

[2026-05-05 21:22:09 #7 type] 
Type domain.Sale is not enhanced.

[2026-05-05 21:22:09 #8 type] 
Type domain.Comprador is not enhanced.

[2026-05-05 21:22:09 #9 type] 
Type domain.Administrador is not enhanced.

[2026-05-05 21:22:09 #10 type] 
Type domain.Contraoferta is not enhanced.

------------------------------------------------------------------------------------------------------------------------

[2026-05-05 21:26:31 #1 store] 
Database 'C:\Users\ikerr\Downloads\ParteUnai\Market26\src\main\resources\products.temp' is opened by 19828@LAPTOP-LTTIHKL6

[2026-05-05 21:26:32 #2 type] 
Type domain.Usuario is not enhanced.

[2026-05-05 21:26:32 #3 type] 
Type domain.Seller is not enhanced.

[2026-05-05 21:26:32 #4 type] 
Type domain.Comentario is not enhanced.

[2026-05-05 21:26:32 #5 type] 
Type domain.Reporte is not enhanced.

[2026-05-05 21:26:32 #6 type] 
Type domain.Sale is not enhanced.

[2026-05-05 21:26:32 #7 type] 
Type domain.Comprador is not enhanced.

[2026-05-05 21:26:32 #8 type] 
Type domain.Administrador is not enhanced.

[2026-05-05 21:26:32 #9 type] 
Type domain.Contraoferta is not enhanced.

------------------------------------------------------------------------------------------------------------------------

[2026-05-05 21:28:14 #1 store] 
Database 'C:\Users\ikerr\Downloads\ParteUnai\Market26\src\main\resources\products.temp' has been recovered (tr. 28-28)

[2026-05-05 21:28:14 #2 store] 
Database 'C:\Users\ikerr\Downloads\ParteUnai\Market26\src\main\resources\products.temp' is opened by 17592@LAPTOP-LTTIHKL6

[2026-05-05 21:28:14 #3 type] 
Type domain.Usuario is not enhanced.

[2026-05-05 21:28:14 #4 type] 
Type domain.Seller is not enhanced.

[2026-05-05 21:28:14 #5 type] 
Type domain.Comentario is not enhanced.

[2026-05-05 21:28:14 #6 type] 
Type domain.Reporte is not enhanced.

[2026-05-05 21:28:14 #7 type] 
Type domain.Sale is not enhanced.

[2026-05-05 21:28:14 #8 type] 
Type domain.Comprador is not enhanced.

[2026-05-05 21:28:14 #9 type] 
Type domain.Administrador is not enhanced.

[2026-05-05 21:28:14 #10 type] 
Type domain.Contraoferta is not enhanced.

------------------------------------------------------------------------------------------------------------------------

[2026-05-05 21:48:19 #1 store] 
Database 'C:\Users\ikerr\Downloads\ParteUnai\Market26\src\main\resources\products.temp' has been recovered (tr. 29-29)

[2026-05-05 21:48:19 #2 store] 
Database 'C:\Users\ikerr\Downloads\ParteUnai\Market26\src\main\resources\products.temp' is opened by 25024@LAPTOP-LTTIHKL6

[2026-05-05 21:48:20 #3 type] 
Type domain.Usuario is not enhanced.

[2026-05-05 21:48:20 #4 type] 
Type domain.Seller is not enhanced.

[2026-05-05 21:48:20 #5 type] 
Type domain.Comentario is not enhanced.

[2026-05-05 21:48:20 #6 type] 
Type domain.Reporte is not enhanced.

[2026-05-05 21:48:20 #7 type] 
Type domain.Sale is not enhanced.

[2026-05-05 21:48:20 #8 type] 
Type domain.Comprador is not enhanced.

[2026-05-05 21:48:20 #9 type] 
Type domain.Administrador is not enhanced.

[2026-05-05 21:48:20 #10 type] 
Type domain.Contraoferta is not enhanced.

