------------------------------------------------------------------------------------------------------------------------

[2026-05-06 01:06:51 #1 store] 
Database 'C:\Users\ikerr\Downloads\ParteUnai\Market26\src\main\resources\products.temp' is opened by 20812@LAPTOP-LTTIHKL6

[2026-05-06 01:06:51 #2 type] 
Type domain.Usuario is not enhanced.

[2026-05-06 01:06:51 #3 type] 
Type domain.Seller is not enhanced.

[2026-05-06 01:06:51 #4 type] 
Type domain.Comentario is not enhanced.

[2026-05-06 01:06:51 #5 type] 
Type domain.Reporte is not enhanced.

[2026-05-06 01:06:51 #6 type] 
Type domain.Sale is not enhanced.

[2026-05-06 01:06:51 #7 type] 
Type domain.Comprador is not enhanced.

[2026-05-06 01:06:51 #8 type] 
Type domain.Administrador is not enhanced.

[2026-05-06 01:06:51 #9 type] 
Type domain.Contraoferta is not enhanced.

------------------------------------------------------------------------------------------------------------------------

[2026-05-06 01:24:37 #1 store] 
Database 'C:\Users\ikerr\Downloads\ParteUnai\Market26\src\main\resources\products.temp' is opened by 9628@LAPTOP-LTTIHKL6

[2026-05-06 01:24:37 #2 type] 
Type domain.Usuario is not enhanced.

[2026-05-06 01:24:37 #3 type] 
Type domain.Seller is not enhanced.

[2026-05-06 01:24:37 #4 type] 
Type domain.Comentario is not enhanced.

[2026-05-06 01:24:37 #5 type] 
Type domain.Reporte is not enhanced.

[2026-05-06 01:24:37 #6 type] 
Type domain.Sale is not enhanced.

[2026-05-06 01:24:37 #7 type] 
Type domain.Comprador is not enhanced.

[2026-05-06 01:24:37 #8 type] 
Type domain.Administrador is not enhanced.

[2026-05-06 01:24:37 #9 type] 
Type domain.Contraoferta is not enhanced.

------------------------------------------------------------------------------------------------------------------------

[2026-05-06 01:26:05 #1 store] 
Database 'C:\Users\ikerr\Downloads\ParteUnai\Market26\src\main\resources\products.temp' is opened by 22432@LAPTOP-LTTIHKL6

[2026-05-06 01:26:05 #2 type] 
Type domain.Usuario is not enhanced.

[2026-05-06 01:26:05 #3 type] 
Type domain.Seller is not enhanced.

[2026-05-06 01:26:05 #4 type] 
Type domain.Comentario is not enhanced.

[2026-05-06 01:26:05 #5 type] 
Type domain.Reporte is not enhanced.

[2026-05-06 01:26:05 #6 type] 
Type domain.Sale is not enhanced.

[2026-05-06 01:26:05 #7 type] 
Type domain.Comprador is not enhanced.

[2026-05-06 01:26:05 #8 type] 
Type domain.Administrador is not enhanced.

[2026-05-06 01:26:05 #9 type] 
Type domain.Contraoferta is not enhanced.

------------------------------------------------------------------------------------------------------------------------

[2026-05-06 01:26:42 #1 store] 
Database 'C:\Users\ikerr\Downloads\ParteUnai\Market26\src\main\resources\products.temp' is opened by 11376@LAPTOP-LTTIHKL6

[2026-05-06 01:26:43 #2 type] 
Type domain.Usuario is not enhanced.

[2026-05-06 01:26:43 #3 type] 
Type domain.Seller is not enhanced.

[2026-05-06 01:26:43 #4 type] 
Type domain.Comentario is not enhanced.

[2026-05-06 01:26:43 #5 type] 
Type domain.Reporte is not enhanced.

[2026-05-06 01:26:43 #6 type] 
Type domain.Sale is not enhanced.

[2026-05-06 01:26:43 #7 type] 
Type domain.Comprador is not enhanced.

[2026-05-06 01:26:43 #8 type] 
Type domain.Administrador is not enhanced.

[2026-05-06 01:26:43 #9 type] 
Type domain.Contraoferta is not enhanced.

------------------------------------------------------------------------------------------------------------------------

[2026-05-06 01:27:59 #1 store] 
Database 'C:\Users\ikerr\Downloads\ParteUnai\Market26\src\main\resources\products.temp' is opened by 4868@LAPTOP-LTTIHKL6

[2026-05-06 01:27:59 #2 type] 
Type domain.Usuario is not enhanced.

[2026-05-06 01:27:59 #3 type] 
Type domain.Seller is not enhanced.

[2026-05-06 01:27:59 #4 type] 
Type domain.Comentario is not enhanced.

[2026-05-06 01:27:59 #5 type] 
Type domain.Reporte is not enhanced.

[2026-05-06 01:27:59 #6 type] 
Type domain.Sale is not enhanced.

[2026-05-06 01:27:59 #7 type] 
Type domain.Comprador is not enhanced.

[2026-05-06 01:27:59 #8 type] 
Type domain.Administrador is not enhanced.

[2026-05-06 01:27:59 #9 type] 
Type domain.Contraoferta is not enhanced.

------------------------------------------------------------------------------------------------------------------------

[2026-05-06 01:31:16 #1 store] 
Database 'C:\Users\ikerr\Downloads\ParteUnai\Market26\src\main\resources\products.temp' is opened by 22648@LAPTOP-LTTIHKL6

[2026-05-06 01:31:16 #2 type] 
Type domain.Usuario is not enhanced.

[2026-05-06 01:31:16 #3 type] 
Type domain.Seller is not enhanced.

[2026-05-06 01:31:16 #4 type] 
Type domain.Comentario is not enhanced.

[2026-05-06 01:31:16 #5 type] 
Type domain.Reporte is not enhanced.

[2026-05-06 01:31:16 #6 type] 
Type domain.Sale is not enhanced.

[2026-05-06 01:31:16 #7 type] 
Type domain.Comprador is not enhanced.

[2026-05-06 01:31:16 #8 type] 
Type domain.Administrador is not enhanced.

[2026-05-06 01:31:16 #9 type] 
Type domain.Contraoferta is not enhanced.

------------------------------------------------------------------------------------------------------------------------

[2026-05-06 01:33:08 #1 store] 
Database 'C:\Users\ikerr\Downloads\ParteUnai\Market26\src\main\resources\products.temp' is opened by 15096@LAPTOP-LTTIHKL6

[2026-05-06 01:33:08 #2 type] 
Type domain.Usuario is not enhanced.

[2026-05-06 01:33:08 #3 type] 
Type domain.Seller is not enhanced.

[2026-05-06 01:33:08 #4 type] 
Type domain.Comentario is not enhanced.

[2026-05-06 01:33:08 #5 type] 
Type domain.Reporte is not enhanced.

[2026-05-06 01:33:08 #6 type] 
Type domain.Sale is not enhanced.

[2026-05-06 01:33:08 #7 type] 
Type domain.Comprador is not enhanced.

[2026-05-06 01:33:08 #8 type] 
Type domain.Administrador is not enhanced.

[2026-05-06 01:33:08 #9 type] 
Type domain.Contraoferta is not enhanced.

------------------------------------------------------------------------------------------------------------------------

[2026-05-06 01:36:32 #1 store] 
Database 'C:\Users\ikerr\Downloads\ParteUnai\Market26\src\main\resources\products.temp' is opened by 3744@LAPTOP-LTTIHKL6

[2026-05-06 01:36:32 #2 type] 
Type domain.Usuario is not enhanced.

[2026-05-06 01:36:32 #3 type] 
Type domain.Seller is not enhanced.

[2026-05-06 01:36:32 #4 type] 
Type domain.Comentario is not enhanced.

[2026-05-06 01:36:32 #5 type] 
Type domain.Reporte is not enhanced.

[2026-05-06 01:36:32 #6 type] 
Type domain.Sale is not enhanced.

[2026-05-06 01:36:32 #7 type] 
Type domain.Comprador is not enhanced.

[2026-05-06 01:36:32 #8 type] 
Type domain.Administrador is not enhanced.

[2026-05-06 01:36:32 #9 type] 
Type domain.Contraoferta is not enhanced.

------------------------------------------------------------------------------------------------------------------------

[2026-05-06 01:37:40 #1 store] 
Database 'C:\Users\ikerr\Downloads\ParteUnai\Market26\src\main\resources\products.temp' is opened by 22736@LAPTOP-LTTIHKL6

[2026-05-06 01:37:40 #2 type] 
Type domain.Usuario is not enhanced.

[2026-05-06 01:37:40 #3 type] 
Type domain.Seller is not enhanced.

[2026-05-06 01:37:40 #4 type] 
Type domain.Comentario is not enhanced.

[2026-05-06 01:37:40 #5 type] 
Type domain.Reporte is not enhanced.

[2026-05-06 01:37:40 #6 type] 
Type domain.Sale is not enhanced.

[2026-05-06 01:37:40 #7 type] 
Type domain.Comprador is not enhanced.

[2026-05-06 01:37:40 #8 type] 
Type domain.Administrador is not enhanced.

[2026-05-06 01:37:40 #9 type] 
Type domain.Contraoferta is not enhanced.

------------------------------------------------------------------------------------------------------------------------

[2026-05-06 01:41:52 #1 store] 
Database 'C:\Users\ikerr\Downloads\ParteUnai\Market26\src\main\resources\products.temp' is opened by 4920@LAPTOP-LTTIHKL6

[2026-05-06 01:41:52 #2 type] 
Type domain.Usuario is not enhanced.

[2026-05-06 01:41:52 #3 type] 
Type domain.Seller is not enhanced.

[2026-05-06 01:41:52 #4 type] 
Type domain.Comentario is not enhanced.

[2026-05-06 01:41:52 #5 type] 
Type domain.Reporte is not enhanced.

[2026-05-06 01:41:52 #6 type] 
Type domain.Sale is not enhanced.

[2026-05-06 01:41:52 #7 type] 
Type domain.Comprador is not enhanced.

[2026-05-06 01:41:52 #8 type] 
Type domain.Administrador is not enhanced.

[2026-05-06 01:41:52 #9 type] 
Type domain.Contraoferta is not enhanced.

------------------------------------------------------------------------------------------------------------------------

[2026-05-06 01:56:55 #1 store] 
Database 'C:\Users\ikerr\Downloads\ParteUnai\Market26\src\main\resources\products.temp' is opened by 6220@LAPTOP-LTTIHKL6

[2026-05-06 01:56:55 #2 type] 
Type domain.Usuario is not enhanced.

[2026-05-06 01:56:55 #3 type] 
Type domain.Seller is not enhanced.

[2026-05-06 01:56:55 #4 type] 
Type domain.Comentario is not enhanced.

[2026-05-06 01:56:55 #5 type] 
Type domain.Reporte is not enhanced.

[2026-05-06 01:56:55 #6 type] 
Type domain.Sale is not enhanced.

[2026-05-06 01:56:55 #7 type] 
Type domain.Comprador is not enhanced.

[2026-05-06 01:56:55 #8 type] 
Type domain.Administrador is not enhanced.

[2026-05-06 01:56:55 #9 type] 
Type domain.Contraoferta is not enhanced.

------------------------------------------------------------------------------------------------------------------------

[2026-05-06 01:57:41 #1 store] 
Database 'C:\Users\ikerr\Downloads\ParteUnai\Market26\src\main\resources\products.temp' is opened by 23464@LAPTOP-LTTIHKL6

[2026-05-06 01:57:41 #2 type] 
Type domain.Usuario is not enhanced.

[2026-05-06 01:57:41 #3 type] 
Type domain.Seller is not enhanced.

[2026-05-06 01:57:41 #4 type] 
Type domain.Comentario is not enhanced.

[2026-05-06 01:57:41 #5 type] 
Type domain.Reporte is not enhanced.

[2026-05-06 01:57:41 #6 type] 
Type domain.Sale is not enhanced.

[2026-05-06 01:57:41 #7 type] 
Type domain.Comprador is not enhanced.

[2026-05-06 01:57:41 #8 type] 
Type domain.Administrador is not enhanced.

[2026-05-06 01:57:41 #9 type] 
Type domain.Contraoferta is not enhanced.

------------------------------------------------------------------------------------------------------------------------

[2026-05-06 02:22:37 #1 store] 
Database 'C:\Users\ikerr\Downloads\ParteUnai\Market26\src\main\resources\products.temp' has been recovered (tr. 31-31)

[2026-05-06 02:22:37 #2 store] 
Database 'C:\Users\ikerr\Downloads\ParteUnai\Market26\src\main\resources\products.temp' is opened by 18924@LAPTOP-LTTIHKL6

[2026-05-06 02:22:37 #3 type] 
Type domain.Usuario is not enhanced.

[2026-05-06 02:22:37 #4 type] 
Type domain.Seller is not enhanced.

[2026-05-06 02:22:37 #5 type] 
Type domain.Comentario is not enhanced.

[2026-05-06 02:22:37 #6 type] 
Type domain.Reporte is not enhanced.

[2026-05-06 02:22:37 #7 type] 
Type domain.Sale is not enhanced.

[2026-05-06 02:22:37 #8 type] 
Type domain.Comprador is not enhanced.

[2026-05-06 02:22:37 #9 type] 
Type domain.Administrador is not enhanced.

[2026-05-06 02:22:37 #10 type] 
Type domain.Contraoferta is not enhanced.

------------------------------------------------------------------------------------------------------------------------

[2026-05-06 02:24:40 #1 store] 
Database 'C:\Users\ikerr\Downloads\ParteUnai\Market26\src\main\resources\products.temp' is opened by 20720@LAPTOP-LTTIHKL6

[2026-05-06 02:24:40 #2 type] 
Type domain.Usuario is not enhanced.

[2026-05-06 02:24:40 #3 type] 
Type domain.Seller is not enhanced.

[2026-05-06 02:24:40 #4 type] 
Type domain.Comentario is not enhanced.

[2026-05-06 02:24:40 #5 type] 
Type domain.Reporte is not enhanced.

[2026-05-06 02:24:40 #6 type] 
Type domain.Sale is not enhanced.

[2026-05-06 02:24:40 #7 type] 
Type domain.Comprador is not enhanced.

[2026-05-06 02:24:40 #8 type] 
Type domain.Administrador is not enhanced.

[2026-05-06 02:24:40 #9 type] 
Type domain.Contraoferta is not enhanced.

------------------------------------------------------------------------------------------------------------------------

[2026-05-06 02:29:49 #1 store] 
Database 'C:\Users\ikerr\Downloads\ParteUnai\Market26\src\main\resources\products.temp' has been recovered (tr. 32-35)

[2026-05-06 02:29:49 #2 store] 
Database 'C:\Users\ikerr\Downloads\ParteUnai\Market26\src\main\resources\products.temp' is opened by 22152@LAPTOP-LTTIHKL6

[2026-05-06 02:29:49 #3 type] 
Type domain.Usuario is not enhanced.

[2026-05-06 02:29:49 #4 type] 
Type domain.Seller is not enhanced.

[2026-05-06 02:29:49 #5 type] 
Type domain.Comentario is not enhanced.

[2026-05-06 02:29:49 #6 type] 
Type domain.Reporte is not enhanced.

[2026-05-06 02:29:49 #7 type] 
Type domain.Sale is not enhanced.

[2026-05-06 02:29:49 #8 type] 
Type domain.Comprador is not enhanced.

[2026-05-06 02:29:49 #9 type] 
Type domain.Administrador is not enhanced.

[2026-05-06 02:29:49 #10 type] 
Type domain.Contraoferta is not enhanced.

------------------------------------------------------------------------------------------------------------------------

[2026-05-06 02:34:46 #1 store] 
Database 'C:\Users\ikerr\Downloads\ParteUnai\Market26\src\main\resources\products.temp' is opened by 1368@LAPTOP-LTTIHKL6

[2026-05-06 02:34:46 #2 type] 
Type domain.Usuario is not enhanced.

[2026-05-06 02:34:46 #3 type] 
Type domain.Seller is not enhanced.

[2026-05-06 02:34:46 #4 type] 
Type domain.Comentario is not enhanced.

[2026-05-06 02:34:46 #5 type] 
Type domain.Reporte is not enhanced.

[2026-05-06 02:34:46 #6 type] 
Type domain.Sale is not enhanced.

[2026-05-06 02:34:46 #7 type] 
Type domain.Comprador is not enhanced.

[2026-05-06 02:34:46 #8 type] 
Type domain.Administrador is not enhanced.

[2026-05-06 02:34:46 #9 type] 
Type domain.Contraoferta is not enhanced.

------------------------------------------------------------------------------------------------------------------------

[2026-05-06 02:35:15 #1 store] 
Database 'C:\Users\ikerr\Downloads\ParteUnai\Market26\src\main\resources\products.temp' is opened by 17584@LAPTOP-LTTIHKL6

[2026-05-06 02:35:15 #2 type.registry] 
New type domain.Usuario

[2026-05-06 02:35:15 #3 type.registry] 
New type domain.Seller

[2026-05-06 02:35:15 #4 type] 
Type domain.Usuario is not enhanced.

[2026-05-06 02:35:15 #5 type.registry] 
New type domain.Comentario

[2026-05-06 02:35:15 #6 type.registry] 
New type domain.Reporte

[2026-05-06 02:35:15 #7 type] 
Type domain.Seller is not enhanced.

[2026-05-06 02:35:15 #8 type.registry] 
New type domain.Sale

[2026-05-06 02:35:15 #9 type] 
Type domain.Comentario is not enhanced.

[2026-05-06 02:35:15 #10 type.registry] 
New type domain.Comprador

[2026-05-06 02:35:15 #11 type] 
Type domain.Reporte is not enhanced.

[2026-05-06 02:35:15 #12 type] 
Type domain.Sale is not enhanced.

[2026-05-06 02:35:15 #13 type] 
Type domain.Comprador is not enhanced.

[2026-05-06 02:35:15 #14 type.registry] 
New type java.util.ArrayList<java.lang.Object>

[2026-05-06 02:35:15 #15 type.registry] 
New type java.util.ArrayList<domain.Reporte>

[2026-05-06 02:35:15 #16 type.registry] 
New type java.util.ArrayList<domain.Comentario>

[2026-05-06 02:35:15 #17 type.registry] 
New type java.util.ArrayList<domain.Sale>

------------------------------------------------------------------------------------------------------------------------

[2026-05-06 02:37:05 #1 store] 
Database 'C:\Users\ikerr\Downloads\ParteUnai\Market26\src\main\resources\products.temp' is opened by 21484@LAPTOP-LTTIHKL6

[2026-05-06 02:37:05 #2 type.registry] 
New type domain.Usuario

[2026-05-06 02:37:05 #3 type.registry] 
New type domain.Seller

[2026-05-06 02:37:05 #4 type] 
Type domain.Usuario is not enhanced.

[2026-05-06 02:37:05 #5 type.registry] 
New type domain.Comentario

[2026-05-06 02:37:05 #6 type.registry] 
New type domain.Reporte

[2026-05-06 02:37:05 #7 type] 
Type domain.Seller is not enhanced.

[2026-05-06 02:37:05 #8 type.registry] 
New type domain.Sale

[2026-05-06 02:37:05 #9 type] 
Type domain.Comentario is not enhanced.

[2026-05-06 02:37:05 #10 type.registry] 
New type domain.Comprador

[2026-05-06 02:37:05 #11 type] 
Type domain.Reporte is not enhanced.

[2026-05-06 02:37:05 #12 type] 
Type domain.Sale is not enhanced.

[2026-05-06 02:37:05 #13 type] 
Type domain.Comprador is not enhanced.

[2026-05-06 02:37:05 #14 type.registry] 
New type java.util.ArrayList<java.lang.Object>

[2026-05-06 02:37:05 #15 type.registry] 
New type java.util.ArrayList<domain.Reporte>

[2026-05-06 02:37:05 #16 type.registry] 
New type java.util.ArrayList<domain.Comentario>

[2026-05-06 02:37:05 #17 type.registry] 
New type java.util.ArrayList<domain.Sale>

[2026-05-06 02:38:58 #18 type.registry] 
New type domain.Administrador

[2026-05-06 02:38:58 #19 type] 
Type domain.Administrador is not enhanced.

------------------------------------------------------------------------------------------------------------------------

[2026-05-06 02:59:27 #1 store] 
Database 'C:\Users\ikerr\Downloads\ParteUnai\Market26\src\main\resources\products.temp' is opened by 22196@LAPTOP-LTTIHKL6

[2026-05-06 02:59:28 #2 type.registry] 
New type domain.Usuario

[2026-05-06 02:59:28 #3 type.registry] 
New type domain.Seller

[2026-05-06 02:59:28 #4 type] 
Type domain.Usuario is not enhanced.

[2026-05-06 02:59:28 #5 type.registry] 
New type domain.Comentario

[2026-05-06 02:59:28 #6 type.registry] 
New type domain.Reporte

[2026-05-06 02:59:28 #7 type] 
Type domain.Seller is not enhanced.

[2026-05-06 02:59:28 #8 type.registry] 
New type domain.Sale

[2026-05-06 02:59:28 #9 type] 
Type domain.Comentario is not enhanced.

[2026-05-06 02:59:28 #10 type.registry] 
New type domain.Comprador

[2026-05-06 02:59:28 #11 type] 
Type domain.Reporte is not enhanced.

[2026-05-06 02:59:28 #12 type] 
Type domain.Sale is not enhanced.

[2026-05-06 02:59:28 #13 type] 
Type domain.Comprador is not enhanced.

[2026-05-06 02:59:28 #14 type.registry] 
New type java.util.ArrayList<java.lang.Object>

[2026-05-06 02:59:28 #15 type.registry] 
New type java.util.ArrayList<domain.Reporte>

[2026-05-06 02:59:28 #16 type.registry] 
New type java.util.ArrayList<domain.Comentario>

[2026-05-06 02:59:28 #17 type.registry] 
New type java.util.ArrayList<domain.Sale>

[2026-05-06 03:00:47 #18 type.registry] 
New type domain.Contraoferta

[2026-05-06 03:00:47 #19 type] 
Type domain.Contraoferta is not enhanced.

------------------------------------------------------------------------------------------------------------------------

[2026-05-06 03:03:53 #1 store] 
Database 'C:\Users\ikerr\Downloads\ParteUnai\Market26\src\main\resources\products.temp' is opened by 22888@LAPTOP-LTTIHKL6

[2026-05-06 03:03:54 #2 type.registry] 
New type domain.Usuario

[2026-05-06 03:03:54 #3 type.registry] 
New type domain.Seller

[2026-05-06 03:03:54 #4 type] 
Type domain.Usuario is not enhanced.

[2026-05-06 03:03:54 #5 type.registry] 
New type domain.Comentario

[2026-05-06 03:03:54 #6 type.registry] 
New type domain.Reporte

[2026-05-06 03:03:54 #7 type] 
Type domain.Seller is not enhanced.

[2026-05-06 03:03:54 #8 type.registry] 
New type domain.Sale

[2026-05-06 03:03:54 #9 type] 
Type domain.Comentario is not enhanced.

[2026-05-06 03:03:54 #10 type.registry] 
New type domain.Comprador

[2026-05-06 03:03:54 #11 type] 
Type domain.Reporte is not enhanced.

[2026-05-06 03:03:54 #12 type] 
Type domain.Sale is not enhanced.

[2026-05-06 03:03:54 #13 type] 
Type domain.Comprador is not enhanced.

[2026-05-06 03:03:54 #14 type.registry] 
New type java.util.ArrayList<java.lang.Object>

[2026-05-06 03:03:54 #15 type.registry] 
New type java.util.ArrayList<domain.Reporte>

[2026-05-06 03:03:54 #16 type.registry] 
New type java.util.ArrayList<domain.Comentario>

[2026-05-06 03:03:54 #17 type.registry] 
New type java.util.ArrayList<domain.Sale>

[2026-05-06 03:05:02 #18 type.registry] 
New type domain.Contraoferta

[2026-05-06 03:05:02 #19 type] 
Type domain.Contraoferta is not enhanced.

------------------------------------------------------------------------------------------------------------------------

[2026-05-06 03:16:48 #1 store] 
Database 'C:\Users\ikerr\Downloads\ParteUnai\Market26\src\main\resources\products.temp' is opened by 17512@LAPTOP-LTTIHKL6

[2026-05-06 03:16:48 #2 type.registry] 
New type domain.Usuario

[2026-05-06 03:16:48 #3 type.registry] 
New type domain.Seller

[2026-05-06 03:16:48 #4 type] 
Type domain.Usuario is not enhanced.

[2026-05-06 03:16:48 #5 type.registry] 
New type domain.Comentario

[2026-05-06 03:16:48 #6 type.registry] 
New type domain.Reporte

[2026-05-06 03:16:48 #7 type] 
Type domain.Seller is not enhanced.

[2026-05-06 03:16:48 #8 type.registry] 
New type domain.Sale

[2026-05-06 03:16:48 #9 type] 
Type domain.Comentario is not enhanced.

[2026-05-06 03:16:48 #10 type.registry] 
New type domain.Comprador

[2026-05-06 03:16:48 #11 type] 
Type domain.Reporte is not enhanced.

[2026-05-06 03:16:48 #12 type] 
Type domain.Sale is not enhanced.

[2026-05-06 03:16:48 #13 type] 
Type domain.Comprador is not enhanced.

[2026-05-06 03:16:48 #14 type.registry] 
New type java.util.ArrayList<java.lang.Object>

[2026-05-06 03:16:48 #15 type.registry] 
New type java.util.ArrayList<domain.Reporte>

[2026-05-06 03:16:48 #16 type.registry] 
New type java.util.ArrayList<domain.Comentario>

[2026-05-06 03:16:48 #17 type.registry] 
New type java.util.ArrayList<domain.Sale>

------------------------------------------------------------------------------------------------------------------------

[2026-05-06 03:17:32 #1 store] 
Database 'C:\Users\ikerr\Downloads\ParteUnai\Market26\src\main\resources\products.temp' has been recovered (tr. 1-8)

[2026-05-06 03:17:32 #2 store] 
Database 'C:\Users\ikerr\Downloads\ParteUnai\Market26\src\main\resources\products.temp' is opened by 20344@LAPTOP-LTTIHKL6

[2026-05-06 03:17:32 #3 type] 
Type domain.Usuario is not enhanced.

[2026-05-06 03:17:32 #4 type] 
Type domain.Seller is not enhanced.

[2026-05-06 03:17:32 #5 type] 
Type domain.Comentario is not enhanced.

[2026-05-06 03:17:32 #6 type] 
Type domain.Reporte is not enhanced.

[2026-05-06 03:17:32 #7 type] 
Type domain.Sale is not enhanced.

[2026-05-06 03:17:32 #8 type] 
Type domain.Comprador is not enhanced.

------------------------------------------------------------------------------------------------------------------------

[2026-05-06 03:23:24 #1 store] 
Database 'C:\Users\ikerr\Downloads\ParteUnai\Market26\src\main\resources\products.temp' is opened by 21964@LAPTOP-LTTIHKL6

[2026-05-06 03:23:24 #2 type.registry] 
New type domain.Usuario

[2026-05-06 03:23:24 #3 type.registry] 
New type domain.Seller

[2026-05-06 03:23:24 #4 type] 
Type domain.Usuario is not enhanced.

[2026-05-06 03:23:24 #5 type.registry] 
New type domain.Comentario

[2026-05-06 03:23:24 #6 type.registry] 
New type domain.Reporte

[2026-05-06 03:23:24 #7 type] 
Type domain.Seller is not enhanced.

[2026-05-06 03:23:24 #8 type.registry] 
New type domain.Sale

[2026-05-06 03:23:24 #9 type] 
Type domain.Comentario is not enhanced.

[2026-05-06 03:23:24 #10 type.registry] 
New type domain.Comprador

[2026-05-06 03:23:24 #11 type] 
Type domain.Reporte is not enhanced.

[2026-05-06 03:23:24 #12 type] 
Type domain.Sale is not enhanced.

[2026-05-06 03:23:24 #13 type] 
Type domain.Comprador is not enhanced.

[2026-05-06 03:23:24 #14 type.registry] 
New type java.util.ArrayList<java.lang.Object>

[2026-05-06 03:23:24 #15 type.registry] 
New type java.util.ArrayList<domain.Reporte>

[2026-05-06 03:23:24 #16 type.registry] 
New type java.util.ArrayList<domain.Comentario>

[2026-05-06 03:23:24 #17 type.registry] 
New type java.util.ArrayList<domain.Sale>

------------------------------------------------------------------------------------------------------------------------

[2026-05-06 03:23:32 #1 store] 
Database 'C:\Users\ikerr\Downloads\ParteUnai\Market26\src\main\resources\products.temp' has been recovered (tr. 1-8)

[2026-05-06 03:23:32 #2 store] 
Database 'C:\Users\ikerr\Downloads\ParteUnai\Market26\src\main\resources\products.temp' is opened by 17284@LAPTOP-LTTIHKL6

[2026-05-06 03:23:32 #3 type] 
Type domain.Usuario is not enhanced.

[2026-05-06 03:23:32 #4 type] 
Type domain.Seller is not enhanced.

[2026-05-06 03:23:32 #5 type] 
Type domain.Comentario is not enhanced.

[2026-05-06 03:23:32 #6 type] 
Type domain.Reporte is not enhanced.

[2026-05-06 03:23:32 #7 type] 
Type domain.Sale is not enhanced.

[2026-05-06 03:23:32 #8 type] 
Type domain.Comprador is not enhanced.

------------------------------------------------------------------------------------------------------------------------

[2026-05-06 03:27:31 #1 store] 
Database 'C:\Users\ikerr\Downloads\ParteUnai\Market26\src\main\resources\products.temp' is opened by 22704@LAPTOP-LTTIHKL6

[2026-05-06 03:27:31 #2 type] 
Type domain.Usuario is not enhanced.

[2026-05-06 03:27:31 #3 type] 
Type domain.Seller is not enhanced.

[2026-05-06 03:27:31 #4 type] 
Type domain.Comentario is not enhanced.

[2026-05-06 03:27:31 #5 type] 
Type domain.Reporte is not enhanced.

[2026-05-06 03:27:31 #6 type] 
Type domain.Sale is not enhanced.

[2026-05-06 03:27:31 #7 type] 
Type domain.Comprador is not enhanced.

[2026-05-06 03:27:45 #8 type.registry] 
New type domain.Administrador

[2026-05-06 03:27:45 #9 type] 
Type domain.Administrador is not enhanced.

------------------------------------------------------------------------------------------------------------------------

[2026-05-06 03:33:48 #1 store] 
Database 'C:\Users\ikerr\Downloads\ParteUnai\Market26\src\main\resources\products.temp' has been recovered (tr. 9-10)

[2026-05-06 03:33:48 #2 store] 
Database 'C:\Users\ikerr\Downloads\ParteUnai\Market26\src\main\resources\products.temp' is opened by 5016@LAPTOP-LTTIHKL6

[2026-05-06 03:33:48 #3 type] 
Type domain.Usuario is not enhanced.

[2026-05-06 03:33:48 #4 type] 
Type domain.Seller is not enhanced.

[2026-05-06 03:33:48 #5 type] 
Type domain.Comentario is not enhanced.

[2026-05-06 03:33:48 #6 type] 
Type domain.Reporte is not enhanced.

[2026-05-06 03:33:48 #7 type] 
Type domain.Sale is not enhanced.

[2026-05-06 03:33:48 #8 type] 
Type domain.Comprador is not enhanced.

[2026-05-06 03:33:48 #9 type] 
Type domain.Administrador is not enhanced.

------------------------------------------------------------------------------------------------------------------------

[2026-05-06 03:34:23 #1 store] 
Database 'C:\Users\ikerr\Downloads\ParteUnai\Market26\src\main\resources\products.temp' is opened by 10228@LAPTOP-LTTIHKL6

[2026-05-06 03:34:23 #2 type.registry] 
New type domain.Usuario

[2026-05-06 03:34:23 #3 type.registry] 
New type domain.Seller

[2026-05-06 03:34:23 #4 type] 
Type domain.Usuario is not enhanced.

[2026-05-06 03:34:23 #5 type.registry] 
New type domain.Comentario

[2026-05-06 03:34:23 #6 type.registry] 
New type domain.Reporte

[2026-05-06 03:34:23 #7 type] 
Type domain.Seller is not enhanced.

[2026-05-06 03:34:23 #8 type.registry] 
New type domain.Sale

[2026-05-06 03:34:23 #9 type] 
Type domain.Comentario is not enhanced.

[2026-05-06 03:34:23 #10 type.registry] 
New type domain.Comprador

[2026-05-06 03:34:23 #11 type] 
Type domain.Reporte is not enhanced.

[2026-05-06 03:34:23 #12 type] 
Type domain.Sale is not enhanced.

[2026-05-06 03:34:23 #13 type] 
Type domain.Comprador is not enhanced.

[2026-05-06 03:34:23 #14 type.registry] 
New type java.util.ArrayList<java.lang.Object>

[2026-05-06 03:34:23 #15 type.registry] 
New type java.util.ArrayList<domain.Reporte>

[2026-05-06 03:34:23 #16 type.registry] 
New type java.util.ArrayList<domain.Comentario>

[2026-05-06 03:34:23 #17 type.registry] 
New type java.util.ArrayList<domain.Sale>

------------------------------------------------------------------------------------------------------------------------

[2026-05-06 03:34:28 #1 store] 
Database 'C:\Users\ikerr\Downloads\ParteUnai\Market26\src\main\resources\products.temp' has been recovered (tr. 1-8)

[2026-05-06 03:34:28 #2 store] 
Database 'C:\Users\ikerr\Downloads\ParteUnai\Market26\src\main\resources\products.temp' is opened by 21544@LAPTOP-LTTIHKL6

[2026-05-06 03:34:29 #3 type] 
Type domain.Usuario is not enhanced.

[2026-05-06 03:34:29 #4 type] 
Type domain.Seller is not enhanced.

[2026-05-06 03:34:29 #5 type] 
Type domain.Comentario is not enhanced.

[2026-05-06 03:34:29 #6 type] 
Type domain.Reporte is not enhanced.

[2026-05-06 03:34:29 #7 type] 
Type domain.Sale is not enhanced.

[2026-05-06 03:34:29 #8 type] 
Type domain.Comprador is not enhanced.

------------------------------------------------------------------------------------------------------------------------

[2026-05-06 03:36:33 #1 store] 
Database 'C:\Users\ikerr\Downloads\ParteUnai\Market26\src\main\resources\products.temp' is opened by 9192@LAPTOP-LTTIHKL6

[2026-05-06 03:36:33 #2 type] 
Type domain.Usuario is not enhanced.

[2026-05-06 03:36:33 #3 type] 
Type domain.Seller is not enhanced.

[2026-05-06 03:36:33 #4 type] 
Type domain.Comentario is not enhanced.

[2026-05-06 03:36:33 #5 type] 
Type domain.Reporte is not enhanced.

[2026-05-06 03:36:33 #6 type] 
Type domain.Sale is not enhanced.

[2026-05-06 03:36:33 #7 type] 
Type domain.Comprador is not enhanced.

[2026-05-06 03:36:50 #8 type.registry] 
New type domain.Administrador

[2026-05-06 03:36:50 #9 type] 
Type domain.Administrador is not enhanced.

------------------------------------------------------------------------------------------------------------------------

[2026-05-06 03:37:13 #1 store] 
Database 'C:\Users\ikerr\Downloads\ParteUnai\Market26\src\main\resources\products.temp' is opened by 22188@LAPTOP-LTTIHKL6

[2026-05-06 03:37:13 #2 type.registry] 
New type domain.Usuario

[2026-05-06 03:37:13 #3 type.registry] 
New type domain.Seller

[2026-05-06 03:37:13 #4 type] 
Type domain.Usuario is not enhanced.

[2026-05-06 03:37:13 #5 type.registry] 
New type domain.Comentario

[2026-05-06 03:37:13 #6 type.registry] 
New type domain.Reporte

[2026-05-06 03:37:13 #7 type] 
Type domain.Seller is not enhanced.

[2026-05-06 03:37:13 #8 type.registry] 
New type domain.Sale

[2026-05-06 03:37:13 #9 type] 
Type domain.Comentario is not enhanced.

[2026-05-06 03:37:13 #10 type.registry] 
New type domain.Comprador

[2026-05-06 03:37:13 #11 type] 
Type domain.Reporte is not enhanced.

[2026-05-06 03:37:13 #12 type] 
Type domain.Sale is not enhanced.

[2026-05-06 03:37:13 #13 type] 
Type domain.Comprador is not enhanced.

[2026-05-06 03:37:13 #14 type.registry] 
New type java.util.ArrayList<java.lang.Object>

[2026-05-06 03:37:13 #15 type.registry] 
New type java.util.ArrayList<domain.Reporte>

[2026-05-06 03:37:13 #16 type.registry] 
New type java.util.ArrayList<domain.Comentario>

[2026-05-06 03:37:13 #17 type.registry] 
New type java.util.ArrayList<domain.Sale>

[2026-05-06 03:37:30 #18 type.registry] 
New type domain.Administrador

[2026-05-06 03:37:30 #19 type] 
Type domain.Administrador is not enhanced.

------------------------------------------------------------------------------------------------------------------------

[2026-05-06 04:14:56 #1 store] 
Database 'C:\Users\ikerr\Downloads\ParteUnai\Market26\src\main\resources\products.temp' is opened by 21792@LAPTOP-LTTIHKL6

[2026-05-06 04:14:56 #2 type.registry] 
New type domain.Usuario

[2026-05-06 04:14:56 #3 type.registry] 
New type domain.Seller

[2026-05-06 04:14:56 #4 type] 
Type domain.Usuario is not enhanced.

[2026-05-06 04:14:56 #5 type.registry] 
New type domain.Comentario

[2026-05-06 04:14:56 #6 type.registry] 
New type domain.Reporte

[2026-05-06 04:14:56 #7 type] 
Type domain.Seller is not enhanced.

[2026-05-06 04:14:56 #8 type.registry] 
New type domain.Sale

[2026-05-06 04:14:56 #9 type] 
Type domain.Comentario is not enhanced.

[2026-05-06 04:14:56 #10 type.registry] 
New type domain.Comprador

[2026-05-06 04:14:56 #11 type] 
Type domain.Reporte is not enhanced.

[2026-05-06 04:14:56 #12 type] 
Type domain.Sale is not enhanced.

[2026-05-06 04:14:56 #13 type] 
Type domain.Comprador is not enhanced.

[2026-05-06 04:14:56 #14 type.registry] 
New type domain.Administrador

[2026-05-06 04:14:56 #15 type] 
Type domain.Administrador is not enhanced.

[2026-05-06 04:14:56 #16 type.registry] 
New type java.util.ArrayList<java.lang.Object>

[2026-05-06 04:14:56 #17 type.registry] 
New type java.util.ArrayList<domain.Reporte>

[2026-05-06 04:14:56 #18 type.registry] 
New type java.util.ArrayList<domain.Comentario>

[2026-05-06 04:14:56 #19 type.registry] 
New type java.util.ArrayList<domain.Sale>

------------------------------------------------------------------------------------------------------------------------

[2026-05-06 04:15:08 #1 store] 
Database 'C:\Users\ikerr\Downloads\ParteUnai\Market26\src\main\resources\products.temp' has been recovered (tr. 1-9)

[2026-05-06 04:15:08 #2 store] 
Database 'C:\Users\ikerr\Downloads\ParteUnai\Market26\src\main\resources\products.temp' is opened by 18412@LAPTOP-LTTIHKL6

[2026-05-06 04:15:08 #3 type] 
Type domain.Usuario is not enhanced.

[2026-05-06 04:15:08 #4 type] 
Type domain.Seller is not enhanced.

[2026-05-06 04:15:08 #5 type] 
Type domain.Comentario is not enhanced.

[2026-05-06 04:15:08 #6 type] 
Type domain.Reporte is not enhanced.

[2026-05-06 04:15:08 #7 type] 
Type domain.Sale is not enhanced.

[2026-05-06 04:15:08 #8 type] 
Type domain.Comprador is not enhanced.

[2026-05-06 04:15:08 #9 type] 
Type domain.Administrador is not enhanced.

[2026-05-06 04:15:36 #10 type.registry] 
New type domain.Contraoferta

[2026-05-06 04:15:36 #11 type] 
Type domain.Contraoferta is not enhanced.

------------------------------------------------------------------------------------------------------------------------

[2026-05-06 04:17:35 #1 store] 
Database 'C:\Users\ikerr\Downloads\ParteUnai\Market26\src\main\resources\products.temp' is opened by 17492@LAPTOP-LTTIHKL6

[2026-05-06 04:17:36 #2 type.registry] 
New type domain.Usuario

[2026-05-06 04:17:36 #3 type.registry] 
New type domain.Seller

[2026-05-06 04:17:36 #4 type] 
Type domain.Usuario is not enhanced.

[2026-05-06 04:17:36 #5 type.registry] 
New type domain.Comentario

[2026-05-06 04:17:36 #6 type.registry] 
New type domain.Reporte

[2026-05-06 04:17:36 #7 type] 
Type domain.Seller is not enhanced.

[2026-05-06 04:17:36 #8 type.registry] 
New type domain.Sale

[2026-05-06 04:17:36 #9 type] 
Type domain.Comentario is not enhanced.

[2026-05-06 04:17:36 #10 type.registry] 
New type domain.Comprador

[2026-05-06 04:17:36 #11 type] 
Type domain.Reporte is not enhanced.

[2026-05-06 04:17:36 #12 type] 
Type domain.Sale is not enhanced.

[2026-05-06 04:17:36 #13 type] 
Type domain.Comprador is not enhanced.

[2026-05-06 04:17:36 #14 type.registry] 
New type domain.Administrador

[2026-05-06 04:17:36 #15 type] 
Type domain.Administrador is not enhanced.

[2026-05-06 04:17:36 #16 type.registry] 
New type java.util.ArrayList<java.lang.Object>

[2026-05-06 04:17:36 #17 type.registry] 
New type java.util.ArrayList<domain.Reporte>

[2026-05-06 04:17:36 #18 type.registry] 
New type java.util.ArrayList<domain.Comentario>

[2026-05-06 04:17:36 #19 type.registry] 
New type java.util.ArrayList<domain.Sale>

------------------------------------------------------------------------------------------------------------------------

[2026-05-06 04:17:40 #1 store] 
Database 'C:\Users\ikerr\Downloads\ParteUnai\Market26\src\main\resources\products.temp' has been recovered (tr. 1-9)

[2026-05-06 04:17:40 #2 store] 
Database 'C:\Users\ikerr\Downloads\ParteUnai\Market26\src\main\resources\products.temp' is opened by 15388@LAPTOP-LTTIHKL6

[2026-05-06 04:17:40 #3 type] 
Type domain.Usuario is not enhanced.

[2026-05-06 04:17:40 #4 type] 
Type domain.Seller is not enhanced.

[2026-05-06 04:17:40 #5 type] 
Type domain.Comentario is not enhanced.

[2026-05-06 04:17:40 #6 type] 
Type domain.Reporte is not enhanced.

[2026-05-06 04:17:40 #7 type] 
Type domain.Sale is not enhanced.

[2026-05-06 04:17:40 #8 type] 
Type domain.Comprador is not enhanced.

[2026-05-06 04:17:40 #9 type] 
Type domain.Administrador is not enhanced.

[2026-05-06 04:17:53 #10 type.registry] 
New type domain.Contraoferta

[2026-05-06 04:17:53 #11 type] 
Type domain.Contraoferta is not enhanced.

------------------------------------------------------------------------------------------------------------------------

[2026-05-06 04:20:14 #1 store] 
Database 'C:\Users\ikerr\Downloads\ParteUnai\Market26\src\main\resources\products.temp' has been recovered (tr. 10-15)

[2026-05-06 04:20:14 #2 store] 
Database 'C:\Users\ikerr\Downloads\ParteUnai\Market26\src\main\resources\products.temp' is opened by 16524@LAPTOP-LTTIHKL6

[2026-05-06 04:20:14 #3 type] 
Type domain.Usuario is not enhanced.

[2026-05-06 04:20:14 #4 type] 
Type domain.Seller is not enhanced.

[2026-05-06 04:20:14 #5 type] 
Type domain.Comentario is not enhanced.

[2026-05-06 04:20:14 #6 type] 
Type domain.Reporte is not enhanced.

[2026-05-06 04:20:14 #7 type] 
Type domain.Sale is not enhanced.

[2026-05-06 04:20:14 #8 type] 
Type domain.Comprador is not enhanced.

[2026-05-06 04:20:14 #9 type] 
Type domain.Administrador is not enhanced.

[2026-05-06 04:20:14 #10 type] 
Type domain.Contraoferta is not enhanced.

------------------------------------------------------------------------------------------------------------------------

[2026-05-06 04:22:08 #1 store] 
Database 'C:\Users\ikerr\Downloads\ParteUnai\Market26\src\main\resources\products.temp' is opened by 11500@LAPTOP-LTTIHKL6

[2026-05-06 04:22:08 #2 type] 
Type domain.Usuario is not enhanced.

[2026-05-06 04:22:08 #3 type] 
Type domain.Seller is not enhanced.

[2026-05-06 04:22:08 #4 type] 
Type domain.Comentario is not enhanced.

[2026-05-06 04:22:08 #5 type] 
Type domain.Reporte is not enhanced.

[2026-05-06 04:22:08 #6 type] 
Type domain.Sale is not enhanced.

[2026-05-06 04:22:08 #7 type] 
Type domain.Comprador is not enhanced.

[2026-05-06 04:22:08 #8 type] 
Type domain.Administrador is not enhanced.

[2026-05-06 04:22:08 #9 type] 
Type domain.Contraoferta is not enhanced.

------------------------------------------------------------------------------------------------------------------------

[2026-05-06 04:23:27 #1 store] 
Database 'C:\Users\ikerr\Downloads\ParteUnai\Market26\src\main\resources\products.temp' is opened by 15864@LAPTOP-LTTIHKL6

[2026-05-06 04:23:28 #2 type.registry] 
New type domain.Usuario

[2026-05-06 04:23:28 #3 type.registry] 
New type domain.Seller

[2026-05-06 04:23:28 #4 type] 
Type domain.Usuario is not enhanced.

[2026-05-06 04:23:28 #5 type.registry] 
New type domain.Comentario

[2026-05-06 04:23:28 #6 type.registry] 
New type domain.Reporte

[2026-05-06 04:23:28 #7 type] 
Type domain.Seller is not enhanced.

[2026-05-06 04:23:28 #8 type.registry] 
New type domain.Sale

[2026-05-06 04:23:28 #9 type] 
Type domain.Comentario is not enhanced.

[2026-05-06 04:23:28 #10 type.registry] 
New type domain.Comprador

[2026-05-06 04:23:28 #11 type] 
Type domain.Reporte is not enhanced.

[2026-05-06 04:23:28 #12 type] 
Type domain.Sale is not enhanced.

[2026-05-06 04:23:28 #13 type] 
Type domain.Comprador is not enhanced.

[2026-05-06 04:23:28 #14 type.registry] 
New type domain.Administrador

[2026-05-06 04:23:28 #15 type] 
Type domain.Administrador is not enhanced.

[2026-05-06 04:23:28 #16 type.registry] 
New type java.util.ArrayList<java.lang.Object>

[2026-05-06 04:23:28 #17 type.registry] 
New type java.util.ArrayList<domain.Reporte>

[2026-05-06 04:23:28 #18 type.registry] 
New type java.util.ArrayList<domain.Comentario>

[2026-05-06 04:23:28 #19 type.registry] 
New type java.util.ArrayList<domain.Sale>

------------------------------------------------------------------------------------------------------------------------

[2026-05-06 11:52:18 #1 store] 
Database 'C:\Users\ikerr\Downloads\ParteUnai\Market26\src\main\resources\products.temp' is opened by 11908@LAPTOP-LTTIHKL6

[2026-05-06 11:52:18 #2 type.registry] 
New type domain.Usuario

[2026-05-06 11:52:18 #3 type.registry] 
New type domain.Seller

[2026-05-06 11:52:18 #4 type] 
Type domain.Usuario is not enhanced.

[2026-05-06 11:52:18 #5 type.registry] 
New type domain.Comentario

[2026-05-06 11:52:18 #6 type.registry] 
New type domain.Reporte

[2026-05-06 11:52:18 #7 type] 
Type domain.Seller is not enhanced.

[2026-05-06 11:52:18 #8 type.registry] 
New type domain.Sale

[2026-05-06 11:52:18 #9 type] 
Type domain.Comentario is not enhanced.

[2026-05-06 11:52:18 #10 type.registry] 
New type domain.Comprador

[2026-05-06 11:52:18 #11 type] 
Type domain.Reporte is not enhanced.

[2026-05-06 11:52:18 #12 type] 
Type domain.Sale is not enhanced.

[2026-05-06 11:52:18 #13 type] 
Type domain.Comprador is not enhanced.

[2026-05-06 11:52:18 #14 type.registry] 
New type domain.Administrador

[2026-05-06 11:52:18 #15 type] 
Type domain.Administrador is not enhanced.

[2026-05-06 11:52:19 #16 type.registry] 
New type java.util.ArrayList<java.lang.Object>

[2026-05-06 11:52:19 #17 type.registry] 
New type java.util.ArrayList<domain.Reporte>

[2026-05-06 11:52:19 #18 type.registry] 
New type java.util.ArrayList<domain.Comentario>

[2026-05-06 11:52:19 #19 type.registry] 
New type java.util.ArrayList<domain.Sale>

------------------------------------------------------------------------------------------------------------------------

[2026-05-06 11:53:04 #1 store] 
Database 'C:\Users\ikerr\Downloads\ParteUnai\Market26\src\main\resources\products.temp' is opened by 1892@LAPTOP-LTTIHKL6

[2026-05-06 11:53:04 #2 type.registry] 
New type domain.Usuario

[2026-05-06 11:53:04 #3 type.registry] 
New type domain.Seller

[2026-05-06 11:53:04 #4 type] 
Type domain.Usuario is not enhanced.

[2026-05-06 11:53:04 #5 type.registry] 
New type domain.Comentario

[2026-05-06 11:53:04 #6 type.registry] 
New type domain.Reporte

[2026-05-06 11:53:04 #7 type] 
Type domain.Seller is not enhanced.

[2026-05-06 11:53:04 #8 type.registry] 
New type domain.Sale

[2026-05-06 11:53:04 #9 type] 
Type domain.Comentario is not enhanced.

[2026-05-06 11:53:04 #10 type.registry] 
New type domain.Comprador

[2026-05-06 11:53:04 #11 type] 
Type domain.Reporte is not enhanced.

[2026-05-06 11:53:04 #12 type] 
Type domain.Sale is not enhanced.

[2026-05-06 11:53:04 #13 type] 
Type domain.Comprador is not enhanced.

[2026-05-06 11:53:04 #14 type.registry] 
New type domain.Administrador

[2026-05-06 11:53:04 #15 type] 
Type domain.Administrador is not enhanced.

[2026-05-06 11:53:04 #16 type.registry] 
New type java.util.ArrayList<java.lang.Object>

[2026-05-06 11:53:04 #17 type.registry] 
New type java.util.ArrayList<domain.Reporte>

[2026-05-06 11:53:04 #18 type.registry] 
New type java.util.ArrayList<domain.Comentario>

[2026-05-06 11:53:04 #19 type.registry] 
New type java.util.ArrayList<domain.Sale>

------------------------------------------------------------------------------------------------------------------------

[2026-05-06 11:56:11 #1 store] 
Database 'C:\Users\ikerr\Downloads\ParteUnai\Market26\src\main\resources\products.temp' is opened by 9128@LAPTOP-LTTIHKL6

[2026-05-06 11:56:11 #2 type.registry] 
New type domain.Usuario

[2026-05-06 11:56:11 #3 type.registry] 
New type domain.Seller

[2026-05-06 11:56:11 #4 type] 
Type domain.Usuario is not enhanced.

[2026-05-06 11:56:11 #5 type.registry] 
New type domain.Comentario

[2026-05-06 11:56:11 #6 type.registry] 
New type domain.Reporte

[2026-05-06 11:56:11 #7 type] 
Type domain.Seller is not enhanced.

[2026-05-06 11:56:11 #8 type.registry] 
New type domain.Sale

[2026-05-06 11:56:11 #9 type] 
Type domain.Comentario is not enhanced.

[2026-05-06 11:56:11 #10 type.registry] 
New type domain.Comprador

[2026-05-06 11:56:11 #11 type] 
Type domain.Reporte is not enhanced.

[2026-05-06 11:56:11 #12 type] 
Type domain.Sale is not enhanced.

[2026-05-06 11:56:11 #13 type] 
Type domain.Comprador is not enhanced.

[2026-05-06 11:56:11 #14 type.registry] 
New type domain.Administrador

[2026-05-06 11:56:11 #15 type] 
Type domain.Administrador is not enhanced.

[2026-05-06 11:56:11 #16 type.registry] 
New type java.util.ArrayList<java.lang.Object>

[2026-05-06 11:56:11 #17 type.registry] 
New type java.util.ArrayList<domain.Reporte>

[2026-05-06 11:56:11 #18 type.registry] 
New type java.util.ArrayList<domain.Comentario>

[2026-05-06 11:56:11 #19 type.registry] 
New type java.util.ArrayList<domain.Sale>

[2026-05-06 11:56:21 #20 type.registry] 
New type domain.Contraoferta

[2026-05-06 11:56:21 #21 type] 
Type domain.Contraoferta is not enhanced.

------------------------------------------------------------------------------------------------------------------------

[2026-05-06 12:07:23 #1 store] 
Database 'C:\Users\ikerr\Downloads\ParteUnai\Market26\src\main\resources\products.temp' is opened by 22108@LAPTOP-LTTIHKL6

[2026-05-06 12:07:23 #2 type.registry] 
New type domain.Usuario

[2026-05-06 12:07:23 #3 type.registry] 
New type domain.Seller

[2026-05-06 12:07:23 #4 type] 
Type domain.Usuario is not enhanced.

[2026-05-06 12:07:24 #5 type.registry] 
New type domain.Comentario

[2026-05-06 12:07:24 #6 type.registry] 
New type domain.Reporte

[2026-05-06 12:07:24 #7 type] 
Type domain.Seller is not enhanced.

[2026-05-06 12:07:24 #8 type.registry] 
New type domain.Sale

[2026-05-06 12:07:24 #9 type] 
Type domain.Comentario is not enhanced.

[2026-05-06 12:07:24 #10 type.registry] 
New type domain.Comprador

[2026-05-06 12:07:24 #11 type] 
Type domain.Reporte is not enhanced.

[2026-05-06 12:07:24 #12 type] 
Type domain.Sale is not enhanced.

[2026-05-06 12:07:24 #13 type] 
Type domain.Comprador is not enhanced.

[2026-05-06 12:07:24 #14 type.registry] 
New type domain.Administrador

[2026-05-06 12:07:24 #15 type] 
Type domain.Administrador is not enhanced.

[2026-05-06 12:07:24 #16 type.registry] 
New type java.util.ArrayList<java.lang.Object>

[2026-05-06 12:07:24 #17 type.registry] 
New type java.util.ArrayList<domain.Reporte>

[2026-05-06 12:07:24 #18 type.registry] 
New type java.util.ArrayList<domain.Comentario>

[2026-05-06 12:07:24 #19 type.registry] 
New type java.util.ArrayList<domain.Sale>

------------------------------------------------------------------------------------------------------------------------

[2026-05-06 12:14:40 #1 store] 
Database 'C:\Users\ikerr\Downloads\ParteUnai\Market26\src\main\resources\products.temp' is opened by 19224@LAPTOP-LTTIHKL6

[2026-05-06 12:14:40 #2 type.registry] 
New type domain.Usuario

[2026-05-06 12:14:40 #3 type.registry] 
New type domain.Seller

[2026-05-06 12:14:40 #4 type] 
Type domain.Usuario is not enhanced.

[2026-05-06 12:14:40 #5 type.registry] 
New type domain.Comentario

[2026-05-06 12:14:40 #6 type.registry] 
New type domain.Reporte

[2026-05-06 12:14:40 #7 type] 
Type domain.Seller is not enhanced.

[2026-05-06 12:14:40 #8 type.registry] 
New type domain.Sale

[2026-05-06 12:14:40 #9 type] 
Type domain.Comentario is not enhanced.

[2026-05-06 12:14:40 #10 type.registry] 
New type domain.Comprador

[2026-05-06 12:14:40 #11 type] 
Type domain.Reporte is not enhanced.

[2026-05-06 12:14:40 #12 type] 
Type domain.Sale is not enhanced.

[2026-05-06 12:14:40 #13 type] 
Type domain.Comprador is not enhanced.

[2026-05-06 12:14:40 #14 type.registry] 
New type domain.Administrador

[2026-05-06 12:14:40 #15 type] 
Type domain.Administrador is not enhanced.

[2026-05-06 12:14:40 #16 type.registry] 
New type java.util.ArrayList<java.lang.Object>

[2026-05-06 12:14:40 #17 type.registry] 
New type java.util.ArrayList<domain.Reporte>

[2026-05-06 12:14:40 #18 type.registry] 
New type java.util.ArrayList<domain.Comentario>

[2026-05-06 12:14:40 #19 type.registry] 
New type java.util.ArrayList<domain.Sale>

------------------------------------------------------------------------------------------------------------------------

[2026-05-06 12:16:19 #1 store] 
Database 'C:\Users\ikerr\Downloads\ParteUnai\Market26\src\main\resources\products.temp' is opened by 25476@LAPTOP-LTTIHKL6

[2026-05-06 12:16:19 #2 type.registry] 
New type domain.Usuario

[2026-05-06 12:16:19 #3 type.registry] 
New type domain.Seller

[2026-05-06 12:16:19 #4 type] 
Type domain.Usuario is not enhanced.

[2026-05-06 12:16:19 #5 type.registry] 
New type domain.Comentario

[2026-05-06 12:16:19 #6 type.registry] 
New type domain.Reporte

[2026-05-06 12:16:19 #7 type] 
Type domain.Seller is not enhanced.

[2026-05-06 12:16:19 #8 type.registry] 
New type domain.Sale

[2026-05-06 12:16:19 #9 type] 
Type domain.Comentario is not enhanced.

[2026-05-06 12:16:19 #10 type.registry] 
New type domain.Comprador

[2026-05-06 12:16:19 #11 type] 
Type domain.Reporte is not enhanced.

[2026-05-06 12:16:19 #12 type] 
Type domain.Sale is not enhanced.

[2026-05-06 12:16:19 #13 type] 
Type domain.Comprador is not enhanced.

[2026-05-06 12:16:19 #14 type.registry] 
New type domain.Administrador

[2026-05-06 12:16:19 #15 type] 
Type domain.Administrador is not enhanced.

[2026-05-06 12:16:19 #16 type.registry] 
New type java.util.ArrayList<java.lang.Object>

[2026-05-06 12:16:19 #17 type.registry] 
New type java.util.ArrayList<domain.Reporte>

[2026-05-06 12:16:19 #18 type.registry] 
New type java.util.ArrayList<domain.Comentario>

[2026-05-06 12:16:19 #19 type.registry] 
New type java.util.ArrayList<domain.Sale>

