------------------------------------------------------------------------------------------------------------------------

[2026-05-08 18:34:01 #1 store] 
Database 'C:\Users\ikerr\Downloads\Merket36\Market26\src\main\resources\products.temp' is opened by 16996@LAPTOP-LTTIHKL6

[2026-05-08 18:34:01 #2 type.registry] 
New type domain.Usuario

[2026-05-08 18:34:01 #3 type.registry] 
New type domain.Seller

[2026-05-08 18:34:01 #4 type] 
Type domain.Usuario is not enhanced.

[2026-05-08 18:34:01 #5 type.registry] 
New type domain.Comentario

[2026-05-08 18:34:01 #6 type.registry] 
New type domain.Reporte

[2026-05-08 18:34:01 #7 type] 
Type domain.Seller is not enhanced.

[2026-05-08 18:34:01 #8 type.registry] 
New type domain.Sale

[2026-05-08 18:34:01 #9 type] 
Type domain.Comentario is not enhanced.

[2026-05-08 18:34:01 #10 type.registry] 
New type domain.Comprador

[2026-05-08 18:34:01 #11 type] 
Type domain.Reporte is not enhanced.

[2026-05-08 18:34:01 #12 type] 
Type domain.Sale is not enhanced.

[2026-05-08 18:34:01 #13 type] 
Type domain.Comprador is not enhanced.

[2026-05-08 18:34:01 #14 type.registry] 
New type domain.Administrador

[2026-05-08 18:34:01 #15 type] 
Type domain.Administrador is not enhanced.

[2026-05-08 18:34:01 #16 type.registry] 
New type java.util.ArrayList<java.lang.Object>

[2026-05-08 18:34:01 #17 type.registry] 
New type java.util.ArrayList<domain.Reporte>

[2026-05-08 18:34:02 #18 type.registry] 
New type java.util.ArrayList<domain.Comentario>

[2026-05-08 18:34:02 #19 type.registry] 
New type java.util.ArrayList<domain.Sale>

------------------------------------------------------------------------------------------------------------------------

[2026-05-08 18:35:15 #1 store] 
Database 'C:\Users\ikerr\Downloads\Merket36\Market26\src\main\resources\products.temp' is opened by 15604@LAPTOP-LTTIHKL6

[2026-05-08 18:35:15 #2 type.registry] 
New type domain.Usuario

[2026-05-08 18:35:15 #3 type.registry] 
New type domain.Seller

[2026-05-08 18:35:15 #4 type] 
Type domain.Usuario is not enhanced.

[2026-05-08 18:35:15 #5 type.registry] 
New type domain.Comentario

[2026-05-08 18:35:15 #6 type.registry] 
New type domain.Reporte

[2026-05-08 18:35:15 #7 type] 
Type domain.Seller is not enhanced.

[2026-05-08 18:35:15 #8 type.registry] 
New type domain.Sale

[2026-05-08 18:35:15 #9 type] 
Type domain.Comentario is not enhanced.

[2026-05-08 18:35:15 #10 type.registry] 
New type domain.Comprador

[2026-05-08 18:35:15 #11 type] 
Type domain.Reporte is not enhanced.

[2026-05-08 18:35:15 #12 type] 
Type domain.Sale is not enhanced.

[2026-05-08 18:35:15 #13 type] 
Type domain.Comprador is not enhanced.

[2026-05-08 18:35:15 #14 type.registry] 
New type domain.Administrador

[2026-05-08 18:35:15 #15 type] 
Type domain.Administrador is not enhanced.

[2026-05-08 18:35:15 #16 type.registry] 
New type java.util.ArrayList<java.lang.Object>

[2026-05-08 18:35:15 #17 type.registry] 
New type java.util.ArrayList<domain.Reporte>

[2026-05-08 18:35:15 #18 type.registry] 
New type java.util.ArrayList<domain.Comentario>

[2026-05-08 18:35:15 #19 type.registry] 
New type java.util.ArrayList<domain.Sale>

------------------------------------------------------------------------------------------------------------------------

[2026-05-08 18:48:32 #1 store] 
Database 'C:\Users\ikerr\Downloads\Merket36\Market26\src\main\resources\products.temp' is opened by 17084@LAPTOP-LTTIHKL6

[2026-05-08 18:48:32 #2 type.registry] 
New type domain.Usuario

[2026-05-08 18:48:32 #3 type.registry] 
New type domain.Seller

[2026-05-08 18:48:32 #4 type] 
Type domain.Usuario is not enhanced.

[2026-05-08 18:48:32 #5 type.registry] 
New type domain.Comentario

[2026-05-08 18:48:32 #6 type.registry] 
New type domain.Reporte

[2026-05-08 18:48:32 #7 type] 
Type domain.Seller is not enhanced.

[2026-05-08 18:48:32 #8 type.registry] 
New type domain.Sale

[2026-05-08 18:48:32 #9 type] 
Type domain.Comentario is not enhanced.

[2026-05-08 18:48:32 #10 type.registry] 
New type domain.Comprador

[2026-05-08 18:48:32 #11 type] 
Type domain.Reporte is not enhanced.

[2026-05-08 18:48:32 #12 type] 
Type domain.Sale is not enhanced.

[2026-05-08 18:48:32 #13 type] 
Type domain.Comprador is not enhanced.

[2026-05-08 18:48:32 #14 type.registry] 
New type domain.Administrador

[2026-05-08 18:48:32 #15 type] 
Type domain.Administrador is not enhanced.

[2026-05-08 18:48:32 #16 type.registry] 
New type java.util.ArrayList<java.lang.Object>

[2026-05-08 18:48:32 #17 type.registry] 
New type java.util.ArrayList<domain.Reporte>

[2026-05-08 18:48:32 #18 type.registry] 
New type java.util.ArrayList<domain.Comentario>

[2026-05-08 18:48:32 #19 type.registry] 
New type java.util.ArrayList<domain.Sale>

[2026-05-08 18:48:32 #20 type.registry] 
New type java.util.ArrayList<domain.Comprador>

[2026-05-08 18:49:30 #21 type.registry] 
New type domain.Contraoferta

[2026-05-08 18:49:30 #22 type] 
Type domain.Contraoferta is not enhanced.

------------------------------------------------------------------------------------------------------------------------

[2026-05-08 18:52:14 #1 store] 
Database 'C:\Users\ikerr\Downloads\Merket36\Market26\src\main\resources\products.temp' has been recovered (tr. 1-17)

[2026-05-08 18:52:15 #2 store] 
Database 'C:\Users\ikerr\Downloads\Merket36\Market26\src\main\resources\products.temp' is opened by 4052@LAPTOP-LTTIHKL6

[2026-05-08 18:52:15 #3 type] 
Type domain.Usuario is not enhanced.

[2026-05-08 18:52:15 #4 type] 
Type domain.Seller is not enhanced.

[2026-05-08 18:52:15 #5 type] 
Type domain.Comentario is not enhanced.

[2026-05-08 18:52:15 #6 type] 
Type domain.Reporte is not enhanced.

[2026-05-08 18:52:15 #7 type] 
Type domain.Sale is not enhanced.

[2026-05-08 18:52:15 #8 type] 
Type domain.Comprador is not enhanced.

[2026-05-08 18:52:15 #9 type] 
Type domain.Administrador is not enhanced.

[2026-05-08 18:52:15 #10 type] 
Type domain.Contraoferta is not enhanced.

------------------------------------------------------------------------------------------------------------------------

[2026-05-08 18:54:28 #1 store] 
Database 'C:\Users\ikerr\Downloads\Merket36\Market26\src\main\resources\products.temp' is opened by 8804@LAPTOP-LTTIHKL6

[2026-05-08 18:54:29 #2 type] 
Type domain.Usuario is not enhanced.

[2026-05-08 18:54:29 #3 type] 
Type domain.Seller is not enhanced.

[2026-05-08 18:54:29 #4 type] 
Type domain.Comentario is not enhanced.

[2026-05-08 18:54:29 #5 type] 
Type domain.Reporte is not enhanced.

[2026-05-08 18:54:29 #6 type] 
Type domain.Sale is not enhanced.

[2026-05-08 18:54:29 #7 type] 
Type domain.Comprador is not enhanced.

[2026-05-08 18:54:29 #8 type] 
Type domain.Administrador is not enhanced.

[2026-05-08 18:54:29 #9 type] 
Type domain.Contraoferta is not enhanced.

------------------------------------------------------------------------------------------------------------------------

[2026-05-08 19:46:29 #1 store] 
Database 'C:\Users\ikerr\Downloads\Merket36\Market26\src\main\resources\products.temp' is opened by 13468@LAPTOP-LTTIHKL6

[2026-05-08 19:46:29 #2 type] 
Type domain.Usuario is not enhanced.

[2026-05-08 19:46:29 #3 type] 
Type domain.Seller is not enhanced.

[2026-05-08 19:46:29 #4 type] 
Type domain.Comentario is not enhanced.

[2026-05-08 19:46:29 #5 type] 
Type domain.Reporte is not enhanced.

[2026-05-08 19:46:29 #6 type] 
Type domain.Sale is not enhanced.

[2026-05-08 19:46:29 #7 type] 
Type domain.Comprador is not enhanced.

[2026-05-08 19:46:29 #8 type.registry] 
New type domain.Carrito

[2026-05-08 19:46:29 #9 type] 
Type domain.Administrador is not enhanced.

[2026-05-08 19:46:29 #10 type] 
Type domain.Contraoferta is not enhanced.

[2026-05-08 19:46:29 #11 type] 
Type domain.Carrito is not enhanced.

[2026-05-08 19:46:33 #12 type.registry] 
New type java.util.ArrayList<domain.Contraoferta>

------------------------------------------------------------------------------------------------------------------------

[2026-05-08 19:48:12 #1 store] 
Database 'C:\Users\ikerr\Downloads\Merket36\Market26\src\main\resources\products.temp' has been recovered (tr. 18-19)

[2026-05-08 19:48:12 #2 store] 
Database 'C:\Users\ikerr\Downloads\Merket36\Market26\src\main\resources\products.temp' is opened by 14568@LAPTOP-LTTIHKL6

[2026-05-08 19:48:12 #3 type] 
Type domain.Usuario is not enhanced.

[2026-05-08 19:48:12 #4 type] 
Type domain.Seller is not enhanced.

[2026-05-08 19:48:12 #5 type] 
Type domain.Comentario is not enhanced.

[2026-05-08 19:48:12 #6 type] 
Type domain.Reporte is not enhanced.

[2026-05-08 19:48:12 #7 type] 
Type domain.Sale is not enhanced.

[2026-05-08 19:48:12 #8 type] 
Type domain.Comprador is not enhanced.

[2026-05-08 19:48:12 #9 type] 
Type domain.Administrador is not enhanced.

[2026-05-08 19:48:12 #10 type] 
Type domain.Contraoferta is not enhanced.

[2026-05-08 19:48:12 #11 type] 
Type domain.Carrito is not enhanced.

------------------------------------------------------------------------------------------------------------------------

[2026-05-08 19:56:45 #1 store] 
Database 'C:\Users\ikerr\Downloads\Merket36\Market26\src\main\resources\products.temp' is opened by 3300@LAPTOP-LTTIHKL6

[2026-05-08 19:56:45 #2 type.registry] 
New type domain.Usuario

[2026-05-08 19:56:45 #3 type.registry] 
New type domain.Seller

[2026-05-08 19:56:45 #4 type] 
Type domain.Usuario is not enhanced.

[2026-05-08 19:56:45 #5 type.registry] 
New type domain.Comentario

[2026-05-08 19:56:45 #6 type.registry] 
New type domain.Reporte

[2026-05-08 19:56:45 #7 type] 
Type domain.Seller is not enhanced.

[2026-05-08 19:56:45 #8 type.registry] 
New type domain.Contraoferta

[2026-05-08 19:56:45 #9 type.registry] 
New type domain.Sale

[2026-05-08 19:56:45 #10 type] 
Type domain.Comentario is not enhanced.

[2026-05-08 19:56:45 #11 type.registry] 
New type domain.Comprador

[2026-05-08 19:56:45 #12 type] 
Type domain.Reporte is not enhanced.

[2026-05-08 19:56:45 #13 type] 
Type domain.Contraoferta is not enhanced.

[2026-05-08 19:56:45 #14 type] 
Type domain.Sale is not enhanced.

[2026-05-08 19:56:45 #15 type] 
Type domain.Comprador is not enhanced.

[2026-05-08 19:56:45 #16 type.registry] 
New type domain.Carrito

[2026-05-08 19:56:45 #17 type] 
Type domain.Carrito is not enhanced.

[2026-05-08 19:56:45 #18 type.registry] 
New type domain.Administrador

[2026-05-08 19:56:45 #19 type] 
Type domain.Administrador is not enhanced.

[2026-05-08 19:56:45 #20 type.registry] 
New type java.util.ArrayList<java.lang.Object>

[2026-05-08 19:56:45 #21 type.registry] 
New type java.util.ArrayList<domain.Reporte>

[2026-05-08 19:56:45 #22 type.registry] 
New type java.util.ArrayList<domain.Comentario>

[2026-05-08 19:56:45 #23 type.registry] 
New type java.util.ArrayList<domain.Sale>

[2026-05-08 19:56:45 #24 type.registry] 
New type java.util.ArrayList<domain.Contraoferta>

------------------------------------------------------------------------------------------------------------------------

[2026-05-08 19:58:38 #1 store] 
Database 'C:\Users\ikerr\Downloads\Merket36\Market26\src\main\resources\products.temp' is opened by 20324@LAPTOP-LTTIHKL6

[2026-05-08 19:58:38 #2 type.registry] 
New type domain.Usuario

[2026-05-08 19:58:38 #3 type.registry] 
New type domain.Seller

[2026-05-08 19:58:38 #4 type] 
Type domain.Usuario is not enhanced.

[2026-05-08 19:58:38 #5 type.registry] 
New type domain.Comentario

[2026-05-08 19:58:38 #6 type.registry] 
New type domain.Reporte

[2026-05-08 19:58:38 #7 type] 
Type domain.Seller is not enhanced.

[2026-05-08 19:58:38 #8 type.registry] 
New type domain.Contraoferta

[2026-05-08 19:58:38 #9 type.registry] 
New type domain.Sale

[2026-05-08 19:58:38 #10 type] 
Type domain.Comentario is not enhanced.

[2026-05-08 19:58:38 #11 type.registry] 
New type domain.Comprador

[2026-05-08 19:58:38 #12 type] 
Type domain.Reporte is not enhanced.

[2026-05-08 19:58:38 #13 type] 
Type domain.Contraoferta is not enhanced.

[2026-05-08 19:58:38 #14 type] 
Type domain.Sale is not enhanced.

[2026-05-08 19:58:38 #15 type] 
Type domain.Comprador is not enhanced.

[2026-05-08 19:58:38 #16 type.registry] 
New type domain.Carrito

[2026-05-08 19:58:38 #17 type] 
Type domain.Carrito is not enhanced.

[2026-05-08 19:58:38 #18 type.registry] 
New type domain.Administrador

[2026-05-08 19:58:38 #19 type] 
Type domain.Administrador is not enhanced.

[2026-05-08 19:58:38 #20 type.registry] 
New type java.util.ArrayList<java.lang.Object>

[2026-05-08 19:58:38 #21 type.registry] 
New type java.util.ArrayList<domain.Reporte>

[2026-05-08 19:58:38 #22 type.registry] 
New type java.util.ArrayList<domain.Comentario>

[2026-05-08 19:58:38 #23 type.registry] 
New type java.util.ArrayList<domain.Sale>

[2026-05-08 19:58:38 #24 type.registry] 
New type java.util.ArrayList<domain.Contraoferta>

------------------------------------------------------------------------------------------------------------------------

[2026-05-08 20:04:01 #1 store] 
Database 'C:\Users\ikerr\Downloads\Merket36\Market26\src\main\resources\products.temp' is opened by 4620@LAPTOP-LTTIHKL6

[2026-05-08 20:04:01 #2 type.registry] 
New type domain.Usuario

[2026-05-08 20:04:01 #3 type.registry] 
New type domain.Seller

[2026-05-08 20:04:01 #4 type] 
Type domain.Usuario is not enhanced.

[2026-05-08 20:04:01 #5 type.registry] 
New type domain.Comentario

[2026-05-08 20:04:01 #6 type.registry] 
New type domain.Reporte

[2026-05-08 20:04:01 #7 type] 
Type domain.Seller is not enhanced.

[2026-05-08 20:04:01 #8 type.registry] 
New type domain.Contraoferta

[2026-05-08 20:04:01 #9 type.registry] 
New type domain.Sale

[2026-05-08 20:04:01 #10 type] 
Type domain.Comentario is not enhanced.

[2026-05-08 20:04:01 #11 type.registry] 
New type domain.Comprador

[2026-05-08 20:04:01 #12 type] 
Type domain.Reporte is not enhanced.

[2026-05-08 20:04:01 #13 type] 
Type domain.Contraoferta is not enhanced.

[2026-05-08 20:04:01 #14 type] 
Type domain.Sale is not enhanced.

[2026-05-08 20:04:01 #15 type] 
Type domain.Comprador is not enhanced.

[2026-05-08 20:04:01 #16 type.registry] 
New type domain.Carrito

[2026-05-08 20:04:01 #17 type] 
Type domain.Carrito is not enhanced.

[2026-05-08 20:04:01 #18 type.registry] 
New type domain.Administrador

[2026-05-08 20:04:01 #19 type] 
Type domain.Administrador is not enhanced.

[2026-05-08 20:04:01 #20 type.registry] 
New type java.util.ArrayList<java.lang.Object>

[2026-05-08 20:04:01 #21 type.registry] 
New type java.util.ArrayList<domain.Reporte>

[2026-05-08 20:04:01 #22 type.registry] 
New type java.util.ArrayList<domain.Comentario>

[2026-05-08 20:04:01 #23 type.registry] 
New type java.util.ArrayList<domain.Sale>

[2026-05-08 20:04:01 #24 type.registry] 
New type java.util.ArrayList<domain.Contraoferta>

[2026-05-08 20:04:01 #25 type.registry] 
New type java.util.ArrayList<domain.Comprador>

------------------------------------------------------------------------------------------------------------------------

[2026-05-08 20:06:37 #1 store] 
Database 'C:\Users\ikerr\Downloads\Merket36\Market26\src\main\resources\products.temp' is opened by 21116@LAPTOP-LTTIHKL6

[2026-05-08 20:06:37 #2 type.registry] 
New type domain.Usuario

[2026-05-08 20:06:37 #3 type.registry] 
New type domain.Seller

[2026-05-08 20:06:37 #4 type] 
Type domain.Usuario is not enhanced.

[2026-05-08 20:06:37 #5 type.registry] 
New type domain.Comentario

[2026-05-08 20:06:37 #6 type.registry] 
New type domain.Reporte

[2026-05-08 20:06:37 #7 type] 
Type domain.Seller is not enhanced.

[2026-05-08 20:06:37 #8 type.registry] 
New type domain.Contraoferta

[2026-05-08 20:06:37 #9 type.registry] 
New type domain.Sale

[2026-05-08 20:06:37 #10 type] 
Type domain.Comentario is not enhanced.

[2026-05-08 20:06:37 #11 type.registry] 
New type domain.Comprador

[2026-05-08 20:06:37 #12 type] 
Type domain.Reporte is not enhanced.

[2026-05-08 20:06:37 #13 type] 
Type domain.Contraoferta is not enhanced.

[2026-05-08 20:06:37 #14 type] 
Type domain.Sale is not enhanced.

[2026-05-08 20:06:37 #15 type] 
Type domain.Comprador is not enhanced.

[2026-05-08 20:06:37 #16 type.registry] 
New type domain.Carrito

[2026-05-08 20:06:37 #17 type] 
Type domain.Carrito is not enhanced.

[2026-05-08 20:06:37 #18 type.registry] 
New type domain.Administrador

[2026-05-08 20:06:37 #19 type] 
Type domain.Administrador is not enhanced.

[2026-05-08 20:06:37 #20 type.registry] 
New type java.util.ArrayList<java.lang.Object>

[2026-05-08 20:06:37 #21 type.registry] 
New type java.util.ArrayList<domain.Reporte>

[2026-05-08 20:06:37 #22 type.registry] 
New type java.util.ArrayList<domain.Comentario>

[2026-05-08 20:06:37 #23 type.registry] 
New type java.util.ArrayList<domain.Sale>

[2026-05-08 20:06:37 #24 type.registry] 
New type java.util.ArrayList<domain.Contraoferta>

[2026-05-08 20:06:37 #25 type.registry] 
New type java.util.ArrayList<domain.Comprador>

------------------------------------------------------------------------------------------------------------------------

[2026-05-08 20:07:57 #1 store] 
Database 'C:\Users\ikerr\Downloads\Merket36\Market26\src\main\resources\products.temp' is opened by 17172@LAPTOP-LTTIHKL6

[2026-05-08 20:07:57 #2 type.registry] 
New type domain.Usuario

[2026-05-08 20:07:57 #3 type.registry] 
New type domain.Seller

[2026-05-08 20:07:57 #4 type] 
Type domain.Usuario is not enhanced.

[2026-05-08 20:07:57 #5 type.registry] 
New type domain.Comentario

[2026-05-08 20:07:57 #6 type.registry] 
New type domain.Reporte

[2026-05-08 20:07:57 #7 type] 
Type domain.Seller is not enhanced.

[2026-05-08 20:07:57 #8 type.registry] 
New type domain.Contraoferta

[2026-05-08 20:07:57 #9 type.registry] 
New type domain.Sale

[2026-05-08 20:07:57 #10 type] 
Type domain.Comentario is not enhanced.

[2026-05-08 20:07:57 #11 type.registry] 
New type domain.Comprador

[2026-05-08 20:07:57 #12 type] 
Type domain.Reporte is not enhanced.

[2026-05-08 20:07:57 #13 type] 
Type domain.Contraoferta is not enhanced.

[2026-05-08 20:07:57 #14 type] 
Type domain.Sale is not enhanced.

[2026-05-08 20:07:57 #15 type] 
Type domain.Comprador is not enhanced.

[2026-05-08 20:07:57 #16 type.registry] 
New type domain.Carrito

[2026-05-08 20:07:57 #17 type] 
Type domain.Carrito is not enhanced.

[2026-05-08 20:07:57 #18 type.registry] 
New type domain.Administrador

[2026-05-08 20:07:57 #19 type] 
Type domain.Administrador is not enhanced.

[2026-05-08 20:07:57 #20 type.registry] 
New type java.util.ArrayList<java.lang.Object>

[2026-05-08 20:07:57 #21 type.registry] 
New type java.util.ArrayList<domain.Reporte>

[2026-05-08 20:07:57 #22 type.registry] 
New type java.util.ArrayList<domain.Comentario>

[2026-05-08 20:07:57 #23 type.registry] 
New type java.util.ArrayList<domain.Sale>

[2026-05-08 20:07:57 #24 type.registry] 
New type java.util.ArrayList<domain.Contraoferta>

[2026-05-08 20:07:57 #25 type.registry] 
New type java.util.ArrayList<domain.Comprador>

------------------------------------------------------------------------------------------------------------------------

[2026-05-08 20:33:44 #1 store] 
Database 'C:\Users\ikerr\Downloads\Merket36\Market26\src\main\resources\products.temp' is opened by 14048@LAPTOP-LTTIHKL6

[2026-05-08 20:33:44 #2 type.registry] 
New type domain.Usuario

[2026-05-08 20:33:44 #3 type.registry] 
New type domain.Seller

[2026-05-08 20:33:44 #4 type] 
Type domain.Usuario is not enhanced.

[2026-05-08 20:33:44 #5 type.registry] 
New type domain.Comentario

[2026-05-08 20:33:44 #6 type.registry] 
New type domain.Reporte

[2026-05-08 20:33:44 #7 type] 
Type domain.Seller is not enhanced.

[2026-05-08 20:33:44 #8 type.registry] 
New type domain.Contraoferta

[2026-05-08 20:33:44 #9 type.registry] 
New type domain.Sale

[2026-05-08 20:33:44 #10 type] 
Type domain.Comentario is not enhanced.

[2026-05-08 20:33:44 #11 type.registry] 
New type domain.Comprador

[2026-05-08 20:33:44 #12 type] 
Type domain.Reporte is not enhanced.

[2026-05-08 20:33:44 #13 type] 
Type domain.Contraoferta is not enhanced.

[2026-05-08 20:33:44 #14 type] 
Type domain.Sale is not enhanced.

[2026-05-08 20:33:44 #15 type] 
Type domain.Comprador is not enhanced.

[2026-05-08 20:33:44 #16 type.registry] 
New type domain.Carrito

[2026-05-08 20:33:44 #17 type] 
Type domain.Carrito is not enhanced.

[2026-05-08 20:33:44 #18 type.registry] 
New type domain.Administrador

[2026-05-08 20:33:44 #19 type] 
Type domain.Administrador is not enhanced.

[2026-05-08 20:33:44 #20 type.registry] 
New type java.util.ArrayList<java.lang.Object>

[2026-05-08 20:33:44 #21 type.registry] 
New type java.util.ArrayList<domain.Reporte>

[2026-05-08 20:33:44 #22 type.registry] 
New type java.util.ArrayList<domain.Comentario>

[2026-05-08 20:33:44 #23 type.registry] 
New type java.util.ArrayList<domain.Sale>

[2026-05-08 20:33:44 #24 type.registry] 
New type java.util.ArrayList<domain.Contraoferta>

[2026-05-08 20:33:44 #25 type.registry] 
New type java.util.ArrayList<domain.Comprador>

------------------------------------------------------------------------------------------------------------------------

[2026-05-08 20:37:06 #1 store] 
Database 'C:\Users\ikerr\Downloads\Merket36\Market26\src\main\resources\products.temp' is opened by 8928@LAPTOP-LTTIHKL6

[2026-05-08 20:37:06 #2 type.registry] 
New type domain.Usuario

[2026-05-08 20:37:06 #3 type.registry] 
New type domain.Seller

[2026-05-08 20:37:06 #4 type] 
Type domain.Usuario is not enhanced.

[2026-05-08 20:37:06 #5 type.registry] 
New type domain.Comentario

[2026-05-08 20:37:06 #6 type.registry] 
New type domain.Reporte

[2026-05-08 20:37:06 #7 type] 
Type domain.Seller is not enhanced.

[2026-05-08 20:37:06 #8 type.registry] 
New type domain.Contraoferta

[2026-05-08 20:37:06 #9 type.registry] 
New type domain.Sale

[2026-05-08 20:37:06 #10 type] 
Type domain.Comentario is not enhanced.

[2026-05-08 20:37:06 #11 type.registry] 
New type domain.Comprador

[2026-05-08 20:37:06 #12 type] 
Type domain.Reporte is not enhanced.

[2026-05-08 20:37:06 #13 type] 
Type domain.Contraoferta is not enhanced.

[2026-05-08 20:37:06 #14 type] 
Type domain.Sale is not enhanced.

[2026-05-08 20:37:06 #15 type] 
Type domain.Comprador is not enhanced.

[2026-05-08 20:37:06 #16 type.registry] 
New type domain.Carrito

[2026-05-08 20:37:06 #17 type] 
Type domain.Carrito is not enhanced.

[2026-05-08 20:37:06 #18 type.registry] 
New type domain.Administrador

[2026-05-08 20:37:06 #19 type] 
Type domain.Administrador is not enhanced.

[2026-05-08 20:37:06 #20 type.registry] 
New type java.util.ArrayList<java.lang.Object>

[2026-05-08 20:37:06 #21 type.registry] 
New type java.util.ArrayList<domain.Reporte>

[2026-05-08 20:37:06 #22 type.registry] 
New type java.util.ArrayList<domain.Comentario>

[2026-05-08 20:37:06 #23 type.registry] 
New type java.util.ArrayList<domain.Sale>

[2026-05-08 20:37:06 #24 type.registry] 
New type java.util.ArrayList<domain.Contraoferta>

[2026-05-08 20:37:06 #25 type.registry] 
New type java.util.ArrayList<domain.Comprador>

------------------------------------------------------------------------------------------------------------------------

[2026-05-08 20:40:04 #1 store] 
Database 'C:\Users\ikerr\Downloads\Merket36\Market26\src\main\resources\products.temp' is opened by 19748@LAPTOP-LTTIHKL6

[2026-05-08 20:40:04 #2 type.registry] 
New type domain.Usuario

[2026-05-08 20:40:04 #3 type.registry] 
New type domain.Seller

[2026-05-08 20:40:04 #4 type] 
Type domain.Usuario is not enhanced.

[2026-05-08 20:40:04 #5 type.registry] 
New type domain.Comentario

[2026-05-08 20:40:04 #6 type.registry] 
New type domain.Reporte

[2026-05-08 20:40:04 #7 type] 
Type domain.Seller is not enhanced.

[2026-05-08 20:40:04 #8 type.registry] 
New type domain.Contraoferta

[2026-05-08 20:40:04 #9 type.registry] 
New type domain.Sale

[2026-05-08 20:40:04 #10 type] 
Type domain.Comentario is not enhanced.

[2026-05-08 20:40:04 #11 type.registry] 
New type domain.Comprador

[2026-05-08 20:40:04 #12 type] 
Type domain.Reporte is not enhanced.

[2026-05-08 20:40:04 #13 type] 
Type domain.Contraoferta is not enhanced.

[2026-05-08 20:40:04 #14 type] 
Type domain.Sale is not enhanced.

[2026-05-08 20:40:04 #15 type] 
Type domain.Comprador is not enhanced.

[2026-05-08 20:40:04 #16 type.registry] 
New type domain.Carrito

[2026-05-08 20:40:04 #17 type] 
Type domain.Carrito is not enhanced.

[2026-05-08 20:40:04 #18 type.registry] 
New type domain.Administrador

[2026-05-08 20:40:04 #19 type] 
Type domain.Administrador is not enhanced.

[2026-05-08 20:40:04 #20 type.registry] 
New type java.util.ArrayList<java.lang.Object>

[2026-05-08 20:40:04 #21 type.registry] 
New type java.util.ArrayList<domain.Reporte>

[2026-05-08 20:40:04 #22 type.registry] 
New type java.util.ArrayList<domain.Comentario>

[2026-05-08 20:40:05 #23 type.registry] 
New type java.util.ArrayList<domain.Sale>

[2026-05-08 20:40:05 #24 type.registry] 
New type java.util.ArrayList<domain.Contraoferta>

[2026-05-08 20:40:05 #25 type.registry] 
New type java.util.ArrayList<domain.Comprador>

------------------------------------------------------------------------------------------------------------------------

[2026-05-08 20:42:04 #1 store] 
Database 'C:\Users\ikerr\Downloads\Merket36\Market26\src\main\resources\products.temp' is opened by 20292@LAPTOP-LTTIHKL6

[2026-05-08 20:42:04 #2 type.registry] 
New type domain.Usuario

[2026-05-08 20:42:04 #3 type.registry] 
New type domain.Seller

[2026-05-08 20:42:04 #4 type] 
Type domain.Usuario is not enhanced.

[2026-05-08 20:42:04 #5 type.registry] 
New type domain.Comentario

[2026-05-08 20:42:04 #6 type.registry] 
New type domain.Reporte

[2026-05-08 20:42:04 #7 type] 
Type domain.Seller is not enhanced.

[2026-05-08 20:42:04 #8 type.registry] 
New type domain.Contraoferta

[2026-05-08 20:42:04 #9 type.registry] 
New type domain.Sale

[2026-05-08 20:42:04 #10 type] 
Type domain.Comentario is not enhanced.

[2026-05-08 20:42:04 #11 type.registry] 
New type domain.Comprador

[2026-05-08 20:42:04 #12 type] 
Type domain.Reporte is not enhanced.

[2026-05-08 20:42:04 #13 type] 
Type domain.Contraoferta is not enhanced.

[2026-05-08 20:42:04 #14 type] 
Type domain.Sale is not enhanced.

[2026-05-08 20:42:04 #15 type] 
Type domain.Comprador is not enhanced.

[2026-05-08 20:42:04 #16 type.registry] 
New type domain.Carrito

[2026-05-08 20:42:04 #17 type] 
Type domain.Carrito is not enhanced.

[2026-05-08 20:42:04 #18 type.registry] 
New type domain.Administrador

[2026-05-08 20:42:04 #19 type] 
Type domain.Administrador is not enhanced.

[2026-05-08 20:42:04 #20 type.registry] 
New type java.util.ArrayList<java.lang.Object>

[2026-05-08 20:42:04 #21 type.registry] 
New type java.util.ArrayList<domain.Reporte>

[2026-05-08 20:42:04 #22 type.registry] 
New type java.util.ArrayList<domain.Comentario>

[2026-05-08 20:42:04 #23 type.registry] 
New type java.util.ArrayList<domain.Sale>

[2026-05-08 20:42:04 #24 type.registry] 
New type java.util.ArrayList<domain.Contraoferta>

[2026-05-08 20:42:04 #25 type.registry] 
New type java.util.ArrayList<domain.Comprador>

------------------------------------------------------------------------------------------------------------------------

[2026-05-08 20:46:34 #1 store] 
Database 'C:\Users\ikerr\Downloads\Merket36\Market26\src\main\resources\products.temp' is opened by 22272@LAPTOP-LTTIHKL6

[2026-05-08 20:46:34 #2 type.registry] 
New type domain.Usuario

[2026-05-08 20:46:34 #3 type.registry] 
New type domain.Seller

[2026-05-08 20:46:34 #4 type] 
Type domain.Usuario is not enhanced.

[2026-05-08 20:46:34 #5 type.registry] 
New type domain.Comentario

[2026-05-08 20:46:34 #6 type.registry] 
New type domain.Reporte

[2026-05-08 20:46:34 #7 type] 
Type domain.Seller is not enhanced.

[2026-05-08 20:46:34 #8 type.registry] 
New type domain.Contraoferta

[2026-05-08 20:46:34 #9 type.registry] 
New type domain.Sale

[2026-05-08 20:46:34 #10 type] 
Type domain.Comentario is not enhanced.

[2026-05-08 20:46:34 #11 type.registry] 
New type domain.Comprador

[2026-05-08 20:46:34 #12 type] 
Type domain.Reporte is not enhanced.

[2026-05-08 20:46:34 #13 type] 
Type domain.Contraoferta is not enhanced.

[2026-05-08 20:46:34 #14 type] 
Type domain.Sale is not enhanced.

[2026-05-08 20:46:34 #15 type] 
Type domain.Comprador is not enhanced.

[2026-05-08 20:46:34 #16 type.registry] 
New type domain.Carrito

[2026-05-08 20:46:34 #17 type] 
Type domain.Carrito is not enhanced.

[2026-05-08 20:46:34 #18 type.registry] 
New type domain.Administrador

[2026-05-08 20:46:34 #19 type] 
Type domain.Administrador is not enhanced.

[2026-05-08 20:46:34 #20 type.registry] 
New type java.util.ArrayList<java.lang.Object>

[2026-05-08 20:46:34 #21 type.registry] 
New type java.util.ArrayList<domain.Reporte>

[2026-05-08 20:46:34 #22 type.registry] 
New type java.util.ArrayList<domain.Comentario>

[2026-05-08 20:46:34 #23 type.registry] 
New type java.util.ArrayList<domain.Sale>

[2026-05-08 20:46:34 #24 type.registry] 
New type java.util.ArrayList<domain.Contraoferta>

[2026-05-08 20:46:34 #25 type.registry] 
New type java.util.ArrayList<domain.Comprador>

------------------------------------------------------------------------------------------------------------------------

[2026-05-08 20:47:52 #1 store] 
Database 'C:\Users\ikerr\Downloads\Merket36\Market26\src\main\resources\products.temp' is opened by 9272@LAPTOP-LTTIHKL6

[2026-05-08 20:47:52 #2 type.registry] 
New type domain.Usuario

[2026-05-08 20:47:52 #3 type.registry] 
New type domain.Seller

[2026-05-08 20:47:52 #4 type] 
Type domain.Usuario is not enhanced.

[2026-05-08 20:47:52 #5 type.registry] 
New type domain.Comentario

[2026-05-08 20:47:52 #6 type.registry] 
New type domain.Reporte

[2026-05-08 20:47:52 #7 type] 
Type domain.Seller is not enhanced.

[2026-05-08 20:47:52 #8 type.registry] 
New type domain.Contraoferta

[2026-05-08 20:47:52 #9 type.registry] 
New type domain.Sale

[2026-05-08 20:47:52 #10 type] 
Type domain.Comentario is not enhanced.

[2026-05-08 20:47:52 #11 type.registry] 
New type domain.Comprador

[2026-05-08 20:47:52 #12 type] 
Type domain.Reporte is not enhanced.

[2026-05-08 20:47:52 #13 type] 
Type domain.Contraoferta is not enhanced.

[2026-05-08 20:47:52 #14 type] 
Type domain.Sale is not enhanced.

[2026-05-08 20:47:52 #15 type] 
Type domain.Comprador is not enhanced.

[2026-05-08 20:47:52 #16 type.registry] 
New type domain.Carrito

[2026-05-08 20:47:52 #17 type] 
Type domain.Carrito is not enhanced.

[2026-05-08 20:47:52 #18 type.registry] 
New type domain.Administrador

[2026-05-08 20:47:52 #19 type] 
Type domain.Administrador is not enhanced.

[2026-05-08 20:47:52 #20 type.registry] 
New type java.util.ArrayList<java.lang.Object>

[2026-05-08 20:47:52 #21 type.registry] 
New type java.util.ArrayList<domain.Reporte>

[2026-05-08 20:47:52 #22 type.registry] 
New type java.util.ArrayList<domain.Comentario>

[2026-05-08 20:47:52 #23 type.registry] 
New type java.util.ArrayList<domain.Sale>

[2026-05-08 20:47:52 #24 type.registry] 
New type java.util.ArrayList<domain.Contraoferta>

[2026-05-08 20:47:52 #25 type.registry] 
New type java.util.ArrayList<domain.Comprador>

------------------------------------------------------------------------------------------------------------------------

[2026-05-08 20:50:11 #1 store] 
Database 'C:\Users\ikerr\Downloads\Merket36\Market26\src\main\resources\products.temp' is opened by 15236@LAPTOP-LTTIHKL6

[2026-05-08 20:50:12 #2 type.registry] 
New type domain.Usuario

[2026-05-08 20:50:12 #3 type.registry] 
New type domain.Seller

[2026-05-08 20:50:12 #4 type] 
Type domain.Usuario is not enhanced.

[2026-05-08 20:50:12 #5 type.registry] 
New type domain.Comentario

[2026-05-08 20:50:12 #6 type.registry] 
New type domain.Reporte

[2026-05-08 20:50:12 #7 type] 
Type domain.Seller is not enhanced.

[2026-05-08 20:50:12 #8 type.registry] 
New type domain.Contraoferta

[2026-05-08 20:50:12 #9 type.registry] 
New type domain.Sale

[2026-05-08 20:50:12 #10 type] 
Type domain.Comentario is not enhanced.

[2026-05-08 20:50:12 #11 type.registry] 
New type domain.Comprador

[2026-05-08 20:50:12 #12 type] 
Type domain.Reporte is not enhanced.

[2026-05-08 20:50:12 #13 type] 
Type domain.Contraoferta is not enhanced.

[2026-05-08 20:50:12 #14 type] 
Type domain.Sale is not enhanced.

[2026-05-08 20:50:12 #15 type] 
Type domain.Comprador is not enhanced.

[2026-05-08 20:50:12 #16 type.registry] 
New type domain.Carrito

[2026-05-08 20:50:12 #17 type] 
Type domain.Carrito is not enhanced.

[2026-05-08 20:50:12 #18 type.registry] 
New type domain.Administrador

[2026-05-08 20:50:12 #19 type] 
Type domain.Administrador is not enhanced.

[2026-05-08 20:50:12 #20 type.registry] 
New type java.util.ArrayList<java.lang.Object>

[2026-05-08 20:50:12 #21 type.registry] 
New type java.util.ArrayList<domain.Reporte>

[2026-05-08 20:50:12 #22 type.registry] 
New type java.util.ArrayList<domain.Comentario>

[2026-05-08 20:50:12 #23 type.registry] 
New type java.util.ArrayList<domain.Sale>

[2026-05-08 20:50:12 #24 type.registry] 
New type java.util.ArrayList<domain.Contraoferta>

[2026-05-08 20:50:12 #25 type.registry] 
New type java.util.ArrayList<domain.Comprador>

------------------------------------------------------------------------------------------------------------------------

[2026-05-08 20:52:20 #1 store] 
Database 'C:\Users\ikerr\Downloads\Merket36\Market26\src\main\resources\products.temp' is opened by 15504@LAPTOP-LTTIHKL6

[2026-05-08 20:52:20 #2 type.registry] 
New type domain.Usuario

[2026-05-08 20:52:20 #3 type.registry] 
New type domain.Seller

[2026-05-08 20:52:20 #4 type] 
Type domain.Usuario is not enhanced.

[2026-05-08 20:52:20 #5 type.registry] 
New type domain.Comentario

[2026-05-08 20:52:20 #6 type.registry] 
New type domain.Reporte

[2026-05-08 20:52:20 #7 type] 
Type domain.Seller is not enhanced.

[2026-05-08 20:52:20 #8 type.registry] 
New type domain.Contraoferta

[2026-05-08 20:52:20 #9 type.registry] 
New type domain.Sale

[2026-05-08 20:52:20 #10 type] 
Type domain.Comentario is not enhanced.

[2026-05-08 20:52:20 #11 type.registry] 
New type domain.Comprador

[2026-05-08 20:52:20 #12 type] 
Type domain.Reporte is not enhanced.

[2026-05-08 20:52:20 #13 type] 
Type domain.Contraoferta is not enhanced.

[2026-05-08 20:52:20 #14 type] 
Type domain.Sale is not enhanced.

[2026-05-08 20:52:20 #15 type] 
Type domain.Comprador is not enhanced.

[2026-05-08 20:52:20 #16 type.registry] 
New type domain.Carrito

[2026-05-08 20:52:20 #17 type] 
Type domain.Carrito is not enhanced.

[2026-05-08 20:52:20 #18 type.registry] 
New type domain.Administrador

[2026-05-08 20:52:20 #19 type] 
Type domain.Administrador is not enhanced.

[2026-05-08 20:52:20 #20 type.registry] 
New type java.util.ArrayList<java.lang.Object>

[2026-05-08 20:52:20 #21 type.registry] 
New type java.util.ArrayList<domain.Reporte>

[2026-05-08 20:52:20 #22 type.registry] 
New type java.util.ArrayList<domain.Comentario>

[2026-05-08 20:52:20 #23 type.registry] 
New type java.util.ArrayList<domain.Sale>

[2026-05-08 20:52:20 #24 type.registry] 
New type java.util.ArrayList<domain.Contraoferta>

[2026-05-08 20:52:20 #25 type.registry] 
New type java.util.ArrayList<domain.Comprador>

------------------------------------------------------------------------------------------------------------------------

[2026-05-08 20:53:12 #1 store] 
Database 'C:\Users\ikerr\Downloads\Merket36\Market26\src\main\resources\products.temp' is opened by 10228@LAPTOP-LTTIHKL6

[2026-05-08 20:53:13 #2 type.registry] 
New type domain.Usuario

[2026-05-08 20:53:13 #3 type.registry] 
New type domain.Seller

[2026-05-08 20:53:13 #4 type] 
Type domain.Usuario is not enhanced.

[2026-05-08 20:53:13 #5 type.registry] 
New type domain.Comentario

[2026-05-08 20:53:13 #6 type.registry] 
New type domain.Reporte

[2026-05-08 20:53:13 #7 type] 
Type domain.Seller is not enhanced.

[2026-05-08 20:53:13 #8 type.registry] 
New type domain.Contraoferta

[2026-05-08 20:53:13 #9 type.registry] 
New type domain.Sale

[2026-05-08 20:53:13 #10 type] 
Type domain.Comentario is not enhanced.

[2026-05-08 20:53:13 #11 type.registry] 
New type domain.Comprador

[2026-05-08 20:53:13 #12 type] 
Type domain.Reporte is not enhanced.

[2026-05-08 20:53:13 #13 type] 
Type domain.Contraoferta is not enhanced.

[2026-05-08 20:53:13 #14 type] 
Type domain.Sale is not enhanced.

[2026-05-08 20:53:13 #15 type] 
Type domain.Comprador is not enhanced.

[2026-05-08 20:53:13 #16 type.registry] 
New type domain.Carrito

[2026-05-08 20:53:13 #17 type] 
Type domain.Carrito is not enhanced.

[2026-05-08 20:53:13 #18 type.registry] 
New type domain.Administrador

[2026-05-08 20:53:13 #19 type] 
Type domain.Administrador is not enhanced.

[2026-05-08 20:53:13 #20 type.registry] 
New type java.util.ArrayList<java.lang.Object>

[2026-05-08 20:53:13 #21 type.registry] 
New type java.util.ArrayList<domain.Reporte>

[2026-05-08 20:53:13 #22 type.registry] 
New type java.util.ArrayList<domain.Comentario>

[2026-05-08 20:53:13 #23 type.registry] 
New type java.util.ArrayList<domain.Sale>

[2026-05-08 20:53:13 #24 type.registry] 
New type java.util.ArrayList<domain.Contraoferta>

[2026-05-08 20:53:13 #25 type.registry] 
New type java.util.ArrayList<domain.Comprador>

------------------------------------------------------------------------------------------------------------------------

[2026-05-08 20:54:48 #1 store] 
Database 'C:\Users\ikerr\Downloads\Merket36\Market26\src\main\resources\products.temp' is opened by 15356@LAPTOP-LTTIHKL6

[2026-05-08 20:54:48 #2 type.registry] 
New type domain.Usuario

[2026-05-08 20:54:48 #3 type.registry] 
New type domain.Seller

[2026-05-08 20:54:48 #4 type] 
Type domain.Usuario is not enhanced.

[2026-05-08 20:54:48 #5 type.registry] 
New type domain.Comentario

[2026-05-08 20:54:48 #6 type.registry] 
New type domain.Reporte

[2026-05-08 20:54:48 #7 type] 
Type domain.Seller is not enhanced.

[2026-05-08 20:54:48 #8 type.registry] 
New type domain.Contraoferta

[2026-05-08 20:54:48 #9 type.registry] 
New type domain.Sale

[2026-05-08 20:54:48 #10 type] 
Type domain.Comentario is not enhanced.

[2026-05-08 20:54:48 #11 type.registry] 
New type domain.Comprador

[2026-05-08 20:54:48 #12 type] 
Type domain.Reporte is not enhanced.

[2026-05-08 20:54:48 #13 type] 
Type domain.Contraoferta is not enhanced.

[2026-05-08 20:54:48 #14 type] 
Type domain.Sale is not enhanced.

[2026-05-08 20:54:48 #15 type] 
Type domain.Comprador is not enhanced.

[2026-05-08 20:54:48 #16 type.registry] 
New type domain.Carrito

[2026-05-08 20:54:48 #17 type] 
Type domain.Carrito is not enhanced.

[2026-05-08 20:54:48 #18 type.registry] 
New type domain.Administrador

[2026-05-08 20:54:48 #19 type] 
Type domain.Administrador is not enhanced.

[2026-05-08 20:54:48 #20 type.registry] 
New type java.util.ArrayList<java.lang.Object>

[2026-05-08 20:54:48 #21 type.registry] 
New type java.util.ArrayList<domain.Reporte>

[2026-05-08 20:54:48 #22 type.registry] 
New type java.util.ArrayList<domain.Comentario>

[2026-05-08 20:54:48 #23 type.registry] 
New type java.util.ArrayList<domain.Sale>

[2026-05-08 20:54:48 #24 type.registry] 
New type java.util.ArrayList<domain.Contraoferta>

[2026-05-08 20:54:48 #25 type.registry] 
New type java.util.ArrayList<domain.Comprador>

------------------------------------------------------------------------------------------------------------------------

[2026-05-08 21:00:38 #1 store] 
Database 'C:\Users\ikerr\Downloads\Merket36\Market26\src\main\resources\products.temp' is opened by 20448@LAPTOP-LTTIHKL6

[2026-05-08 21:00:38 #2 type.registry] 
New type domain.Usuario

[2026-05-08 21:00:38 #3 type.registry] 
New type domain.Seller

[2026-05-08 21:00:38 #4 type] 
Type domain.Usuario is not enhanced.

[2026-05-08 21:00:38 #5 type.registry] 
New type domain.Comentario

[2026-05-08 21:00:38 #6 type.registry] 
New type domain.Reporte

[2026-05-08 21:00:38 #7 type] 
Type domain.Seller is not enhanced.

[2026-05-08 21:00:38 #8 type.registry] 
New type domain.Contraoferta

[2026-05-08 21:00:38 #9 type.registry] 
New type domain.Sale

[2026-05-08 21:00:38 #10 type] 
Type domain.Comentario is not enhanced.

[2026-05-08 21:00:38 #11 type.registry] 
New type domain.Comprador

[2026-05-08 21:00:38 #12 type] 
Type domain.Reporte is not enhanced.

[2026-05-08 21:00:38 #13 type] 
Type domain.Contraoferta is not enhanced.

[2026-05-08 21:00:38 #14 type] 
Type domain.Sale is not enhanced.

[2026-05-08 21:00:38 #15 type] 
Type domain.Comprador is not enhanced.

[2026-05-08 21:00:38 #16 type.registry] 
New type domain.Carrito

[2026-05-08 21:00:38 #17 type] 
Type domain.Carrito is not enhanced.

[2026-05-08 21:00:38 #18 type.registry] 
New type domain.Administrador

[2026-05-08 21:00:38 #19 type] 
Type domain.Administrador is not enhanced.

[2026-05-08 21:00:38 #20 type.registry] 
New type java.util.ArrayList<java.lang.Object>

[2026-05-08 21:00:38 #21 type.registry] 
New type java.util.ArrayList<domain.Reporte>

[2026-05-08 21:00:38 #22 type.registry] 
New type java.util.ArrayList<domain.Comentario>

[2026-05-08 21:00:38 #23 type.registry] 
New type java.util.ArrayList<domain.Sale>

[2026-05-08 21:00:38 #24 type.registry] 
New type java.util.ArrayList<domain.Contraoferta>

[2026-05-08 21:00:38 #25 type.registry] 
New type java.util.ArrayList<domain.Comprador>

------------------------------------------------------------------------------------------------------------------------

[2026-05-08 21:03:36 #1 store] 
Database 'C:\Users\ikerr\Downloads\Merket36\Market26\src\main\resources\products.temp' is opened by 20180@LAPTOP-LTTIHKL6

[2026-05-08 21:03:36 #2 type.registry] 
New type domain.Usuario

[2026-05-08 21:03:36 #3 type.registry] 
New type domain.Seller

[2026-05-08 21:03:36 #4 type] 
Type domain.Usuario is not enhanced.

[2026-05-08 21:03:36 #5 type.registry] 
New type domain.Comentario

[2026-05-08 21:03:36 #6 type.registry] 
New type domain.Reporte

[2026-05-08 21:03:36 #7 type] 
Type domain.Seller is not enhanced.

[2026-05-08 21:03:36 #8 type.registry] 
New type domain.Contraoferta

[2026-05-08 21:03:36 #9 type.registry] 
New type domain.Sale

[2026-05-08 21:03:36 #10 type] 
Type domain.Comentario is not enhanced.

[2026-05-08 21:03:36 #11 type.registry] 
New type domain.Comprador

[2026-05-08 21:03:36 #12 type] 
Type domain.Reporte is not enhanced.

[2026-05-08 21:03:36 #13 type] 
Type domain.Contraoferta is not enhanced.

[2026-05-08 21:03:36 #14 type] 
Type domain.Sale is not enhanced.

[2026-05-08 21:03:36 #15 type] 
Type domain.Comprador is not enhanced.

[2026-05-08 21:03:36 #16 type.registry] 
New type domain.Carrito

[2026-05-08 21:03:36 #17 type] 
Type domain.Carrito is not enhanced.

[2026-05-08 21:03:36 #18 type.registry] 
New type domain.Administrador

[2026-05-08 21:03:36 #19 type] 
Type domain.Administrador is not enhanced.

[2026-05-08 21:03:36 #20 type.registry] 
New type java.util.ArrayList<java.lang.Object>

[2026-05-08 21:03:36 #21 type.registry] 
New type java.util.ArrayList<domain.Reporte>

[2026-05-08 21:03:36 #22 type.registry] 
New type java.util.ArrayList<domain.Comentario>

[2026-05-08 21:03:36 #23 type.registry] 
New type java.util.ArrayList<domain.Sale>

[2026-05-08 21:03:36 #24 type.registry] 
New type java.util.ArrayList<domain.Contraoferta>

[2026-05-08 21:03:36 #25 type.registry] 
New type java.util.ArrayList<domain.Comprador>

------------------------------------------------------------------------------------------------------------------------

[2026-05-08 21:06:41 #1 store] 
Database 'C:\Users\ikerr\Downloads\Merket36\Market26\src\main\resources\products.temp' is opened by 12620@LAPTOP-LTTIHKL6

[2026-05-08 21:06:41 #2 type.registry] 
New type domain.Usuario

[2026-05-08 21:06:41 #3 type.registry] 
New type domain.Seller

[2026-05-08 21:06:41 #4 type] 
Type domain.Usuario is not enhanced.

[2026-05-08 21:06:41 #5 type.registry] 
New type domain.Comentario

[2026-05-08 21:06:41 #6 type.registry] 
New type domain.Reporte

[2026-05-08 21:06:41 #7 type] 
Type domain.Seller is not enhanced.

[2026-05-08 21:06:41 #8 type.registry] 
New type domain.Contraoferta

[2026-05-08 21:06:41 #9 type.registry] 
New type domain.Sale

[2026-05-08 21:06:41 #10 type] 
Type domain.Comentario is not enhanced.

[2026-05-08 21:06:41 #11 type.registry] 
New type domain.Comprador

[2026-05-08 21:06:41 #12 type] 
Type domain.Reporte is not enhanced.

[2026-05-08 21:06:41 #13 type] 
Type domain.Contraoferta is not enhanced.

[2026-05-08 21:06:41 #14 type] 
Type domain.Sale is not enhanced.

[2026-05-08 21:06:41 #15 type] 
Type domain.Comprador is not enhanced.

[2026-05-08 21:06:41 #16 type.registry] 
New type domain.Carrito

[2026-05-08 21:06:41 #17 type] 
Type domain.Carrito is not enhanced.

[2026-05-08 21:06:41 #18 type.registry] 
New type domain.Administrador

[2026-05-08 21:06:41 #19 type] 
Type domain.Administrador is not enhanced.

[2026-05-08 21:06:41 #20 type.registry] 
New type java.util.ArrayList<java.lang.Object>

[2026-05-08 21:06:41 #21 type.registry] 
New type java.util.ArrayList<domain.Reporte>

[2026-05-08 21:06:41 #22 type.registry] 
New type java.util.ArrayList<domain.Comentario>

[2026-05-08 21:06:41 #23 type.registry] 
New type java.util.ArrayList<domain.Sale>

[2026-05-08 21:06:41 #24 type.registry] 
New type java.util.ArrayList<domain.Contraoferta>

[2026-05-08 21:06:41 #25 type.registry] 
New type java.util.ArrayList<domain.Comprador>

------------------------------------------------------------------------------------------------------------------------

[2026-05-08 21:07:54 #1 store] 
Database 'C:\Users\ikerr\Downloads\Merket36\Market26\src\main\resources\products.temp' is opened by 21080@LAPTOP-LTTIHKL6

[2026-05-08 21:07:54 #2 type.registry] 
New type domain.Usuario

[2026-05-08 21:07:54 #3 type.registry] 
New type domain.Seller

[2026-05-08 21:07:54 #4 type] 
Type domain.Usuario is not enhanced.

[2026-05-08 21:07:54 #5 type.registry] 
New type domain.Comentario

[2026-05-08 21:07:54 #6 type.registry] 
New type domain.Reporte

[2026-05-08 21:07:54 #7 type] 
Type domain.Seller is not enhanced.

[2026-05-08 21:07:54 #8 type.registry] 
New type domain.Contraoferta

[2026-05-08 21:07:54 #9 type.registry] 
New type domain.Sale

[2026-05-08 21:07:54 #10 type] 
Type domain.Comentario is not enhanced.

[2026-05-08 21:07:54 #11 type.registry] 
New type domain.Comprador

[2026-05-08 21:07:54 #12 type] 
Type domain.Reporte is not enhanced.

[2026-05-08 21:07:54 #13 type] 
Type domain.Contraoferta is not enhanced.

[2026-05-08 21:07:54 #14 type] 
Type domain.Sale is not enhanced.

[2026-05-08 21:07:54 #15 type] 
Type domain.Comprador is not enhanced.

[2026-05-08 21:07:54 #16 type.registry] 
New type domain.Carrito

[2026-05-08 21:07:54 #17 type] 
Type domain.Carrito is not enhanced.

[2026-05-08 21:07:54 #18 type.registry] 
New type domain.Administrador

[2026-05-08 21:07:54 #19 type] 
Type domain.Administrador is not enhanced.

[2026-05-08 21:07:54 #20 type.registry] 
New type java.util.ArrayList<java.lang.Object>

[2026-05-08 21:07:54 #21 type.registry] 
New type java.util.ArrayList<domain.Reporte>

[2026-05-08 21:07:54 #22 type.registry] 
New type java.util.ArrayList<domain.Comentario>

[2026-05-08 21:07:54 #23 type.registry] 
New type java.util.ArrayList<domain.Sale>

[2026-05-08 21:07:54 #24 type.registry] 
New type java.util.ArrayList<domain.Contraoferta>

[2026-05-08 21:07:54 #25 type.registry] 
New type java.util.ArrayList<domain.Comprador>

------------------------------------------------------------------------------------------------------------------------

[2026-05-08 21:08:55 #1 store] 
Database 'C:\Users\ikerr\Downloads\Merket36\Market26\src\main\resources\products.temp' is opened by 22424@LAPTOP-LTTIHKL6

[2026-05-08 21:08:55 #2 type.registry] 
New type domain.Usuario

[2026-05-08 21:08:55 #3 type.registry] 
New type domain.Seller

[2026-05-08 21:08:55 #4 type] 
Type domain.Usuario is not enhanced.

[2026-05-08 21:08:55 #5 type.registry] 
New type domain.Comentario

[2026-05-08 21:08:55 #6 type.registry] 
New type domain.Reporte

[2026-05-08 21:08:55 #7 type] 
Type domain.Seller is not enhanced.

[2026-05-08 21:08:55 #8 type.registry] 
New type domain.Contraoferta

[2026-05-08 21:08:55 #9 type.registry] 
New type domain.Sale

[2026-05-08 21:08:55 #10 type] 
Type domain.Comentario is not enhanced.

[2026-05-08 21:08:55 #11 type.registry] 
New type domain.Comprador

[2026-05-08 21:08:55 #12 type] 
Type domain.Reporte is not enhanced.

[2026-05-08 21:08:55 #13 type] 
Type domain.Contraoferta is not enhanced.

[2026-05-08 21:08:55 #14 type] 
Type domain.Sale is not enhanced.

[2026-05-08 21:08:55 #15 type] 
Type domain.Comprador is not enhanced.

[2026-05-08 21:08:55 #16 type.registry] 
New type domain.Carrito

[2026-05-08 21:08:55 #17 type] 
Type domain.Carrito is not enhanced.

[2026-05-08 21:08:55 #18 type.registry] 
New type domain.Administrador

[2026-05-08 21:08:55 #19 type] 
Type domain.Administrador is not enhanced.

[2026-05-08 21:08:55 #20 type.registry] 
New type java.util.ArrayList<java.lang.Object>

[2026-05-08 21:08:55 #21 type.registry] 
New type java.util.ArrayList<domain.Reporte>

[2026-05-08 21:08:55 #22 type.registry] 
New type java.util.ArrayList<domain.Comentario>

[2026-05-08 21:08:55 #23 type.registry] 
New type java.util.ArrayList<domain.Sale>

[2026-05-08 21:08:55 #24 type.registry] 
New type java.util.ArrayList<domain.Contraoferta>

[2026-05-08 21:08:55 #25 type.registry] 
New type java.util.ArrayList<domain.Comprador>

------------------------------------------------------------------------------------------------------------------------

[2026-05-08 21:18:30 #1 store] 
Database 'C:\Users\ikerr\Downloads\Merket36\Market26\src\main\resources\products.temp' is opened by 20344@LAPTOP-LTTIHKL6

[2026-05-08 21:18:30 #2 type.registry] 
New type domain.Usuario

[2026-05-08 21:18:30 #3 type.registry] 
New type domain.Seller

[2026-05-08 21:18:30 #4 type] 
Type domain.Usuario is not enhanced.

[2026-05-08 21:18:30 #5 type.registry] 
New type domain.Comentario

[2026-05-08 21:18:30 #6 type.registry] 
New type domain.Reporte

[2026-05-08 21:18:30 #7 type] 
Type domain.Seller is not enhanced.

[2026-05-08 21:18:30 #8 type.registry] 
New type domain.Contraoferta

[2026-05-08 21:18:30 #9 type.registry] 
New type domain.Sale

[2026-05-08 21:18:30 #10 type] 
Type domain.Comentario is not enhanced.

[2026-05-08 21:18:30 #11 type.registry] 
New type domain.Comprador

[2026-05-08 21:18:30 #12 type] 
Type domain.Reporte is not enhanced.

[2026-05-08 21:18:30 #13 type] 
Type domain.Contraoferta is not enhanced.

[2026-05-08 21:18:30 #14 type] 
Type domain.Sale is not enhanced.

[2026-05-08 21:18:30 #15 type] 
Type domain.Comprador is not enhanced.

[2026-05-08 21:18:30 #16 type.registry] 
New type domain.Carrito

[2026-05-08 21:18:30 #17 type] 
Type domain.Carrito is not enhanced.

[2026-05-08 21:18:30 #18 type.registry] 
New type domain.Administrador

[2026-05-08 21:18:30 #19 type] 
Type domain.Administrador is not enhanced.

[2026-05-08 21:18:30 #20 type.registry] 
New type java.util.ArrayList<java.lang.Object>

[2026-05-08 21:18:30 #21 type.registry] 
New type java.util.ArrayList<domain.Reporte>

[2026-05-08 21:18:30 #22 type.registry] 
New type java.util.ArrayList<domain.Comentario>

[2026-05-08 21:18:30 #23 type.registry] 
New type java.util.ArrayList<domain.Sale>

[2026-05-08 21:18:30 #24 type.registry] 
New type java.util.ArrayList<domain.Contraoferta>

[2026-05-08 21:18:30 #25 type.registry] 
New type java.util.ArrayList<domain.Comprador>

------------------------------------------------------------------------------------------------------------------------

[2026-05-08 21:24:39 #1 store] 
Database 'C:\Users\ikerr\Downloads\Merket36\Market26\src\main\resources\products.temp' is opened by 16504@LAPTOP-LTTIHKL6

[2026-05-08 21:24:39 #2 type.registry] 
New type domain.Usuario

[2026-05-08 21:24:39 #3 type.registry] 
New type domain.Seller

[2026-05-08 21:24:39 #4 type] 
Type domain.Usuario is not enhanced.

[2026-05-08 21:24:39 #5 type.registry] 
New type domain.Comentario

[2026-05-08 21:24:39 #6 type.registry] 
New type domain.Reporte

[2026-05-08 21:24:39 #7 type] 
Type domain.Seller is not enhanced.

[2026-05-08 21:24:39 #8 type.registry] 
New type domain.Contraoferta

[2026-05-08 21:24:39 #9 type.registry] 
New type domain.Sale

[2026-05-08 21:24:39 #10 type] 
Type domain.Comentario is not enhanced.

[2026-05-08 21:24:39 #11 type.registry] 
New type domain.Comprador

[2026-05-08 21:24:39 #12 type] 
Type domain.Reporte is not enhanced.

[2026-05-08 21:24:39 #13 type] 
Type domain.Contraoferta is not enhanced.

[2026-05-08 21:24:39 #14 type] 
Type domain.Sale is not enhanced.

[2026-05-08 21:24:39 #15 type] 
Type domain.Comprador is not enhanced.

[2026-05-08 21:24:39 #16 type.registry] 
New type domain.Carrito

[2026-05-08 21:24:39 #17 type] 
Type domain.Carrito is not enhanced.

[2026-05-08 21:24:39 #18 type.registry] 
New type domain.Administrador

[2026-05-08 21:24:39 #19 type] 
Type domain.Administrador is not enhanced.

[2026-05-08 21:24:39 #20 type.registry] 
New type java.util.ArrayList<java.lang.Object>

[2026-05-08 21:24:39 #21 type.registry] 
New type java.util.ArrayList<domain.Reporte>

[2026-05-08 21:24:39 #22 type.registry] 
New type java.util.ArrayList<domain.Comentario>

[2026-05-08 21:24:39 #23 type.registry] 
New type java.util.ArrayList<domain.Sale>

[2026-05-08 21:24:39 #24 type.registry] 
New type java.util.ArrayList<domain.Contraoferta>

[2026-05-08 21:24:39 #25 type.registry] 
New type java.util.ArrayList<domain.Comprador>

------------------------------------------------------------------------------------------------------------------------

[2026-05-08 21:28:13 #1 store] 
Database 'C:\Users\ikerr\Downloads\Merket36\Market26\src\main\resources\products.temp' is opened by 6004@LAPTOP-LTTIHKL6

[2026-05-08 21:28:14 #2 type.registry] 
New type domain.Usuario

[2026-05-08 21:28:14 #3 type.registry] 
New type domain.Seller

[2026-05-08 21:28:14 #4 type] 
Type domain.Usuario is not enhanced.

[2026-05-08 21:28:14 #5 type.registry] 
New type domain.Comentario

[2026-05-08 21:28:14 #6 type.registry] 
New type domain.Reporte

[2026-05-08 21:28:14 #7 type] 
Type domain.Seller is not enhanced.

[2026-05-08 21:28:14 #8 type.registry] 
New type domain.Contraoferta

[2026-05-08 21:28:14 #9 type.registry] 
New type domain.Sale

[2026-05-08 21:28:14 #10 type] 
Type domain.Comentario is not enhanced.

[2026-05-08 21:28:14 #11 type.registry] 
New type domain.Comprador

[2026-05-08 21:28:14 #12 type] 
Type domain.Reporte is not enhanced.

[2026-05-08 21:28:14 #13 type] 
Type domain.Contraoferta is not enhanced.

[2026-05-08 21:28:14 #14 type] 
Type domain.Sale is not enhanced.

[2026-05-08 21:28:14 #15 type] 
Type domain.Comprador is not enhanced.

[2026-05-08 21:28:14 #16 type.registry] 
New type domain.Carrito

[2026-05-08 21:28:14 #17 type] 
Type domain.Carrito is not enhanced.

[2026-05-08 21:28:14 #18 type.registry] 
New type domain.Administrador

[2026-05-08 21:28:14 #19 type] 
Type domain.Administrador is not enhanced.

[2026-05-08 21:28:14 #20 type.registry] 
New type java.util.ArrayList<java.lang.Object>

[2026-05-08 21:28:14 #21 type.registry] 
New type java.util.ArrayList<domain.Reporte>

[2026-05-08 21:28:14 #22 type.registry] 
New type java.util.ArrayList<domain.Comentario>

[2026-05-08 21:28:14 #23 type.registry] 
New type java.util.ArrayList<domain.Sale>

[2026-05-08 21:28:14 #24 type.registry] 
New type java.util.ArrayList<domain.Contraoferta>

[2026-05-08 21:28:14 #25 type.registry] 
New type java.util.ArrayList<domain.Comprador>

------------------------------------------------------------------------------------------------------------------------

[2026-05-08 21:48:09 #1 store] 
Database 'C:\Users\ehu\Downloads\Market26\src\main\resources\products.temp' is opened by 3588@U020805

[2026-05-08 21:48:09 #2 type.registry] 
New type domain.Usuario

[2026-05-08 21:48:09 #3 type.registry] 
New type domain.Seller

[2026-05-08 21:48:09 #4 type] 
Type domain.Usuario is not enhanced.

[2026-05-08 21:48:09 #5 type.registry] 
New type domain.Comentario

[2026-05-08 21:48:09 #6 type.registry] 
New type domain.Reporte

[2026-05-08 21:48:09 #7 type] 
Type domain.Seller is not enhanced.

[2026-05-08 21:48:09 #8 type.registry] 
New type domain.Contraoferta

[2026-05-08 21:48:09 #9 type.registry] 
New type domain.Sale

[2026-05-08 21:48:09 #10 type] 
Type domain.Comentario is not enhanced.

[2026-05-08 21:48:09 #11 type.registry] 
New type domain.Comprador

[2026-05-08 21:48:09 #12 type] 
Type domain.Reporte is not enhanced.

[2026-05-08 21:48:09 #13 type] 
Type domain.Contraoferta is not enhanced.

[2026-05-08 21:48:09 #14 type] 
Type domain.Sale is not enhanced.

[2026-05-08 21:48:09 #15 type] 
Type domain.Comprador is not enhanced.

[2026-05-08 21:48:09 #16 type.registry] 
New type domain.Carrito

[2026-05-08 21:48:09 #17 type] 
Type domain.Carrito is not enhanced.

[2026-05-08 21:48:09 #18 type.registry] 
New type domain.Administrador

[2026-05-08 21:48:09 #19 type] 
Type domain.Administrador is not enhanced.

[2026-05-08 21:48:09 #20 type.registry] 
New type java.util.ArrayList<java.lang.Object>

[2026-05-08 21:48:09 #21 type.registry] 
New type java.util.ArrayList<domain.Reporte>

[2026-05-08 21:48:09 #22 type.registry] 
New type java.util.ArrayList<domain.Comentario>

[2026-05-08 21:48:09 #23 type.registry] 
New type java.util.ArrayList<domain.Sale>

[2026-05-08 21:48:09 #24 type.registry] 
New type java.util.ArrayList<domain.Contraoferta>

[2026-05-08 21:48:09 #25 type.registry] 
New type java.util.ArrayList<domain.Comprador>

------------------------------------------------------------------------------------------------------------------------

[2026-05-08 21:55:45 #1 store] 
Database 'C:\Users\ehu\Downloads\Market26\src\main\resources\products.temp' is opened by 14740@U020805

[2026-05-08 21:55:46 #2 type.registry] 
New type domain.Usuario

[2026-05-08 21:55:46 #3 type.registry] 
New type domain.Seller

[2026-05-08 21:55:46 #4 type] 
Type domain.Usuario is not enhanced.

[2026-05-08 21:55:46 #5 type.registry] 
New type domain.Comentario

[2026-05-08 21:55:46 #6 type.registry] 
New type domain.Reporte

[2026-05-08 21:55:46 #7 type] 
Type domain.Seller is not enhanced.

[2026-05-08 21:55:46 #8 type.registry] 
New type domain.Contraoferta

[2026-05-08 21:55:46 #9 type.registry] 
New type domain.Sale

[2026-05-08 21:55:46 #10 type] 
Type domain.Comentario is not enhanced.

[2026-05-08 21:55:46 #11 type.registry] 
New type domain.Comprador

[2026-05-08 21:55:46 #12 type] 
Type domain.Reporte is not enhanced.

[2026-05-08 21:55:46 #13 type] 
Type domain.Contraoferta is not enhanced.

[2026-05-08 21:55:46 #14 type] 
Type domain.Sale is not enhanced.

[2026-05-08 21:55:46 #15 type] 
Type domain.Comprador is not enhanced.

[2026-05-08 21:55:46 #16 type.registry] 
New type domain.Carrito

[2026-05-08 21:55:46 #17 type] 
Type domain.Carrito is not enhanced.

[2026-05-08 21:55:46 #18 type.registry] 
New type domain.Administrador

[2026-05-08 21:55:46 #19 type] 
Type domain.Administrador is not enhanced.

[2026-05-08 21:55:46 #20 type.registry] 
New type java.util.ArrayList<java.lang.Object>

[2026-05-08 21:55:46 #21 type.registry] 
New type java.util.ArrayList<domain.Reporte>

[2026-05-08 21:55:46 #22 type.registry] 
New type java.util.ArrayList<domain.Comentario>

[2026-05-08 21:55:46 #23 type.registry] 
New type java.util.ArrayList<domain.Sale>

[2026-05-08 21:55:46 #24 type.registry] 
New type java.util.ArrayList<domain.Contraoferta>

[2026-05-08 21:55:46 #25 type.registry] 
New type java.util.ArrayList<domain.Comprador>

------------------------------------------------------------------------------------------------------------------------

[2026-05-08 21:56:56 #1 store] 
Database 'C:\Users\ehu\Downloads\Market26\src\main\resources\products.temp' is opened by 1488@U020805

[2026-05-08 21:56:57 #2 type.registry] 
New type domain.Usuario

[2026-05-08 21:56:57 #3 type.registry] 
New type domain.Seller

[2026-05-08 21:56:57 #4 type] 
Type domain.Usuario is not enhanced.

[2026-05-08 21:56:57 #5 type.registry] 
New type domain.Comentario

[2026-05-08 21:56:57 #6 type.registry] 
New type domain.Reporte

[2026-05-08 21:56:57 #7 type] 
Type domain.Seller is not enhanced.

[2026-05-08 21:56:57 #8 type.registry] 
New type domain.Contraoferta

[2026-05-08 21:56:57 #9 type.registry] 
New type domain.Sale

[2026-05-08 21:56:57 #10 type] 
Type domain.Comentario is not enhanced.

[2026-05-08 21:56:57 #11 type.registry] 
New type domain.Comprador

[2026-05-08 21:56:57 #12 type] 
Type domain.Reporte is not enhanced.

[2026-05-08 21:56:57 #13 type] 
Type domain.Contraoferta is not enhanced.

[2026-05-08 21:56:57 #14 type] 
Type domain.Sale is not enhanced.

[2026-05-08 21:56:57 #15 type] 
Type domain.Comprador is not enhanced.

[2026-05-08 21:56:57 #16 type.registry] 
New type domain.Carrito

[2026-05-08 21:56:57 #17 type] 
Type domain.Carrito is not enhanced.

[2026-05-08 21:56:57 #18 type.registry] 
New type domain.Administrador

[2026-05-08 21:56:57 #19 type] 
Type domain.Administrador is not enhanced.

[2026-05-08 21:56:57 #20 type.registry] 
New type java.util.ArrayList<java.lang.Object>

[2026-05-08 21:56:57 #21 type.registry] 
New type java.util.ArrayList<domain.Reporte>

[2026-05-08 21:56:57 #22 type.registry] 
New type java.util.ArrayList<domain.Comentario>

[2026-05-08 21:56:57 #23 type.registry] 
New type java.util.ArrayList<domain.Sale>

[2026-05-08 21:56:57 #24 type.registry] 
New type java.util.ArrayList<domain.Contraoferta>

[2026-05-08 21:56:57 #25 type.registry] 
New type java.util.ArrayList<domain.Comprador>

------------------------------------------------------------------------------------------------------------------------

[2026-05-08 22:08:47 #1 store] 
Database 'C:\Users\ehu\Downloads\Market26\src\main\resources\products.temp' is opened by 13048@U020805

[2026-05-08 22:08:47 #2 type.registry] 
New type domain.Usuario

[2026-05-08 22:08:47 #3 type.registry] 
New type domain.Seller

[2026-05-08 22:08:47 #4 type] 
Type domain.Usuario is not enhanced.

[2026-05-08 22:08:47 #5 type.registry] 
New type domain.Comentario

[2026-05-08 22:08:47 #6 type.registry] 
New type domain.Reporte

[2026-05-08 22:08:47 #7 type] 
Type domain.Seller is not enhanced.

[2026-05-08 22:08:47 #8 type.registry] 
New type domain.Contraoferta

[2026-05-08 22:08:47 #9 type.registry] 
New type domain.Sale

[2026-05-08 22:08:47 #10 type] 
Type domain.Comentario is not enhanced.

[2026-05-08 22:08:47 #11 type.registry] 
New type domain.Comprador

[2026-05-08 22:08:47 #12 type] 
Type domain.Reporte is not enhanced.

[2026-05-08 22:08:47 #13 type] 
Type domain.Contraoferta is not enhanced.

[2026-05-08 22:08:47 #14 type] 
Type domain.Sale is not enhanced.

[2026-05-08 22:08:47 #15 type] 
Type domain.Comprador is not enhanced.

[2026-05-08 22:08:47 #16 type.registry] 
New type domain.Carrito

[2026-05-08 22:08:47 #17 type] 
Type domain.Carrito is not enhanced.

[2026-05-08 22:08:47 #18 type.registry] 
New type domain.Administrador

[2026-05-08 22:08:47 #19 type] 
Type domain.Administrador is not enhanced.

[2026-05-08 22:08:47 #20 type.registry] 
New type java.util.ArrayList<java.lang.Object>

[2026-05-08 22:08:47 #21 type.registry] 
New type java.util.ArrayList<domain.Reporte>

[2026-05-08 22:08:47 #22 type.registry] 
New type java.util.ArrayList<domain.Comentario>

[2026-05-08 22:08:47 #23 type.registry] 
New type java.util.ArrayList<domain.Sale>

[2026-05-08 22:08:47 #24 type.registry] 
New type java.util.ArrayList<domain.Contraoferta>

[2026-05-08 22:08:47 #25 type.registry] 
New type java.util.ArrayList<domain.Comprador>

------------------------------------------------------------------------------------------------------------------------

[2026-05-08 22:14:41 #1 store] 
Database 'C:\Users\ehu\Downloads\Market26\src\main\resources\products.temp' is opened by 280@U020805

[2026-05-08 22:14:41 #2 type.registry] 
New type domain.Usuario

[2026-05-08 22:14:41 #3 type.registry] 
New type domain.Seller

[2026-05-08 22:14:41 #4 type] 
Type domain.Usuario is not enhanced.

[2026-05-08 22:14:41 #5 type.registry] 
New type domain.Comentario

[2026-05-08 22:14:41 #6 type.registry] 
New type domain.Reporte

[2026-05-08 22:14:41 #7 type] 
Type domain.Seller is not enhanced.

[2026-05-08 22:14:41 #8 type.registry] 
New type domain.Contraoferta

[2026-05-08 22:14:41 #9 type.registry] 
New type domain.Sale

[2026-05-08 22:14:41 #10 type] 
Type domain.Comentario is not enhanced.

[2026-05-08 22:14:41 #11 type.registry] 
New type domain.Comprador

[2026-05-08 22:14:41 #12 type] 
Type domain.Reporte is not enhanced.

[2026-05-08 22:14:41 #13 type] 
Type domain.Contraoferta is not enhanced.

[2026-05-08 22:14:41 #14 type] 
Type domain.Sale is not enhanced.

[2026-05-08 22:14:41 #15 type] 
Type domain.Comprador is not enhanced.

[2026-05-08 22:14:41 #16 type.registry] 
New type domain.Carrito

[2026-05-08 22:14:41 #17 type] 
Type domain.Carrito is not enhanced.

[2026-05-08 22:14:41 #18 type.registry] 
New type domain.Administrador

[2026-05-08 22:14:41 #19 type] 
Type domain.Administrador is not enhanced.

[2026-05-08 22:14:41 #20 type.registry] 
New type java.util.ArrayList<java.lang.Object>

[2026-05-08 22:14:41 #21 type.registry] 
New type java.util.ArrayList<domain.Reporte>

[2026-05-08 22:14:41 #22 type.registry] 
New type java.util.ArrayList<domain.Comentario>

[2026-05-08 22:14:41 #23 type.registry] 
New type java.util.ArrayList<domain.Sale>

[2026-05-08 22:14:41 #24 type.registry] 
New type java.util.ArrayList<domain.Contraoferta>

[2026-05-08 22:14:41 #25 type.registry] 
New type java.util.ArrayList<domain.Comprador>

------------------------------------------------------------------------------------------------------------------------

[2026-05-08 22:18:00 #1 store] 
Database 'C:\Users\ehu\Downloads\Market26\src\main\resources\products.temp' is opened by 14956@U020805

[2026-05-08 22:18:00 #2 type.registry] 
New type domain.Usuario

[2026-05-08 22:18:00 #3 type.registry] 
New type domain.Seller

[2026-05-08 22:18:00 #4 type] 
Type domain.Usuario is not enhanced.

[2026-05-08 22:18:00 #5 type.registry] 
New type domain.Comentario

[2026-05-08 22:18:00 #6 type.registry] 
New type domain.Reporte

[2026-05-08 22:18:00 #7 type] 
Type domain.Seller is not enhanced.

[2026-05-08 22:18:00 #8 type.registry] 
New type domain.Contraoferta

[2026-05-08 22:18:00 #9 type.registry] 
New type domain.Sale

[2026-05-08 22:18:00 #10 type] 
Type domain.Comentario is not enhanced.

[2026-05-08 22:18:00 #11 type.registry] 
New type domain.Comprador

[2026-05-08 22:18:00 #12 type] 
Type domain.Reporte is not enhanced.

[2026-05-08 22:18:00 #13 type] 
Type domain.Contraoferta is not enhanced.

[2026-05-08 22:18:00 #14 type] 
Type domain.Sale is not enhanced.

[2026-05-08 22:18:00 #15 type] 
Type domain.Comprador is not enhanced.

[2026-05-08 22:18:00 #16 type.registry] 
New type domain.Carrito

[2026-05-08 22:18:00 #17 type] 
Type domain.Carrito is not enhanced.

[2026-05-08 22:18:00 #18 type.registry] 
New type domain.Administrador

[2026-05-08 22:18:00 #19 type] 
Type domain.Administrador is not enhanced.

[2026-05-08 22:18:00 #20 type.registry] 
New type java.util.ArrayList<java.lang.Object>

[2026-05-08 22:18:00 #21 type.registry] 
New type java.util.ArrayList<domain.Reporte>

[2026-05-08 22:18:00 #22 type.registry] 
New type java.util.ArrayList<domain.Comentario>

[2026-05-08 22:18:00 #23 type.registry] 
New type java.util.ArrayList<domain.Sale>

[2026-05-08 22:18:00 #24 type.registry] 
New type java.util.ArrayList<domain.Contraoferta>

[2026-05-08 22:18:00 #25 type.registry] 
New type java.util.ArrayList<domain.Comprador>

------------------------------------------------------------------------------------------------------------------------

[2026-05-08 22:23:48 #1 store] 
Database 'C:\Users\ehu\Downloads\Market26\src\main\resources\products.temp' is opened by 13332@U020805

[2026-05-08 22:23:49 #2 type.registry] 
New type domain.Usuario

[2026-05-08 22:23:49 #3 type.registry] 
New type domain.Seller

[2026-05-08 22:23:49 #4 type] 
Type domain.Usuario is not enhanced.

[2026-05-08 22:23:49 #5 type.registry] 
New type domain.Comentario

[2026-05-08 22:23:49 #6 type.registry] 
New type domain.Reporte

[2026-05-08 22:23:49 #7 type] 
Type domain.Seller is not enhanced.

[2026-05-08 22:23:49 #8 type.registry] 
New type domain.Contraoferta

[2026-05-08 22:23:49 #9 type.registry] 
New type domain.Sale

[2026-05-08 22:23:49 #10 type] 
Type domain.Comentario is not enhanced.

[2026-05-08 22:23:49 #11 type.registry] 
New type domain.Comprador

[2026-05-08 22:23:49 #12 type] 
Type domain.Reporte is not enhanced.

[2026-05-08 22:23:49 #13 type] 
Type domain.Contraoferta is not enhanced.

[2026-05-08 22:23:49 #14 type] 
Type domain.Sale is not enhanced.

[2026-05-08 22:23:49 #15 type] 
Type domain.Comprador is not enhanced.

[2026-05-08 22:23:49 #16 type.registry] 
New type domain.Carrito

[2026-05-08 22:23:49 #17 type] 
Type domain.Carrito is not enhanced.

[2026-05-08 22:23:49 #18 type.registry] 
New type domain.Administrador

[2026-05-08 22:23:49 #19 type] 
Type domain.Administrador is not enhanced.

[2026-05-08 22:23:49 #20 type.registry] 
New type java.util.ArrayList<java.lang.Object>

[2026-05-08 22:23:49 #21 type.registry] 
New type java.util.ArrayList<domain.Reporte>

[2026-05-08 22:23:49 #22 type.registry] 
New type java.util.ArrayList<domain.Comentario>

[2026-05-08 22:23:49 #23 type.registry] 
New type java.util.ArrayList<domain.Sale>

[2026-05-08 22:23:49 #24 type.registry] 
New type java.util.ArrayList<domain.Contraoferta>

[2026-05-08 22:23:49 #25 type.registry] 
New type java.util.ArrayList<domain.Comprador>

------------------------------------------------------------------------------------------------------------------------

[2026-05-08 22:29:46 #1 store] 
Database 'C:\Users\ehu\Downloads\Market26\src\main\resources\products.temp' is opened by 10448@U020805

[2026-05-08 22:29:46 #2 type.registry] 
New type domain.Usuario

[2026-05-08 22:29:46 #3 type.registry] 
New type domain.Seller

[2026-05-08 22:29:46 #4 type] 
Type domain.Usuario is not enhanced.

[2026-05-08 22:29:46 #5 type.registry] 
New type domain.Comentario

[2026-05-08 22:29:46 #6 type.registry] 
New type domain.Reporte

[2026-05-08 22:29:46 #7 type] 
Type domain.Seller is not enhanced.

[2026-05-08 22:29:46 #8 type.registry] 
New type domain.Contraoferta

[2026-05-08 22:29:46 #9 type.registry] 
New type domain.Sale

[2026-05-08 22:29:46 #10 type] 
Type domain.Comentario is not enhanced.

[2026-05-08 22:29:46 #11 type.registry] 
New type domain.Comprador

[2026-05-08 22:29:46 #12 type] 
Type domain.Reporte is not enhanced.

[2026-05-08 22:29:46 #13 type] 
Type domain.Contraoferta is not enhanced.

[2026-05-08 22:29:46 #14 type] 
Type domain.Sale is not enhanced.

[2026-05-08 22:29:46 #15 type] 
Type domain.Comprador is not enhanced.

[2026-05-08 22:29:46 #16 type.registry] 
New type domain.Carrito

[2026-05-08 22:29:46 #17 type] 
Type domain.Carrito is not enhanced.

[2026-05-08 22:29:46 #18 type.registry] 
New type domain.Administrador

[2026-05-08 22:29:46 #19 type] 
Type domain.Administrador is not enhanced.

[2026-05-08 22:29:46 #20 type.registry] 
New type java.util.ArrayList<java.lang.Object>

[2026-05-08 22:29:46 #21 type.registry] 
New type java.util.ArrayList<domain.Reporte>

[2026-05-08 22:29:46 #22 type.registry] 
New type java.util.ArrayList<domain.Comentario>

[2026-05-08 22:29:46 #23 type.registry] 
New type java.util.ArrayList<domain.Sale>

[2026-05-08 22:29:46 #24 type.registry] 
New type java.util.ArrayList<domain.Contraoferta>

[2026-05-08 22:29:46 #25 type.registry] 
New type java.util.ArrayList<domain.Comprador>

------------------------------------------------------------------------------------------------------------------------

[2026-05-08 22:37:21 #1 store] 
Database 'C:\Users\ehu\Downloads\Market26\src\main\resources\products.temp' has been recovered (tr. 1-14)

[2026-05-08 22:37:22 #2 store] 
Database 'C:\Users\ehu\Downloads\Market26\src\main\resources\products.temp' is opened by 12564@U020805

[2026-05-08 22:37:22 #3 type] 
Type domain.Usuario is not enhanced.

[2026-05-08 22:37:22 #4 type] 
Type domain.Seller is not enhanced.

[2026-05-08 22:37:22 #5 type] 
Type domain.Comentario is not enhanced.

[2026-05-08 22:37:22 #6 type] 
Type domain.Reporte is not enhanced.

[2026-05-08 22:37:22 #7 type] 
Type domain.Contraoferta is not enhanced.

[2026-05-08 22:37:22 #8 type] 
Type domain.Sale is not enhanced.

[2026-05-08 22:37:22 #9 type] 
Type domain.Comprador is not enhanced.

[2026-05-08 22:37:22 #10 type] 
Type domain.Carrito is not enhanced.

[2026-05-08 22:37:22 #11 type] 
Type domain.Administrador is not enhanced.

------------------------------------------------------------------------------------------------------------------------

[2026-05-08 22:39:21 #1 store] 
Database 'C:\Users\ehu\Downloads\Market26\src\main\resources\products.temp' is opened by 7100@U020805

[2026-05-08 22:39:21 #2 type] 
Type domain.Usuario is not enhanced.

[2026-05-08 22:39:21 #3 type] 
Type domain.Seller is not enhanced.

[2026-05-08 22:39:21 #4 type] 
Type domain.Comentario is not enhanced.

[2026-05-08 22:39:21 #5 type] 
Type domain.Reporte is not enhanced.

[2026-05-08 22:39:21 #6 type] 
Type domain.Contraoferta is not enhanced.

[2026-05-08 22:39:21 #7 type] 
Type domain.Sale is not enhanced.

[2026-05-08 22:39:21 #8 type] 
Type domain.Comprador is not enhanced.

[2026-05-08 22:39:21 #9 type] 
Type domain.Carrito is not enhanced.

[2026-05-08 22:39:21 #10 type] 
Type domain.Administrador is not enhanced.

------------------------------------------------------------------------------------------------------------------------

[2026-05-08 22:40:59 #1 store] 
Database 'C:\Users\ehu\Downloads\Market26\src\main\resources\products.temp' is opened by 14384@U020805

[2026-05-08 22:40:59 #2 type] 
Type domain.Usuario is not enhanced.

[2026-05-08 22:40:59 #3 type] 
Type domain.Seller is not enhanced.

[2026-05-08 22:40:59 #4 type] 
Type domain.Comentario is not enhanced.

[2026-05-08 22:40:59 #5 type] 
Type domain.Reporte is not enhanced.

[2026-05-08 22:40:59 #6 type] 
Type domain.Contraoferta is not enhanced.

[2026-05-08 22:40:59 #7 type] 
Type domain.Sale is not enhanced.

[2026-05-08 22:40:59 #8 type] 
Type domain.Comprador is not enhanced.

[2026-05-08 22:40:59 #9 type] 
Type domain.Carrito is not enhanced.

[2026-05-08 22:40:59 #10 type] 
Type domain.Administrador is not enhanced.

------------------------------------------------------------------------------------------------------------------------

[2026-05-08 22:41:36 #1 store] 
Database 'C:\Users\ehu\Downloads\Market26\src\main\resources\products.temp' is opened by 10308@U020805

[2026-05-08 22:41:36 #2 type] 
Type domain.Usuario is not enhanced.

[2026-05-08 22:41:36 #3 type] 
Type domain.Seller is not enhanced.

[2026-05-08 22:41:36 #4 type] 
Type domain.Comentario is not enhanced.

[2026-05-08 22:41:36 #5 type] 
Type domain.Reporte is not enhanced.

[2026-05-08 22:41:36 #6 type] 
Type domain.Contraoferta is not enhanced.

[2026-05-08 22:41:36 #7 type] 
Type domain.Sale is not enhanced.

[2026-05-08 22:41:36 #8 type] 
Type domain.Comprador is not enhanced.

[2026-05-08 22:41:36 #9 type] 
Type domain.Carrito is not enhanced.

[2026-05-08 22:41:36 #10 type] 
Type domain.Administrador is not enhanced.

------------------------------------------------------------------------------------------------------------------------

[2026-05-08 22:47:30 #1 store] 
Database 'C:\Users\ehu\Downloads\Market26\src\main\resources\products.temp' is opened by 4812@U020805

[2026-05-08 22:47:30 #2 type] 
Type domain.Usuario is not enhanced.

[2026-05-08 22:47:30 #3 type] 
Type domain.Seller is not enhanced.

[2026-05-08 22:47:30 #4 type] 
Type domain.Comentario is not enhanced.

[2026-05-08 22:47:30 #5 type] 
Type domain.Reporte is not enhanced.

[2026-05-08 22:47:30 #6 type] 
Type domain.Contraoferta is not enhanced.

[2026-05-08 22:47:30 #7 type] 
Type domain.Sale is not enhanced.

[2026-05-08 22:47:30 #8 type] 
Type domain.Comprador is not enhanced.

[2026-05-08 22:47:30 #9 type] 
Type domain.Carrito is not enhanced.

[2026-05-08 22:47:30 #10 type] 
Type domain.Administrador is not enhanced.

------------------------------------------------------------------------------------------------------------------------

[2026-05-08 22:54:02 #1 store] 
Database 'C:\Users\ehu\Downloads\Market26\src\main\resources\products.temp' is opened by 12460@U020805

[2026-05-08 22:54:02 #2 type] 
Type domain.Usuario is not enhanced.

[2026-05-08 22:54:02 #3 type] 
Type domain.Seller is not enhanced.

[2026-05-08 22:54:02 #4 type] 
Type domain.Comentario is not enhanced.

[2026-05-08 22:54:02 #5 type] 
Type domain.Reporte is not enhanced.

[2026-05-08 22:54:02 #6 type] 
Type domain.Contraoferta is not enhanced.

[2026-05-08 22:54:02 #7 type] 
Type domain.Sale is not enhanced.

[2026-05-08 22:54:02 #8 type] 
Type domain.Comprador is not enhanced.

[2026-05-08 22:54:02 #9 type] 
Type domain.Carrito is not enhanced.

[2026-05-08 22:54:02 #10 type] 
Type domain.Administrador is not enhanced.

------------------------------------------------------------------------------------------------------------------------

[2026-05-08 22:55:51 #1 store] 
Database 'C:\Users\ehu\Downloads\Market26\src\main\resources\products.temp' has been recovered (tr. 15-20)

[2026-05-08 22:55:52 #2 store] 
Database 'C:\Users\ehu\Downloads\Market26\src\main\resources\products.temp' is opened by 2176@U020805

[2026-05-08 22:55:52 #3 type] 
Type domain.Usuario is not enhanced.

[2026-05-08 22:55:52 #4 type] 
Type domain.Seller is not enhanced.

[2026-05-08 22:55:52 #5 type] 
Type domain.Comentario is not enhanced.

[2026-05-08 22:55:52 #6 type] 
Type domain.Reporte is not enhanced.

[2026-05-08 22:55:52 #7 type] 
Type domain.Contraoferta is not enhanced.

[2026-05-08 22:55:52 #8 type] 
Type domain.Sale is not enhanced.

[2026-05-08 22:55:52 #9 type] 
Type domain.Comprador is not enhanced.

[2026-05-08 22:55:52 #10 type] 
Type domain.Carrito is not enhanced.

[2026-05-08 22:55:52 #11 type] 
Type domain.Administrador is not enhanced.

------------------------------------------------------------------------------------------------------------------------

[2026-05-08 23:01:02 #1 store] 
Database 'C:\Users\ehu\Downloads\Market26\src\main\resources\products.temp' has been recovered (tr. 21-23)

[2026-05-08 23:01:03 #2 store] 
Database 'C:\Users\ehu\Downloads\Market26\src\main\resources\products.temp' is opened by 10032@U020805

[2026-05-08 23:01:03 #3 type] 
Type domain.Usuario is not enhanced.

[2026-05-08 23:01:03 #4 type] 
Type domain.Seller is not enhanced.

[2026-05-08 23:01:03 #5 type] 
Type domain.Comentario is not enhanced.

[2026-05-08 23:01:03 #6 type] 
Type domain.Reporte is not enhanced.

[2026-05-08 23:01:03 #7 type] 
Type domain.Contraoferta is not enhanced.

[2026-05-08 23:01:03 #8 type] 
Type domain.Sale is not enhanced.

[2026-05-08 23:01:03 #9 type] 
Type domain.Comprador is not enhanced.

[2026-05-08 23:01:03 #10 type] 
Type domain.Carrito is not enhanced.

[2026-05-08 23:01:03 #11 type] 
Type domain.Administrador is not enhanced.

------------------------------------------------------------------------------------------------------------------------

[2026-05-08 23:02:06 #1 store] 
Database 'C:\Users\ehu\Downloads\Market26\src\main\resources\products.temp' is opened by 2300@U020805

[2026-05-08 23:02:06 #2 type] 
Type domain.Usuario is not enhanced.

[2026-05-08 23:02:06 #3 type] 
Type domain.Seller is not enhanced.

[2026-05-08 23:02:06 #4 type] 
Type domain.Comentario is not enhanced.

[2026-05-08 23:02:06 #5 type] 
Type domain.Reporte is not enhanced.

[2026-05-08 23:02:06 #6 type] 
Type domain.Contraoferta is not enhanced.

[2026-05-08 23:02:06 #7 type] 
Type domain.Sale is not enhanced.

[2026-05-08 23:02:07 #8 type] 
Type domain.Comprador is not enhanced.

[2026-05-08 23:02:07 #9 type] 
Type domain.Carrito is not enhanced.

[2026-05-08 23:02:07 #10 type] 
Type domain.Administrador is not enhanced.

------------------------------------------------------------------------------------------------------------------------

[2026-05-08 23:03:03 #1 store] 
Database 'C:\Users\ehu\Downloads\Market26\src\main\resources\products.temp' is opened by 15076@U020805

[2026-05-08 23:03:04 #2 type] 
Type domain.Usuario is not enhanced.

[2026-05-08 23:03:04 #3 type] 
Type domain.Seller is not enhanced.

[2026-05-08 23:03:04 #4 type] 
Type domain.Comentario is not enhanced.

[2026-05-08 23:03:04 #5 type] 
Type domain.Reporte is not enhanced.

[2026-05-08 23:03:04 #6 type] 
Type domain.Contraoferta is not enhanced.

[2026-05-08 23:03:04 #7 type] 
Type domain.Sale is not enhanced.

[2026-05-08 23:03:04 #8 type] 
Type domain.Comprador is not enhanced.

[2026-05-08 23:03:04 #9 type] 
Type domain.Carrito is not enhanced.

[2026-05-08 23:03:04 #10 type] 
Type domain.Administrador is not enhanced.

------------------------------------------------------------------------------------------------------------------------

[2026-05-08 23:03:58 #1 store] 
Database 'C:\Users\ehu\Downloads\Market26\src\main\resources\products.temp' is opened by 7228@U020805

[2026-05-08 23:03:58 #2 type] 
Type domain.Usuario is not enhanced.

[2026-05-08 23:03:58 #3 type] 
Type domain.Seller is not enhanced.

[2026-05-08 23:03:58 #4 type] 
Type domain.Comentario is not enhanced.

[2026-05-08 23:03:58 #5 type] 
Type domain.Reporte is not enhanced.

[2026-05-08 23:03:58 #6 type] 
Type domain.Contraoferta is not enhanced.

[2026-05-08 23:03:58 #7 type] 
Type domain.Sale is not enhanced.

[2026-05-08 23:03:58 #8 type] 
Type domain.Comprador is not enhanced.

[2026-05-08 23:03:58 #9 type] 
Type domain.Carrito is not enhanced.

[2026-05-08 23:03:58 #10 type] 
Type domain.Administrador is not enhanced.

