------------------------------------------------------------------------------------------------------------------------

[2026-04-22 05:12:50 #1 store] 
Database 'C:\Users\ehu\Downloads\Market26\src\main\resources\products.temp' has been recovered (tr. 11-11)

[2026-04-22 05:12:50 #2 store] 
Database 'C:\Users\ehu\Downloads\Market26\src\main\resources\products.temp' is opened by 2564@U020805

[2026-04-22 05:12:50 #3 type] 
Type domain.Usuario is not enhanced.

[2026-04-22 05:12:50 #4 type] 
Type domain.Seller is not enhanced.

[2026-04-22 05:12:50 #5 type] 
Type domain.Comentario is not enhanced.

[2026-04-22 05:12:50 #6 type] 
Type domain.Reporte is not enhanced.

[2026-04-22 05:12:50 #7 type] 
Type domain.Sale is not enhanced.

[2026-04-22 05:12:50 #8 type] 
Type domain.Comprador is not enhanced.

[2026-04-22 05:12:50 #9 type] 
Type domain.Contraoferta is not enhanced.

------------------------------------------------------------------------------------------------------------------------

[2026-04-22 05:25:23 #1 store] 
Database 'C:\Users\ehu\Downloads\Market26\src\main\resources\products.temp' has been recovered (tr. 12-12)

[2026-04-22 05:25:23 #2 store] 
Database 'C:\Users\ehu\Downloads\Market26\src\main\resources\products.temp' is opened by 3796@U020805

[2026-04-22 05:25:23 #3 type] 
Type domain.Usuario is not enhanced.

[2026-04-22 05:25:23 #4 type] 
Type domain.Seller is not enhanced.

[2026-04-22 05:25:23 #5 type] 
Type domain.Comentario is not enhanced.

[2026-04-22 05:25:23 #6 type] 
Type domain.Reporte is not enhanced.

[2026-04-22 05:25:23 #7 type] 
Type domain.Sale is not enhanced.

[2026-04-22 05:25:23 #8 type] 
Type domain.Comprador is not enhanced.

[2026-04-22 05:25:23 #9 type] 
Type domain.Contraoferta is not enhanced.

------------------------------------------------------------------------------------------------------------------------

[2026-04-22 05:56:52 #1 store] 
Database 'C:\Users\ehu\Downloads\Market26\src\main\resources\products.temp' is opened by 3508@U020805

[2026-04-22 05:56:52 #2 type] 
Type domain.Usuario is not enhanced.

[2026-04-22 05:56:52 #3 type] 
Type domain.Seller is not enhanced.

[2026-04-22 05:56:52 #4 type] 
Type domain.Comentario is not enhanced.

[2026-04-22 05:56:52 #5 type] 
Type domain.Reporte is not enhanced.

[2026-04-22 05:56:52 #6 type] 
Type domain.Sale is not enhanced.

[2026-04-22 05:56:52 #7 type] 
Type domain.Comprador is not enhanced.

[2026-04-22 05:56:52 #8 type] 
Type domain.Contraoferta is not enhanced.

------------------------------------------------------------------------------------------------------------------------

[2026-04-22 05:58:00 #1 store] 
Database 'C:\Users\ehu\Downloads\Market26\src\main\resources\products.temp' has been recovered (tr. 13-13)

[2026-04-22 05:58:00 #2 store] 
Database 'C:\Users\ehu\Downloads\Market26\src\main\resources\products.temp' is opened by 13344@U020805

[2026-04-22 05:58:00 #3 type] 
Type domain.Usuario is not enhanced.

[2026-04-22 05:58:01 #4 type] 
Type domain.Seller is not enhanced.

[2026-04-22 05:58:01 #5 type] 
Type domain.Comentario is not enhanced.

[2026-04-22 05:58:01 #6 type] 
Type domain.Reporte is not enhanced.

[2026-04-22 05:58:01 #7 type] 
Type domain.Sale is not enhanced.

[2026-04-22 05:58:01 #8 type] 
Type domain.Comprador is not enhanced.

[2026-04-22 05:58:01 #9 type] 
Type domain.Contraoferta is not enhanced.

------------------------------------------------------------------------------------------------------------------------

[2026-04-22 05:59:07 #1 store] 
Database 'C:\Users\ehu\Downloads\Market26\src\main\resources\products.temp' is opened by 7596@U020805

[2026-04-22 05:59:07 #2 type] 
Type domain.Usuario is not enhanced.

[2026-04-22 05:59:07 #3 type] 
Type domain.Seller is not enhanced.

[2026-04-22 05:59:08 #4 type] 
Type domain.Comentario is not enhanced.

[2026-04-22 05:59:08 #5 type] 
Type domain.Reporte is not enhanced.

[2026-04-22 05:59:08 #6 type] 
Type domain.Sale is not enhanced.

[2026-04-22 05:59:08 #7 type] 
Type domain.Comprador is not enhanced.

[2026-04-22 05:59:08 #8 type] 
Type domain.Contraoferta is not enhanced.

------------------------------------------------------------------------------------------------------------------------

[2026-04-22 06:00:26 #1 store] 
Database 'C:\Users\ehu\Downloads\Market26\src\main\resources\products.temp' has been recovered (tr. 14-14)

[2026-04-22 06:00:26 #2 store] 
Database 'C:\Users\ehu\Downloads\Market26\src\main\resources\products.temp' is opened by 15092@U020805

[2026-04-22 06:00:26 #3 type] 
Type domain.Usuario is not enhanced.

[2026-04-22 06:00:26 #4 type] 
Type domain.Seller is not enhanced.

[2026-04-22 06:00:26 #5 type] 
Type domain.Comentario is not enhanced.

[2026-04-22 06:00:26 #6 type] 
Type domain.Reporte is not enhanced.

[2026-04-22 06:00:26 #7 type] 
Type domain.Sale is not enhanced.

[2026-04-22 06:00:26 #8 type] 
Type domain.Comprador is not enhanced.

[2026-04-22 06:00:26 #9 type] 
Type domain.Contraoferta is not enhanced.

------------------------------------------------------------------------------------------------------------------------

[2026-04-22 06:16:01 #1 store] 
Database 'C:\Users\ehu\Downloads\Market26\src\main\resources\products.temp' has been recovered (tr. 15-15)

[2026-04-22 06:16:01 #2 store] 
Database 'C:\Users\ehu\Downloads\Market26\src\main\resources\products.temp' is opened by 11688@U020805

[2026-04-22 06:16:01 #3 type] 
Type domain.Usuario is not enhanced.

[2026-04-22 06:16:01 #4 type] 
Type domain.Seller is not enhanced.

[2026-04-22 06:16:01 #5 type] 
Type domain.Comentario is not enhanced.

[2026-04-22 06:16:01 #6 type] 
Type domain.Reporte is not enhanced.

[2026-04-22 06:16:01 #7 type] 
Type domain.Sale is not enhanced.

[2026-04-22 06:16:01 #8 type] 
Type domain.Comprador is not enhanced.

[2026-04-22 06:16:01 #9 type] 
Type domain.Contraoferta is not enhanced.

------------------------------------------------------------------------------------------------------------------------

[2026-04-22 06:17:03 #1 store] 
Database 'C:\Users\ehu\Downloads\Market26\src\main\resources\products.temp' has been recovered (tr. 16-16)

[2026-04-22 06:17:03 #2 store] 
Database 'C:\Users\ehu\Downloads\Market26\src\main\resources\products.temp' is opened by 15212@U020805

[2026-04-22 06:17:03 #3 type] 
Type domain.Usuario is not enhanced.

[2026-04-22 06:17:03 #4 type] 
Type domain.Seller is not enhanced.

[2026-04-22 06:17:03 #5 type] 
Type domain.Comentario is not enhanced.

[2026-04-22 06:17:03 #6 type] 
Type domain.Reporte is not enhanced.

[2026-04-22 06:17:03 #7 type] 
Type domain.Sale is not enhanced.

[2026-04-22 06:17:03 #8 type] 
Type domain.Comprador is not enhanced.

[2026-04-22 06:17:03 #9 type] 
Type domain.Contraoferta is not enhanced.

------------------------------------------------------------------------------------------------------------------------

[2026-04-22 06:19:53 #1 store] 
Database 'C:\Users\ehu\Downloads\Market26\src\main\resources\products.temp' has been recovered (tr. 17-17)

[2026-04-22 06:19:53 #2 store] 
Database 'C:\Users\ehu\Downloads\Market26\src\main\resources\products.temp' is opened by 16164@U020805

[2026-04-22 06:19:53 #3 type] 
Type domain.Usuario is not enhanced.

[2026-04-22 06:19:53 #4 type] 
Type domain.Seller is not enhanced.

[2026-04-22 06:19:53 #5 type] 
Type domain.Comentario is not enhanced.

[2026-04-22 06:19:53 #6 type] 
Type domain.Reporte is not enhanced.

[2026-04-22 06:19:53 #7 type] 
Type domain.Sale is not enhanced.

[2026-04-22 06:19:53 #8 type] 
Type domain.Comprador is not enhanced.

[2026-04-22 06:19:53 #9 type] 
Type domain.Contraoferta is not enhanced.

------------------------------------------------------------------------------------------------------------------------

[2026-04-22 06:33:58 #1 store] 
Database 'C:\Users\ehu\Downloads\Market26\src\main\resources\products.temp' has been recovered (tr. 18-18)

[2026-04-22 06:33:58 #2 store] 
Database 'C:\Users\ehu\Downloads\Market26\src\main\resources\products.temp' is opened by 5108@U020805

[2026-04-22 06:33:58 #3 type] 
Type domain.Usuario is not enhanced.

[2026-04-22 06:33:58 #4 type] 
Type domain.Seller is not enhanced.

[2026-04-22 06:33:58 #5 type] 
Type domain.Comentario is not enhanced.

[2026-04-22 06:33:58 #6 type] 
Type domain.Reporte is not enhanced.

[2026-04-22 06:33:58 #7 type] 
Type domain.Sale is not enhanced.

[2026-04-22 06:33:58 #8 type] 
Type domain.Comprador is not enhanced.

[2026-04-22 06:33:58 #9 type] 
Type domain.Contraoferta is not enhanced.

------------------------------------------------------------------------------------------------------------------------

[2026-04-22 06:47:49 #1 store] 
Database 'C:\Users\ehu\Downloads\Market26\src\main\resources\products.temp' is opened by 5764@U020805

[2026-04-22 06:47:49 #2 type] 
Type domain.Usuario is not enhanced.

[2026-04-22 06:47:49 #3 type] 
Type domain.Seller is not enhanced.

[2026-04-22 06:47:49 #4 type] 
Type domain.Comentario is not enhanced.

[2026-04-22 06:47:49 #5 type] 
Type domain.Reporte is not enhanced.

[2026-04-22 06:47:49 #6 type] 
Type domain.Sale is not enhanced.

[2026-04-22 06:47:49 #7 type] 
Type domain.Comprador is not enhanced.

[2026-04-22 06:47:49 #8 type] 
Type domain.Contraoferta is not enhanced.

------------------------------------------------------------------------------------------------------------------------

[2026-04-22 06:52:39 #1 store] 
Database 'C:\Users\ehu\Downloads\Market26\src\main\resources\products.temp' is opened by 5524@U020805

[2026-04-22 06:52:40 #2 type] 
Type domain.Usuario is not enhanced.

[2026-04-22 06:52:40 #3 type] 
Type domain.Seller is not enhanced.

[2026-04-22 06:52:40 #4 type] 
Type domain.Comentario is not enhanced.

[2026-04-22 06:52:40 #5 type] 
Type domain.Reporte is not enhanced.

[2026-04-22 06:52:40 #6 type] 
Type domain.Sale is not enhanced.

[2026-04-22 06:52:40 #7 type] 
Type domain.Comprador is not enhanced.

[2026-04-22 06:52:40 #8 type] 
Type domain.Contraoferta is not enhanced.

