------------------------------------------------------------------------------------------------------------------------

[2026-04-12 00:01:00 #1 store] 
Database 'C:\Users\ikerr\Documents\Proyecto-IS-master\Market26\src\main\resources\products.temp' is opened by 17644@LAPTOP-LTTIHKL6

[2026-04-12 00:01:00 #2 type] 
Type domain.Usuario is not enhanced.

[2026-04-12 00:01:00 #3 type] 
Type domain.Seller is not enhanced.

[2026-04-12 00:01:00 #4 type] 
Type domain.Sale is not enhanced.

[2026-04-12 00:01:00 #5 type] 
Type domain.Comprador is not enhanced.

[2026-04-12 00:01:00 #6 type] 
Type domain.Contraoferta is not enhanced.

------------------------------------------------------------------------------------------------------------------------

[2026-04-12 00:02:48 #1 store] 
Database 'C:\Users\ikerr\Documents\Proyecto-IS-master\Market26\src\main\resources\products.temp' is opened by 15060@LAPTOP-LTTIHKL6

[2026-04-12 00:02:48 #2 type] 
Type domain.Usuario is not enhanced.

[2026-04-12 00:02:48 #3 type] 
Type domain.Seller is not enhanced.

[2026-04-12 00:02:48 #4 type] 
Type domain.Sale is not enhanced.

[2026-04-12 00:02:48 #5 type] 
Type domain.Comprador is not enhanced.

[2026-04-12 00:02:48 #6 type] 
Type domain.Contraoferta is not enhanced.

------------------------------------------------------------------------------------------------------------------------

[2026-04-12 00:31:36 #1 store] 
Database 'C:\Users\ikerr\Documents\Proyecto-IS-master\Market26\src\main\resources\products.temp' is opened by 4812@LAPTOP-LTTIHKL6

[2026-04-12 00:31:36 #2 type] 
Type domain.Usuario is not enhanced.

[2026-04-12 00:31:36 #3 type] 
Type domain.Seller is not enhanced.

[2026-04-12 00:31:36 #4 type] 
Type domain.Sale is not enhanced.

[2026-04-12 00:31:36 #5 type] 
Type domain.Comprador is not enhanced.

[2026-04-12 00:31:36 #6 type] 
Type domain.Contraoferta is not enhanced.

------------------------------------------------------------------------------------------------------------------------

[2026-04-12 00:32:26 #1 store] 
Database 'C:\Users\ikerr\Documents\Proyecto-IS-master\Market26\src\main\resources\products.temp' is opened by 7944@LAPTOP-LTTIHKL6

[2026-04-12 00:32:26 #2 type] 
Type domain.Usuario is not enhanced.

[2026-04-12 00:32:26 #3 type] 
Type domain.Seller is not enhanced.

[2026-04-12 00:32:26 #4 type] 
Type domain.Sale is not enhanced.

[2026-04-12 00:32:26 #5 type] 
Type domain.Comprador is not enhanced.

[2026-04-12 00:32:26 #6 type] 
Type domain.Contraoferta is not enhanced.

------------------------------------------------------------------------------------------------------------------------

[2026-04-12 00:32:50 #1 store] 
Database 'C:\Users\ikerr\Documents\Proyecto-IS-master\Market26\src\main\resources\products.temp' is opened by 18940@LAPTOP-LTTIHKL6

[2026-04-12 00:32:50 #2 type] 
Type domain.Usuario is not enhanced.

[2026-04-12 00:32:50 #3 type] 
Type domain.Seller is not enhanced.

[2026-04-12 00:32:50 #4 type] 
Type domain.Sale is not enhanced.

[2026-04-12 00:32:50 #5 type] 
Type domain.Comprador is not enhanced.

[2026-04-12 00:32:50 #6 type] 
Type domain.Contraoferta is not enhanced.

------------------------------------------------------------------------------------------------------------------------

[2026-04-12 01:17:18 #1 store] 
Database 'C:\Users\ikerr\Documents\Proyecto-IS-master\Market26\src\main\resources\products.temp' is opened by 11376@LAPTOP-LTTIHKL6

[2026-04-12 01:17:18 #2 type] 
Type domain.Usuario is not enhanced.

[2026-04-12 01:17:18 #3 type] 
Type domain.Seller is not enhanced.

[2026-04-12 01:17:18 #4 type] 
Type domain.Sale is not enhanced.

[2026-04-12 01:17:18 #5 type] 
Type domain.Comprador is not enhanced.

[2026-04-12 01:17:18 #6 type] 
Type domain.Contraoferta is not enhanced.

[2026-04-12 01:17:34 #7 type.registry] 
New type domain.Reporte

[2026-04-12 01:17:34 #8 type] 
Type domain.Reporte is not enhanced.

------------------------------------------------------------------------------------------------------------------------

[2026-04-12 01:22:04 #1 store] 
Database 'C:\Users\ikerr\Documents\Proyecto-IS-master\Market26\src\main\resources\products.temp' is opened by 11136@LAPTOP-LTTIHKL6

[2026-04-12 01:22:05 #2 type] 
Type domain.Usuario is not enhanced.

[2026-04-12 01:22:05 #3 type] 
Type domain.Seller is not enhanced.

[2026-04-12 01:22:05 #4 type] 
Type domain.Sale is not enhanced.

[2026-04-12 01:22:05 #5 type] 
Type domain.Comprador is not enhanced.

[2026-04-12 01:22:05 #6 type] 
Type domain.Contraoferta is not enhanced.

[2026-04-12 01:22:05 #7 type] 
Type domain.Reporte is not enhanced.

------------------------------------------------------------------------------------------------------------------------

[2026-04-12 02:52:55 #1 store] 
Database 'C:\Users\ikerr\Documents\Proyecto-IS-master\Market26\src\main\resources\products.temp' is opened by 19120@LAPTOP-LTTIHKL6

[2026-04-12 02:52:56 #2 type] 
Type domain.Usuario is not enhanced.

[2026-04-12 02:52:56 #3 type] 
Type domain.Seller is not enhanced.

[2026-04-12 02:52:56 #4 type] 
Type domain.Sale is not enhanced.

[2026-04-12 02:52:56 #5 type] 
Type domain.Comprador is not enhanced.

[2026-04-12 02:52:56 #6 type] 
Type domain.Contraoferta is not enhanced.

[2026-04-12 02:52:56 #7 type] 
Type domain.Reporte is not enhanced.

------------------------------------------------------------------------------------------------------------------------

[2026-04-12 10:27:17 #1 store] 
Database 'C:\Users\ikerr\Documents\Proyecto-IS-master\Market26\src\main\resources\products.temp' is opened by 1504@LAPTOP-LTTIHKL6

[2026-04-12 10:27:17 #2 type] 
Type domain.Usuario is not enhanced.

[2026-04-12 10:27:18 #3 type.registry] 
New type domain.Comentario

[2026-04-12 10:27:18 #4 type] 
Type domain.Seller is not enhanced.

[2026-04-12 10:27:18 #5 type] 
Type domain.Sale is not enhanced.

[2026-04-12 10:27:18 #6 type] 
Type domain.Comprador is not enhanced.

[2026-04-12 10:27:18 #7 type] 
Type domain.Contraoferta is not enhanced.

[2026-04-12 10:27:18 #8 type] 
Type domain.Reporte is not enhanced.

[2026-04-12 10:27:18 #9 type] 
Type domain.Comentario is not enhanced.

[2026-04-12 10:27:26 #10 type.registry] 
New type java.util.ArrayList<domain.Comentario>

[2026-04-12 10:27:26 #11 type.registry] 
New type java.util.ArrayList<domain.Reporte>

------------------------------------------------------------------------------------------------------------------------

[2026-04-12 16:27:42 #1 store] 
Database 'C:\Users\ikerr\Documents\Proyecto-IS-master\Market26\src\main\resources\products.temp' is opened by 13524@LAPTOP-LTTIHKL6

[2026-04-12 16:27:43 #2 type] 
Type domain.Usuario is not enhanced.

[2026-04-12 16:27:43 #3 type] 
Type domain.Seller is not enhanced.

[2026-04-12 16:27:43 #4 type] 
Type domain.Sale is not enhanced.

[2026-04-12 16:27:43 #5 type] 
Type domain.Comprador is not enhanced.

[2026-04-12 16:27:43 #6 type] 
Type domain.Contraoferta is not enhanced.

[2026-04-12 16:27:43 #7 type] 
Type domain.Reporte is not enhanced.

[2026-04-12 16:27:43 #8 type] 
Type domain.Comentario is not enhanced.

------------------------------------------------------------------------------------------------------------------------

[2026-04-12 16:31:58 #1 store] 
Database 'C:\Users\ikerr\Documents\Proyecto-IS-master\Market26\src\main\resources\products.temp' has been recovered (tr. 20-20)

[2026-04-12 16:31:58 #2 store] 
Database 'C:\Users\ikerr\Documents\Proyecto-IS-master\Market26\src\main\resources\products.temp' is opened by 15452@LAPTOP-LTTIHKL6

[2026-04-12 16:31:58 #3 type] 
Type domain.Usuario is not enhanced.

[2026-04-12 16:31:58 #4 type] 
Type domain.Seller is not enhanced.

[2026-04-12 16:31:58 #5 type] 
Type domain.Sale is not enhanced.

[2026-04-12 16:31:58 #6 type] 
Type domain.Comprador is not enhanced.

[2026-04-12 16:31:58 #7 type] 
Type domain.Contraoferta is not enhanced.

[2026-04-12 16:31:58 #8 type] 
Type domain.Reporte is not enhanced.

[2026-04-12 16:31:58 #9 type] 
Type domain.Comentario is not enhanced.

------------------------------------------------------------------------------------------------------------------------

[2026-04-12 16:33:46 #1 store] 
Database 'C:\Users\ikerr\Documents\Proyecto-IS-master\Market26\src\main\resources\products.temp' is opened by 3956@LAPTOP-LTTIHKL6

[2026-04-12 16:33:46 #2 type] 
Type domain.Usuario is not enhanced.

[2026-04-12 16:33:46 #3 type] 
Type domain.Seller is not enhanced.

[2026-04-12 16:33:46 #4 type] 
Type domain.Sale is not enhanced.

[2026-04-12 16:33:46 #5 type] 
Type domain.Comprador is not enhanced.

[2026-04-12 16:33:46 #6 type] 
Type domain.Contraoferta is not enhanced.

[2026-04-12 16:33:46 #7 type] 
Type domain.Reporte is not enhanced.

[2026-04-12 16:33:46 #8 type] 
Type domain.Comentario is not enhanced.

------------------------------------------------------------------------------------------------------------------------

[2026-04-12 16:34:39 #1 store] 
Database 'C:\Users\ikerr\Documents\Proyecto-IS-master\Market26\src\main\resources\products.temp' is opened by 10552@LAPTOP-LTTIHKL6

[2026-04-12 16:34:39 #2 type] 
Type domain.Usuario is not enhanced.

[2026-04-12 16:34:39 #3 type] 
Type domain.Seller is not enhanced.

[2026-04-12 16:34:39 #4 type] 
Type domain.Sale is not enhanced.

[2026-04-12 16:34:39 #5 type] 
Type domain.Comprador is not enhanced.

[2026-04-12 16:34:39 #6 type] 
Type domain.Contraoferta is not enhanced.

[2026-04-12 16:34:39 #7 type] 
Type domain.Reporte is not enhanced.

[2026-04-12 16:34:39 #8 type] 
Type domain.Comentario is not enhanced.

------------------------------------------------------------------------------------------------------------------------

[2026-04-12 16:35:21 #1 store] 
Database 'C:\Users\ikerr\Documents\Proyecto-IS-master\Market26\src\main\resources\products.temp' is opened by 8280@LAPTOP-LTTIHKL6

[2026-04-12 16:35:21 #2 type] 
Type domain.Usuario is not enhanced.

[2026-04-12 16:35:21 #3 type] 
Type domain.Seller is not enhanced.

[2026-04-12 16:35:21 #4 type] 
Type domain.Sale is not enhanced.

[2026-04-12 16:35:21 #5 type] 
Type domain.Comprador is not enhanced.

[2026-04-12 16:35:21 #6 type] 
Type domain.Contraoferta is not enhanced.

[2026-04-12 16:35:21 #7 type] 
Type domain.Reporte is not enhanced.

[2026-04-12 16:35:21 #8 type] 
Type domain.Comentario is not enhanced.

------------------------------------------------------------------------------------------------------------------------

[2026-04-12 16:39:17 #1 store] 
Database 'C:\Users\ikerr\Documents\Proyecto-IS-master\Market26\src\main\resources\products.temp' is opened by 10772@LAPTOP-LTTIHKL6

[2026-04-12 16:39:17 #2 type] 
Type domain.Usuario is not enhanced.

[2026-04-12 16:39:17 #3 type] 
Type domain.Seller is not enhanced.

[2026-04-12 16:39:17 #4 type] 
Type domain.Sale is not enhanced.

[2026-04-12 16:39:17 #5 type] 
Type domain.Comprador is not enhanced.

[2026-04-12 16:39:17 #6 type] 
Type domain.Contraoferta is not enhanced.

[2026-04-12 16:39:17 #7 type] 
Type domain.Reporte is not enhanced.

[2026-04-12 16:39:17 #8 type] 
Type domain.Comentario is not enhanced.

------------------------------------------------------------------------------------------------------------------------

[2026-04-12 16:55:30 #1 store] 
Database 'C:\Users\ikerr\Documents\Proyecto-IS-master\Market26\src\main\resources\products.temp' is opened by 12144@LAPTOP-LTTIHKL6

[2026-04-12 16:55:30 #2 type] 
Type domain.Usuario is not enhanced.

[2026-04-12 16:55:30 #3 type] 
Type domain.Seller is not enhanced.

[2026-04-12 16:55:30 #4 type] 
Type domain.Sale is not enhanced.

[2026-04-12 16:55:30 #5 type] 
Type domain.Comprador is not enhanced.

[2026-04-12 16:55:30 #6 type] 
Type domain.Contraoferta is not enhanced.

[2026-04-12 16:55:30 #7 type] 
Type domain.Reporte is not enhanced.

[2026-04-12 16:55:30 #8 type] 
Type domain.Comentario is not enhanced.

------------------------------------------------------------------------------------------------------------------------

[2026-04-12 16:55:50 #1 store] 
Database 'C:\Users\ikerr\Documents\Proyecto-IS-master\Market26\src\main\resources\products.temp' has been recovered (tr. 21-21)

[2026-04-12 16:55:50 #2 store] 
Database 'C:\Users\ikerr\Documents\Proyecto-IS-master\Market26\src\main\resources\products.temp' is opened by 15732@LAPTOP-LTTIHKL6

[2026-04-12 16:55:51 #3 type] 
Type domain.Usuario is not enhanced.

[2026-04-12 16:55:51 #4 type] 
Type domain.Seller is not enhanced.

[2026-04-12 16:55:51 #5 type] 
Type domain.Sale is not enhanced.

[2026-04-12 16:55:51 #6 type] 
Type domain.Comprador is not enhanced.

[2026-04-12 16:55:51 #7 type] 
Type domain.Contraoferta is not enhanced.

[2026-04-12 16:55:51 #8 type] 
Type domain.Reporte is not enhanced.

[2026-04-12 16:55:51 #9 type] 
Type domain.Comentario is not enhanced.

------------------------------------------------------------------------------------------------------------------------

[2026-04-12 19:50:56 #1 store] 
Database 'C:\Users\ikerr\Documents\Proyecto-IS-master\Market26\src\main\resources\products.temp' is opened by 13592@LAPTOP-LTTIHKL6

[2026-04-12 19:50:56 #2 type] 
Type domain.Usuario is not enhanced.

[2026-04-12 19:50:56 #3 type] 
Type domain.Seller is not enhanced.

[2026-04-12 19:50:56 #4 type] 
Type domain.Sale is not enhanced.

[2026-04-12 19:50:56 #5 type] 
Type domain.Comprador is not enhanced.

[2026-04-12 19:50:56 #6 type] 
Type domain.Contraoferta is not enhanced.

[2026-04-12 19:50:56 #7 type] 
Type domain.Reporte is not enhanced.

[2026-04-12 19:50:56 #8 type] 
Type domain.Comentario is not enhanced.

------------------------------------------------------------------------------------------------------------------------

[2026-04-12 19:51:12 #1 store] 
Database 'C:\Users\ikerr\Documents\Proyecto-IS-master\Market26\src\main\resources\products.temp' is opened by 10956@LAPTOP-LTTIHKL6

[2026-04-12 19:51:12 #2 type.registry] 
New type domain.Usuario

[2026-04-12 19:51:12 #3 type.registry] 
New type domain.Seller

[2026-04-12 19:51:12 #4 type] 
Type domain.Usuario is not enhanced.

[2026-04-12 19:51:12 #5 type.registry] 
New type domain.Comentario

[2026-04-12 19:51:12 #6 type.registry] 
New type domain.Reporte

[2026-04-12 19:51:12 #7 type] 
Type domain.Seller is not enhanced.

[2026-04-12 19:51:12 #8 type.registry] 
New type domain.Sale

[2026-04-12 19:51:12 #9 type] 
Type domain.Comentario is not enhanced.

[2026-04-12 19:51:12 #10 type.registry] 
New type domain.Comprador

[2026-04-12 19:51:12 #11 type] 
Type domain.Reporte is not enhanced.

[2026-04-12 19:51:12 #12 type] 
Type domain.Sale is not enhanced.

[2026-04-12 19:51:12 #13 type] 
Type domain.Comprador is not enhanced.

[2026-04-12 19:51:12 #14 type.registry] 
New type java.util.ArrayList<java.lang.Object>

[2026-04-12 19:51:12 #15 type.registry] 
New type java.util.ArrayList<domain.Reporte>

[2026-04-12 19:51:12 #16 type.registry] 
New type java.util.ArrayList<domain.Comentario>

[2026-04-12 19:51:12 #17 type.registry] 
New type java.util.ArrayList<domain.Sale>

------------------------------------------------------------------------------------------------------------------------

[2026-04-12 19:51:20 #1 store] 
Database 'C:\Users\ikerr\Documents\Proyecto-IS-master\Market26\src\main\resources\products.temp' has been recovered (tr. 1-8)

[2026-04-12 19:51:20 #2 store] 
Database 'C:\Users\ikerr\Documents\Proyecto-IS-master\Market26\src\main\resources\products.temp' is opened by 18988@LAPTOP-LTTIHKL6

[2026-04-12 19:51:21 #3 type] 
Type domain.Usuario is not enhanced.

[2026-04-12 19:51:21 #4 type] 
Type domain.Seller is not enhanced.

[2026-04-12 19:51:21 #5 type] 
Type domain.Comentario is not enhanced.

[2026-04-12 19:51:21 #6 type] 
Type domain.Reporte is not enhanced.

[2026-04-12 19:51:21 #7 type] 
Type domain.Sale is not enhanced.

[2026-04-12 19:51:21 #8 type] 
Type domain.Comprador is not enhanced.

[2026-04-12 19:52:51 #9 type.registry] 
New type domain.Contraoferta

[2026-04-12 19:52:51 #10 type] 
Type domain.Contraoferta is not enhanced.

------------------------------------------------------------------------------------------------------------------------

[2026-04-12 19:54:52 #1 store] 
Database 'C:\Users\ikerr\Documents\Proyecto-IS-master\Market26\src\main\resources\products.temp' has been recovered (tr. 9-13)

[2026-04-12 19:54:52 #2 store] 
Database 'C:\Users\ikerr\Documents\Proyecto-IS-master\Market26\src\main\resources\products.temp' is opened by 20272@LAPTOP-LTTIHKL6

[2026-04-12 19:54:52 #3 type] 
Type domain.Usuario is not enhanced.

[2026-04-12 19:54:52 #4 type] 
Type domain.Seller is not enhanced.

[2026-04-12 19:54:52 #5 type] 
Type domain.Comentario is not enhanced.

[2026-04-12 19:54:52 #6 type] 
Type domain.Reporte is not enhanced.

[2026-04-12 19:54:52 #7 type] 
Type domain.Sale is not enhanced.

[2026-04-12 19:54:52 #8 type] 
Type domain.Comprador is not enhanced.

[2026-04-12 19:54:52 #9 type] 
Type domain.Contraoferta is not enhanced.

------------------------------------------------------------------------------------------------------------------------

[2026-04-12 19:58:04 #1 store] 
Database 'C:\Users\ikerr\Documents\Proyecto-IS-master\Market26\src\main\resources\products.temp' has been recovered (tr. 14-17)

[2026-04-12 19:58:04 #2 store] 
Database 'C:\Users\ikerr\Documents\Proyecto-IS-master\Market26\src\main\resources\products.temp' is opened by 4540@LAPTOP-LTTIHKL6

[2026-04-12 19:58:04 #3 type] 
Type domain.Usuario is not enhanced.

[2026-04-12 19:58:04 #4 type] 
Type domain.Seller is not enhanced.

[2026-04-12 19:58:04 #5 type] 
Type domain.Comentario is not enhanced.

[2026-04-12 19:58:04 #6 type] 
Type domain.Reporte is not enhanced.

[2026-04-12 19:58:04 #7 type] 
Type domain.Sale is not enhanced.

[2026-04-12 19:58:04 #8 type] 
Type domain.Comprador is not enhanced.

[2026-04-12 19:58:04 #9 type] 
Type domain.Contraoferta is not enhanced.

------------------------------------------------------------------------------------------------------------------------

[2026-04-12 20:42:52 #1 store] 
Database 'C:\Users\ikerr\Documents\Proyecto-IS-master\Market26\src\main\resources\products.temp' has been recovered (tr. 20-23)

[2026-04-12 20:42:52 #2 store] 
Database 'C:\Users\ikerr\Documents\Proyecto-IS-master\Market26\src\main\resources\products.temp' is opened by 18572@LAPTOP-LTTIHKL6

[2026-04-12 20:42:52 #3 type] 
Type domain.Usuario is not enhanced.

[2026-04-12 20:42:52 #4 type] 
Type domain.Seller is not enhanced.

[2026-04-12 20:42:52 #5 type] 
Type domain.Comentario is not enhanced.

[2026-04-12 20:42:52 #6 type] 
Type domain.Reporte is not enhanced.

[2026-04-12 20:42:52 #7 type] 
Type domain.Sale is not enhanced.

[2026-04-12 20:42:52 #8 type] 
Type domain.Comprador is not enhanced.

[2026-04-12 20:42:52 #9 type] 
Type domain.Contraoferta is not enhanced.

------------------------------------------------------------------------------------------------------------------------

[2026-04-12 20:44:21 #1 store] 
Database 'C:\Users\ikerr\Documents\Proyecto-IS-master\Market26\src\main\resources\products.temp' has been recovered (tr. 24-24)

[2026-04-12 20:44:21 #2 store] 
Database 'C:\Users\ikerr\Documents\Proyecto-IS-master\Market26\src\main\resources\products.temp' is opened by 14400@LAPTOP-LTTIHKL6

[2026-04-12 20:44:21 #3 type] 
Type domain.Usuario is not enhanced.

[2026-04-12 20:44:21 #4 type] 
Type domain.Seller is not enhanced.

[2026-04-12 20:44:21 #5 type] 
Type domain.Comentario is not enhanced.

[2026-04-12 20:44:21 #6 type] 
Type domain.Reporte is not enhanced.

[2026-04-12 20:44:21 #7 type] 
Type domain.Sale is not enhanced.

[2026-04-12 20:44:21 #8 type] 
Type domain.Comprador is not enhanced.

[2026-04-12 20:44:21 #9 type] 
Type domain.Contraoferta is not enhanced.

------------------------------------------------------------------------------------------------------------------------

[2026-04-12 20:53:12 #1 store] 
Database 'C:\Users\ikerr\Documents\Proyecto-IS-master\Market26\src\main\resources\products.temp' has been recovered (tr. 25-29)

[2026-04-12 20:53:12 #2 store] 
Database 'C:\Users\ikerr\Documents\Proyecto-IS-master\Market26\src\main\resources\products.temp' is opened by 19096@LAPTOP-LTTIHKL6

[2026-04-12 20:53:13 #3 type] 
Type domain.Usuario is not enhanced.

[2026-04-12 20:53:13 #4 type] 
Type domain.Seller is not enhanced.

[2026-04-12 20:53:13 #5 type] 
Type domain.Comentario is not enhanced.

[2026-04-12 20:53:13 #6 type] 
Type domain.Reporte is not enhanced.

[2026-04-12 20:53:13 #7 type] 
Type domain.Sale is not enhanced.

[2026-04-12 20:53:13 #8 type] 
Type domain.Comprador is not enhanced.

[2026-04-12 20:53:13 #9 type] 
Type domain.Contraoferta is not enhanced.

------------------------------------------------------------------------------------------------------------------------

[2026-04-12 20:53:28 #1 store] 
Database 'C:\Users\ikerr\Documents\Proyecto-IS-master\Market26\src\main\resources\products.temp' is opened by 17072@LAPTOP-LTTIHKL6

[2026-04-12 20:53:29 #2 type.registry] 
New type domain.Usuario

[2026-04-12 20:53:29 #3 type.registry] 
New type domain.Seller

[2026-04-12 20:53:29 #4 type] 
Type domain.Usuario is not enhanced.

[2026-04-12 20:53:29 #5 type.registry] 
New type domain.Comentario

[2026-04-12 20:53:29 #6 type.registry] 
New type domain.Reporte

[2026-04-12 20:53:29 #7 type] 
Type domain.Seller is not enhanced.

[2026-04-12 20:53:29 #8 type.registry] 
New type domain.Sale

[2026-04-12 20:53:29 #9 type] 
Type domain.Comentario is not enhanced.

[2026-04-12 20:53:29 #10 type.registry] 
New type domain.Comprador

[2026-04-12 20:53:29 #11 type] 
Type domain.Reporte is not enhanced.

[2026-04-12 20:53:29 #12 type] 
Type domain.Sale is not enhanced.

[2026-04-12 20:53:29 #13 type] 
Type domain.Comprador is not enhanced.

[2026-04-12 20:53:29 #14 type.registry] 
New type java.util.ArrayList<java.lang.Object>

[2026-04-12 20:53:29 #15 type.registry] 
New type java.util.ArrayList<domain.Reporte>

[2026-04-12 20:53:29 #16 type.registry] 
New type java.util.ArrayList<domain.Comentario>

[2026-04-12 20:53:29 #17 type.registry] 
New type java.util.ArrayList<domain.Sale>

------------------------------------------------------------------------------------------------------------------------

[2026-04-12 20:53:34 #1 store] 
Database 'C:\Users\ikerr\Documents\Proyecto-IS-master\Market26\src\main\resources\products.temp' has been recovered (tr. 1-8)

[2026-04-12 20:53:34 #2 store] 
Database 'C:\Users\ikerr\Documents\Proyecto-IS-master\Market26\src\main\resources\products.temp' is opened by 20272@LAPTOP-LTTIHKL6

[2026-04-12 20:53:35 #3 type] 
Type domain.Usuario is not enhanced.

[2026-04-12 20:53:35 #4 type] 
Type domain.Seller is not enhanced.

[2026-04-12 20:53:35 #5 type] 
Type domain.Comentario is not enhanced.

[2026-04-12 20:53:35 #6 type] 
Type domain.Reporte is not enhanced.

[2026-04-12 20:53:35 #7 type] 
Type domain.Sale is not enhanced.

[2026-04-12 20:53:35 #8 type] 
Type domain.Comprador is not enhanced.

[2026-04-12 20:54:31 #9 type.registry] 
New type domain.Contraoferta

[2026-04-12 20:54:31 #10 type] 
Type domain.Contraoferta is not enhanced.

------------------------------------------------------------------------------------------------------------------------

[2026-04-12 20:58:01 #1 store] 
Database 'C:\Users\ikerr\Documents\Proyecto-IS-master\Market26\src\main\resources\products.temp' has been recovered (tr. 9-16)

[2026-04-12 20:58:01 #2 store] 
Database 'C:\Users\ikerr\Documents\Proyecto-IS-master\Market26\src\main\resources\products.temp' is opened by 12508@LAPTOP-LTTIHKL6

[2026-04-12 20:58:01 #3 type] 
Type domain.Usuario is not enhanced.

[2026-04-12 20:58:01 #4 type] 
Type domain.Seller is not enhanced.

[2026-04-12 20:58:01 #5 type] 
Type domain.Comentario is not enhanced.

[2026-04-12 20:58:01 #6 type] 
Type domain.Reporte is not enhanced.

[2026-04-12 20:58:01 #7 type] 
Type domain.Sale is not enhanced.

[2026-04-12 20:58:01 #8 type] 
Type domain.Comprador is not enhanced.

[2026-04-12 20:58:01 #9 type] 
Type domain.Contraoferta is not enhanced.

------------------------------------------------------------------------------------------------------------------------

[2026-04-12 20:59:12 #1 store] 
Database 'C:\Users\ikerr\Documents\Proyecto-IS-master\Market26\src\main\resources\products.temp' is opened by 16628@LAPTOP-LTTIHKL6

[2026-04-12 20:59:12 #2 type] 
Type domain.Usuario is not enhanced.

[2026-04-12 20:59:12 #3 type] 
Type domain.Seller is not enhanced.

[2026-04-12 20:59:12 #4 type] 
Type domain.Comentario is not enhanced.

[2026-04-12 20:59:12 #5 type] 
Type domain.Reporte is not enhanced.

[2026-04-12 20:59:12 #6 type] 
Type domain.Sale is not enhanced.

[2026-04-12 20:59:12 #7 type] 
Type domain.Comprador is not enhanced.

[2026-04-12 20:59:12 #8 type] 
Type domain.Contraoferta is not enhanced.

------------------------------------------------------------------------------------------------------------------------

[2026-04-12 21:05:05 #1 store] 
Database 'C:\Users\ikerr\Documents\Proyecto-IS-master\Market26\src\main\resources\products.temp' is opened by 16584@LAPTOP-LTTIHKL6

[2026-04-12 21:05:05 #2 type] 
Type domain.Usuario is not enhanced.

[2026-04-12 21:05:05 #3 type] 
Type domain.Seller is not enhanced.

[2026-04-12 21:05:05 #4 type] 
Type domain.Comentario is not enhanced.

[2026-04-12 21:05:05 #5 type] 
Type domain.Reporte is not enhanced.

[2026-04-12 21:05:05 #6 type] 
Type domain.Sale is not enhanced.

[2026-04-12 21:05:05 #7 type] 
Type domain.Comprador is not enhanced.

[2026-04-12 21:05:05 #8 type] 
Type domain.Contraoferta is not enhanced.

------------------------------------------------------------------------------------------------------------------------

[2026-04-12 21:08:11 #1 store] 
Database 'C:\Users\ikerr\Documents\Proyecto-IS-master\Market26\src\main\resources\products.temp' is opened by 17888@LAPTOP-LTTIHKL6

[2026-04-12 21:08:11 #2 type] 
Type domain.Usuario is not enhanced.

[2026-04-12 21:08:11 #3 type] 
Type domain.Seller is not enhanced.

[2026-04-12 21:08:11 #4 type] 
Type domain.Comentario is not enhanced.

[2026-04-12 21:08:11 #5 type] 
Type domain.Reporte is not enhanced.

[2026-04-12 21:08:11 #6 type] 
Type domain.Sale is not enhanced.

[2026-04-12 21:08:11 #7 type] 
Type domain.Comprador is not enhanced.

[2026-04-12 21:08:11 #8 type] 
Type domain.Contraoferta is not enhanced.

------------------------------------------------------------------------------------------------------------------------

[2026-04-12 21:14:29 #1 store] 
Database 'C:\Users\ikerr\Documents\Proyecto-IS-master\Market26\src\main\resources\products.temp' is opened by 19580@LAPTOP-LTTIHKL6

[2026-04-12 21:14:30 #2 type] 
Type domain.Usuario is not enhanced.

[2026-04-12 21:14:30 #3 type] 
Type domain.Seller is not enhanced.

[2026-04-12 21:14:30 #4 type] 
Type domain.Comentario is not enhanced.

[2026-04-12 21:14:30 #5 type] 
Type domain.Reporte is not enhanced.

[2026-04-12 21:14:30 #6 type] 
Type domain.Sale is not enhanced.

[2026-04-12 21:14:30 #7 type] 
Type domain.Comprador is not enhanced.

[2026-04-12 21:14:30 #8 type] 
Type domain.Contraoferta is not enhanced.

------------------------------------------------------------------------------------------------------------------------

[2026-04-12 21:33:18 #1 store] 
Database 'C:\Users\ikerr\Documents\Proyecto-IS-master\Market26\src\main\resources\products.temp' is opened by 19324@LAPTOP-LTTIHKL6

[2026-04-12 21:33:18 #2 type.registry] 
New type domain.Usuario

[2026-04-12 21:33:18 #3 type.registry] 
New type domain.Seller

[2026-04-12 21:33:18 #4 type] 
Type domain.Usuario is not enhanced.

[2026-04-12 21:33:18 #5 type.registry] 
New type domain.Comentario

[2026-04-12 21:33:18 #6 type.registry] 
New type domain.Reporte

[2026-04-12 21:33:18 #7 type] 
Type domain.Seller is not enhanced.

[2026-04-12 21:33:18 #8 type.registry] 
New type domain.Sale

[2026-04-12 21:33:18 #9 type] 
Type domain.Comentario is not enhanced.

[2026-04-12 21:33:18 #10 type.registry] 
New type domain.Comprador

[2026-04-12 21:33:18 #11 type] 
Type domain.Reporte is not enhanced.

[2026-04-12 21:33:18 #12 type] 
Type domain.Sale is not enhanced.

[2026-04-12 21:33:18 #13 type] 
Type domain.Comprador is not enhanced.

[2026-04-12 21:33:18 #14 type.registry] 
New type java.util.ArrayList<java.lang.Object>

[2026-04-12 21:33:18 #15 type.registry] 
New type java.util.ArrayList<domain.Reporte>

[2026-04-12 21:33:18 #16 type.registry] 
New type java.util.ArrayList<domain.Comentario>

[2026-04-12 21:33:18 #17 type.registry] 
New type java.util.ArrayList<domain.Sale>

------------------------------------------------------------------------------------------------------------------------

[2026-04-12 21:35:51 #1 store] 
Database 'C:\Users\ikerr\Documents\Proyecto-IS-master\Market26\src\main\resources\products.temp' is opened by 244@LAPTOP-LTTIHKL6

[2026-04-12 21:35:51 #2 type.registry] 
New type domain.Usuario

[2026-04-12 21:35:51 #3 type.registry] 
New type domain.Seller

[2026-04-12 21:35:51 #4 type] 
Type domain.Usuario is not enhanced.

[2026-04-12 21:35:51 #5 type.registry] 
New type domain.Comentario

[2026-04-12 21:35:51 #6 type.registry] 
New type domain.Reporte

[2026-04-12 21:35:51 #7 type] 
Type domain.Seller is not enhanced.

[2026-04-12 21:35:51 #8 type.registry] 
New type domain.Sale

[2026-04-12 21:35:51 #9 type] 
Type domain.Comentario is not enhanced.

[2026-04-12 21:35:51 #10 type.registry] 
New type domain.Comprador

[2026-04-12 21:35:51 #11 type] 
Type domain.Reporte is not enhanced.

[2026-04-12 21:35:51 #12 type] 
Type domain.Sale is not enhanced.

[2026-04-12 21:35:51 #13 type] 
Type domain.Comprador is not enhanced.

[2026-04-12 21:35:51 #14 type.registry] 
New type java.util.ArrayList<java.lang.Object>

[2026-04-12 21:35:51 #15 type.registry] 
New type java.util.ArrayList<domain.Reporte>

[2026-04-12 21:35:51 #16 type.registry] 
New type java.util.ArrayList<domain.Comentario>

[2026-04-12 21:35:51 #17 type.registry] 
New type java.util.ArrayList<domain.Sale>

------------------------------------------------------------------------------------------------------------------------

[2026-04-12 21:35:59 #1 store] 
Database 'C:\Users\ikerr\Documents\Proyecto-IS-master\Market26\src\main\resources\products.temp' has been recovered (tr. 1-8)

[2026-04-12 21:35:59 #2 store] 
Database 'C:\Users\ikerr\Documents\Proyecto-IS-master\Market26\src\main\resources\products.temp' is opened by 10488@LAPTOP-LTTIHKL6

[2026-04-12 21:35:59 #3 type] 
Type domain.Usuario is not enhanced.

[2026-04-12 21:35:59 #4 type] 
Type domain.Seller is not enhanced.

[2026-04-12 21:35:59 #5 type] 
Type domain.Comentario is not enhanced.

[2026-04-12 21:35:59 #6 type] 
Type domain.Reporte is not enhanced.

[2026-04-12 21:35:59 #7 type] 
Type domain.Sale is not enhanced.

[2026-04-12 21:35:59 #8 type] 
Type domain.Comprador is not enhanced.

------------------------------------------------------------------------------------------------------------------------

[2026-04-12 23:30:00 #1 store] 
Database 'C:\Users\ikerr\Documents\Proyecto-IS-master\Market26\src\main\resources\products.temp' is opened by 7632@LAPTOP-LTTIHKL6

[2026-04-12 23:30:00 #2 type] 
Type domain.Usuario is not enhanced.

[2026-04-12 23:30:00 #3 type] 
Type domain.Seller is not enhanced.

[2026-04-12 23:30:00 #4 type] 
Type domain.Comentario is not enhanced.

[2026-04-12 23:30:00 #5 type] 
Type domain.Reporte is not enhanced.

[2026-04-12 23:30:00 #6 type] 
Type domain.Sale is not enhanced.

[2026-04-12 23:30:00 #7 type] 
Type domain.Comprador is not enhanced.

------------------------------------------------------------------------------------------------------------------------

[2026-04-12 23:46:51 #1 store] 
Database 'C:\Users\ikerr\Documents\Proyecto-IS-master\Market26\src\main\resources\products.temp' has been recovered (tr. 9-10)

[2026-04-12 23:46:51 #2 store] 
Database 'C:\Users\ikerr\Documents\Proyecto-IS-master\Market26\src\main\resources\products.temp' is opened by 19404@LAPTOP-LTTIHKL6

[2026-04-12 23:46:51 #3 type] 
Type domain.Usuario is not enhanced.

[2026-04-12 23:46:51 #4 type] 
Type domain.Seller is not enhanced.

[2026-04-12 23:46:51 #5 type] 
Type domain.Comentario is not enhanced.

[2026-04-12 23:46:51 #6 type] 
Type domain.Reporte is not enhanced.

[2026-04-12 23:46:51 #7 type] 
Type domain.Sale is not enhanced.

[2026-04-12 23:46:51 #8 type] 
Type domain.Comprador is not enhanced.

[2026-04-12 23:47:00 #9 type.registry] 
New type domain.Contraoferta

[2026-04-12 23:47:00 #10 type] 
Type domain.Contraoferta is not enhanced.

